Component: ARM Compiler 5.06 update 6 (build 750) Tool: armlink [4d35ed]

==============================================================================

Small function inlining results

Inlined total of 0 calls.

==============================================================================

Section Cross References

    startup_m480.o(RESET) refers to startup_m480.o(STACK) for __initial_sp
    startup_m480.o(RESET) refers to startup_m480.o(.text) for Reset_Handler
    startup_m480.o(RESET) refers to asix_retarget.o(.emb_text) for HardFault_Handler
    startup_m480.o(RESET) refers to main.o(i.SysTick_Handler) for SysTick_Handler
    startup_m480.o(RESET) refers to ax58200_hw.o(i.GPC_IRQHandler) for GPC_IRQHandler
    startup_m480.o(RESET) refers to ax58200_hw.o(i.GPE_IRQHandler) for GPE_IRQHandler
    startup_m480.o(RESET) refers to mc_it.o(i.EPWM1P0_IRQHandler) for EPWM1P0_IRQHandler
    startup_m480.o(RESET) refers to mc_it.o(i.TMR1_IRQHandler) for TMR1_IRQHandler
    startup_m480.o(RESET) refers to ax58200_hw.o(i.TMR3_IRQHandler) for TMR3_IRQHandler
    startup_m480.o(RESET) refers to ax_uart.o(i.UART0_IRQHandler) for UART0_IRQHandler
    startup_m480.o(RESET) refers to mchal_husb.o(i.USBD20_IRQHandler) for USBD20_IRQHandler
    startup_m480.o(.text) refers to system_m480.o(i.SystemInit) for SystemInit
    startup_m480.o(.text) refers to entry.o(.ARM.Collect$$$$00000000) for __main
    system_m480.o(i.SystemCoreClockUpdate) refers to clk.o(i.CLK_GetPLLClockFreq) for CLK_GetPLLClockFreq
    system_m480.o(i.SystemCoreClockUpdate) refers to system_m480.o(.data) for PllClock
    main.o(i.SysInit) refers to clk.o(i.CLK_EnableXtalRC) for CLK_EnableXtalRC
    main.o(i.SysInit) refers to clk.o(i.CLK_WaitClockReady) for CLK_WaitClockReady
    main.o(i.SysInit) refers to clk.o(i.CLK_SetHCLK) for CLK_SetHCLK
    main.o(i.SysInit) refers to clk.o(i.CLK_SetCoreClock) for CLK_SetCoreClock
    main.o(i.SysInit) refers to clk.o(i.CLK_EnableModuleClock) for CLK_EnableModuleClock
    main.o(i.SysInit) refers to clk.o(i.CLK_GetHXTFreq) for CLK_GetHXTFreq
    main.o(i.SysInit) refers to clk.o(i.CLK_EnableSysTick) for CLK_EnableSysTick
    main.o(i.SysInit) refers to system_m480.o(i.SystemCoreClockUpdate) for SystemCoreClockUpdate
    main.o(i.SysInit) refers to clk.o(i.CLK_SetModuleClock) for CLK_SetModuleClock
    main.o(i.SysInit) refers to uart.o(i.UART_Open) for UART_Open
    main.o(i.SysTick_Handler) refers to mc.o(i.MC_TickRun) for MC_TickRun
    main.o(i.SysTick_Handler) refers to console.o(i.CONSOLE_TimeTick) for CONSOLE_TimeTick
    main.o(i.SysTick_Handler) refers to test.o(i.TEST_Timer) for TEST_Timer
    main.o(i.main) refers to main.o(i.SysInit) for SysInit
    main.o(i.main) refers to console.o(i.CONSOLE_Init) for CONSOLE_Init
    main.o(i.main) refers to test.o(i.TEST_Init) for TEST_Init
    main.o(i.main) refers to printfa.o(i.__0printf) for __2printf
    main.o(i.main) refers to mc.o(i.MC_Init) for MC_Init
    main.o(i.main) refers to ax58200_hw.o(i.HW_Init) for HW_Init
    main.o(i.main) refers to ax58200_hw.o(i.HW_Release) for HW_Release
    main.o(i.main) refers to ecatappl.o(i.MainInit) for MainInit
    main.o(i.main) refers to ax58200_motorcontrol.o(i.CiA402_Init) for CiA402_Init
    main.o(i.main) refers to ax58200_foeappl.o(i.AX58200_FoeInit) for AX58200_FoeInit
    main.o(i.main) refers to mchal_husb.o(i.MH_VCP_Run) for MH_VCP_Run
    main.o(i.main) refers to bootmode.o(i.BL_JumpToLdrom) for BL_JumpToLdrom
    main.o(i.main) refers to console.o(i.CONSOLE_Task) for CONSOLE_Task
    main.o(i.main) refers to servo_commu.o(.bss) for mapMemory
    asix_retarget.o(.emb_text) refers to asix_retarget.o(i.Hard_Fault_Handler) for Hard_Fault_Handler
    asix_retarget.o(i.Hard_Fault_Handler) refers to printfa.o(i.__0printf) for __2printf
    asix_retarget.o(i.Hard_Fault_Handler) refers to asix_retarget.o(i.stackDump) for stackDump
    asix_retarget.o(i.SendChar) refers to asix_retarget.o(i.SendChar_ToUART) for SendChar_ToUART
    asix_retarget.o(i._ttywrch) refers to asix_retarget.o(i.SendChar) for SendChar
    asix_retarget.o(i.fgetc) refers to asix_retarget.o(i.GetChar) for GetChar
    asix_retarget.o(i.fputc) refers to asix_retarget.o(i.SendChar) for SendChar
    asix_retarget.o(i.stackDump) refers to printfa.o(i.__0printf) for __2printf
    bpwm.o(i.BPWM_ConfigCaptureChannel) refers to clk.o(i.CLK_GetPLLClockFreq) for CLK_GetPLLClockFreq
    bpwm.o(i.BPWM_ConfigCaptureChannel) refers to system_m480.o(i.SystemCoreClockUpdate) for SystemCoreClockUpdate
    bpwm.o(i.BPWM_ConfigCaptureChannel) refers to clk.o(i.CLK_GetPCLK0Freq) for CLK_GetPCLK0Freq
    bpwm.o(i.BPWM_ConfigCaptureChannel) refers to clk.o(i.CLK_GetPCLK1Freq) for CLK_GetPCLK1Freq
    bpwm.o(i.BPWM_ConfigOutputChannel) refers to clk.o(i.CLK_GetPLLClockFreq) for CLK_GetPLLClockFreq
[...]
    RxPdoMappingCsp0x1601                    0x200000f4   Data          16  ax58200_motorcontrol.o(.data)
    RxPdoMappingCsv0x1602                    0x20000104   Data          16  ax58200_motorcontrol.o(.data)
    TxPdoMappingCspCsv0x1A00                 0x20000114   Data          24  ax58200_motorcontrol.o(.data)
    TxPdoMappingCsp0x1A01                    0x2000012c   Data          16  ax58200_motorcontrol.o(.data)
    TxPdoMappingCsv0x1A02                    0x2000013c   Data          16  ax58200_motorcontrol.o(.data)
    sRxPDOassign                             0x2000014c   Data           4  ax58200_motorcontrol.o(.data)
    sTxPDOassign                             0x20000150   Data           4  ax58200_motorcontrol.o(.data)
    ErrorCode0x603F                          0x20000154   Data           2  ax58200_motorcontrol.o(.data)
    Controlword0x6040                        0x20000156   Data           2  ax58200_motorcontrol.o(.data)
    Statusword0x6041                         0x20000158   Data           2  ax58200_motorcontrol.o(.data)
    VlRampFunctionTime0x604F                 0x2000015c   Data           4  ax58200_motorcontrol.o(.data)
    QuickStopOptionCode0x605A                0x20000160   Data           2  ax58200_motorcontrol.o(.data)
    ShutdownOptionCode0x605B                 0x20000162   Data           2  ax58200_motorcontrol.o(.data)
    DisableOperationOptionCode0x605C         0x20000164   Data           2  ax58200_motorcontrol.o(.data)
    FaultReactionOptionCode0x605E            0x20000166   Data           2  ax58200_motorcontrol.o(.data)
    ModesOfOperation0x6060                   0x20000168   Data           1  ax58200_motorcontrol.o(.data)
    ModesOfOperationDisplay0x6061            0x20000169   Data           1  ax58200_motorcontrol.o(.data)
    PositionActualValue0x6064                0x2000016c   Data           4  ax58200_motorcontrol.o(.data)
    VelocityActualValue0x606C                0x20000170   Data           4  ax58200_motorcontrol.o(.data)
    TorqueActualValue0x6077                  0x20000174   Data           4  ax58200_motorcontrol.o(.data)
    TargetPosition0x607A                     0x20000178   Data           4  ax58200_motorcontrol.o(.data)
    HomeOffset0x607C                         0x2000017c   Data           4  ax58200_motorcontrol.o(.data)
    SoftwarePositionLimit0x607D              0x20000180   Data          12  ax58200_motorcontrol.o(.data)
    QuickStopDeceleration0x6085              0x2000018c   Data           4  ax58200_motorcontrol.o(.data)
    HomingMethod0x6098                       0x20000190   Data           1  ax58200_motorcontrol.o(.data)
    HomingSpeed0x6099                        0x20000194   Data          12  ax58200_motorcontrol.o(.data)
    HomingAcceleration0x609A                 0x200001a0   Data           4  ax58200_motorcontrol.o(.data)
    InterpolationTimePeriod0x60C2            0x200001a4   Data           4  ax58200_motorcontrol.o(.data)
    SupportedHomingMode0x60E3                0x200001a8   Data           4  ax58200_motorcontrol.o(.data)
    DigitalInputs0x60FD                      0x200001ac   Data           4  ax58200_motorcontrol.o(.data)
    TargetVelocity0x60FF                     0x200001b0   Data           4  ax58200_motorcontrol.o(.data)
    SupportedDriveModes0x6502                0x200001b4   Data           4  ax58200_motorcontrol.o(.data)
    ModularDeviceProfile0xF000               0x200001b8   Data           6  ax58200_motorcontrol.o(.data)
    ModuleProfileList0xF010                  0x200001c0   Data           8  ax58200_motorcontrol.o(.data)
    EscALEvent                               0x200001cc   Data           2  ax58200_hw.o(.data)
    timerForJumpToLdrom                      0x200001d4   Data           2  bootmode.o(.data)
    firmwareAddr                             0x200001d8   Data           4  bootmode.o(.data)
    parameterAddr_A                          0x200001dc   Data           4  bootmode.o(.data)
    parameterAddr_B                          0x200001e0   Data           4  bootmode.o(.data)
    u64Timestamp                             0x200001f0   Data           8  coeappl.o(.data)
    u32LastDc32Value                         0x200001f8   Data           4  coeappl.o(.data)
    u32CheckForDcOverrunCnt                  0x200001fc   Data           4  coeappl.o(.data)
    ApplicationObjDic                        0x20000200   Data        1440  coeappl.o(.data)
    u32Devicetype                            0x200007a0   Data           4  coeappl.o(.data)
    u16ErrorRegister                         0x200007a4   Data           2  coeappl.o(.data)
    acDevicename                             0x200007a6   Data          21  coeappl.o(.data)
    acHardwareversion                        0x200007bb   Data           6  coeappl.o(.data)
    acSoftwareversion                        0x200007c1   Data           6  coeappl.o(.data)
    sIdentity                                0x200007c8   Data          20  coeappl.o(.data)
    sSyncmanagertype                         0x200007dc   Data           6  coeappl.o(.data)
    ObjDicList                               0x200007e4   Data           4  coeappl.o(.data)
    GenObjDic                                0x200007e8   Data         480  coeappl.o(.data)
    bEcatWaitForInputUpdate                  0x200009cc   Data           1  ecatappl.o(.data)
    bEtherCATRunLed                          0x200009cd   Data           1  ecatappl.o(.data)
    bEtherCATErrorLed                        0x200009ce   Data           1  ecatappl.o(.data)
    bRunApplication                          0x200009cf   Data           1  ecatappl.o(.data)
    pAPPL_FoeRead                            0x200009d0   Data           4  ecatappl.o(.data)
    pAPPL_FoeReadData                        0x200009d4   Data           4  ecatappl.o(.data)
    pAPPL_FoeError                           0x200009d8   Data           4  ecatappl.o(.data)
    pAPPL_FoeWrite                           0x200009dc   Data           4  ecatappl.o(.data)
    pAPPL_FoeWriteData                       0x200009e0   Data           4  ecatappl.o(.data)
    pAPPL_MainLoop                           0x200009e4   Data           4  ecatappl.o(.data)
    u32CycleTimeStartValue                   0x200009e8   Data           4  ecatappl.o(.data)
    u32MinCycleTimeStartValue                0x200009ec   Data           4  ecatappl.o(.data)
    u32SystemTimeReadFailure                 0x200009f0   Data           4  ecatappl.o(.data)
    bMinCycleTimeMeasurementStarted          0x200009f4   Data           1  ecatappl.o(.data)
    u32MinCycleTimeValue                     0x200009f8   Data           4  ecatappl.o(.data)
    bInitFinished                            0x200009fc   Data           1  ecatappl.o(.data)
    pCoeSendStored                           0x20000a00   Data           4  ecatcoe.o(.data)
    u32PacketNo                              0x20000a08   Data           4  ecatfoe.o(.data)
    u32FileOffset                            0x20000a0c   Data           4  ecatfoe.o(.data)
    u32LastFileOffset                        0x20000a10   Data           4  ecatfoe.o(.data)
    u16FileAccessState                       0x20000a14   Data           2  ecatfoe.o(.data)
    pFoeSendStored                           0x20000a18   Data           4  ecatfoe.o(.data)
    u16FoeMaxSendBlockSize                   0x20000a1c   Data           2  ecatfoe.o(.data)
    bBootMode                                0x20000a24   Data           1  ecatslv.o(.data)
    bEcatOutputUpdateRunning                 0x20000a25   Data           1  ecatslv.o(.data)
    bEcatInputUpdateRunning                  0x20000a26   Data           1  ecatslv.o(.data)
    bEcatFirstOutputsReceived                0x20000a27   Data           1  ecatslv.o(.data)
    bWdTrigger                               0x20000a28   Data           1  ecatslv.o(.data)
    bDcSyncActive                            0x20000a29   Data           1  ecatslv.o(.data)
    EsmTimeoutCounter                        0x20000a2a   Data           2  ecatslv.o(.data)
    bDcRunning                               0x20000a2c   Data           1  ecatslv.o(.data)
    u16SmSync0Counter                        0x20000a2e   Data           2  ecatslv.o(.data)
    u16SmSync0Value                          0x20000a30   Data           2  ecatslv.o(.data)
    bSmSyncSequenceValid                     0x20000a32   Data           1  ecatslv.o(.data)
    i16WaitForPllRunningTimeout              0x20000a34   Data           2  ecatslv.o(.data)
    i16WaitForPllRunningCnt                  0x20000a36   Data           2  ecatslv.o(.data)
    Sync0WdCounter                           0x20000a38   Data           2  ecatslv.o(.data)
    Sync0WdValue                             0x20000a3a   Data           2  ecatslv.o(.data)
    Sync1WdCounter                           0x20000a3c   Data           2  ecatslv.o(.data)
    Sync1WdValue                             0x20000a3e   Data           2  ecatslv.o(.data)
    LatchInputSync0Value                     0x20000a40   Data           2  ecatslv.o(.data)
    LatchInputSync0Counter                   0x20000a42   Data           2  ecatslv.o(.data)
    b32BitDc                                 0x20000a44   Data           1  ecatslv.o(.data)
    bEscIntEnabled                           0x20000a45   Data           1  ecatslv.o(.data)
    b3BufferMode                             0x20000a46   Data           1  ecatslv.o(.data)
    bLocalErrorFlag                          0x20000a47   Data           1  ecatslv.o(.data)
    u16LocalErrorCode                        0x20000a48   Data           2  ecatslv.o(.data)
    bApplEsmPending                          0x20000a4a   Data           1  ecatslv.o(.data)
    bEcatWaitForAlControlRes                 0x20000a4b   Data           1  ecatslv.o(.data)
    nEcatStateTrans                          0x20000a4c   Data           2  ecatslv.o(.data)
    nPdInputSize                             0x20000a4e   Data           2  ecatslv.o(.data)
    nPdOutputSize                            0x20000a50   Data           2  ecatslv.o(.data)
    nMaxSyncMan                              0x20000a52   Data           1  ecatslv.o(.data)
    nMaxEscAddress                           0x20000a54   Data           2  ecatslv.o(.data)
    nAlStatus                                0x20000a56   Data           1  ecatslv.o(.data)
    EcatWdValue                              0x20000a58   Data           2  ecatslv.o(.data)
    nEscAddrOutputData                       0x20000a5a   Data           2  ecatslv.o(.data)
    nEscAddrInputData                        0x20000a5c   Data           2  ecatslv.o(.data)
    u16ALEventMask                           0x20000a5e   Data           2  ecatslv.o(.data)
    u8dummy                                  0x20000a60   Data           1  ecatslv.o(.data)
    SMActivate                               0x20000a61   Data           1  ecatslv.o(.data)
    SyncManInfo                              0x20000a62   Data           8  ecatslv.o(.data)
    EepromLoaded                             0x20000a6a   Data           1  ecatslv.o(.data)
    bReceiveMbxIsLocked                      0x20000a70   Data           1  mailbox.o(.data)
    bSendMbxIsFull                           0x20000a71   Data           1  mailbox.o(.data)
    bMbxRunning                              0x20000a72   Data           1  mailbox.o(.data)
    bMbxRepeatToggle                         0x20000a73   Data           1  mailbox.o(.data)
    u16SendMbxSize                           0x20000a74   Data           2  mailbox.o(.data)
    u16ReceiveMbxSize                        0x20000a76   Data           2  mailbox.o(.data)
    u16EscAddrReceiveMbx                     0x20000a78   Data           2  mailbox.o(.data)
    u16EscAddrSendMbx                        0x20000a7a   Data           2  mailbox.o(.data)
    u8MbxWriteCounter                        0x20000a7c   Data           1  mailbox.o(.data)
    u8MbxReadCounter                         0x20000a7d   Data           1  mailbox.o(.data)
    u8MailboxSendReqStored                   0x20000a7e   Data           1  mailbox.o(.data)
    psWriteMbx                               0x20000a80   Data           4  mailbox.o(.data)
    psReadMbx                                0x20000a84   Data           4  mailbox.o(.data)
    psRepeatMbx                              0x20000a88   Data           4  mailbox.o(.data)
    psStoreMbx                               0x20000a8c   Data           4  mailbox.o(.data)
    bNoMbxMemoryAvailable                    0x20000a90   Data           1  mailbox.o(.data)
    bSyncSetByUser                           0x20000a98   Data           1  objdef.o(.data)
    sCycleDiag                               0x20000a9a   Data           2  objdef.o(.data)
    sErrorSettings                           0x20000a9c   Data          12  objdef.o(.data)
    aSubindexDesc                            0x20000aa8   Data          13  objdef.o(.data)
    u8PendingSdo                             0x20000abc   Data           1  sdoserv.o(.data)
    bStoreCompleteAccess                     0x20000abd   Data           1  sdoserv.o(.data)
    u8StoreSubindex                          0x20000abe   Data           1  sdoserv.o(.data)
    u16StoreIndex                            0x20000ac0   Data           2  sdoserv.o(.data)
    u32StoreDataSize                         0x20000ac4   Data           4  sdoserv.o(.data)
    pStoreData                               0x20000ac8   Data           4  sdoserv.o(.data)
    pSdoPendFunc                             0x20000acc   Data           4  sdoserv.o(.data)
    pSdoSegData                              0x20000ad0   Data           4  sdoserv.o(.data)
    nSdoInfoFragmentsLeft                    0x20000ad4   Data           2  sdoserv.o(.data)
    nSdoInfoIndex                            0x20000ad6   Data           2  sdoserv.o(.data)
    pSdoInfoObjEntry                         0x20000ad8   Data           4  sdoserv.o(.data)
    pSdoResStored                            0x20000adc   Data           4  sdoserv.o(.data)
    bSdoInWork                               0x20000ae0   Data           1  sdoserv.o(.data)
    nSdoSegService                           0x20000ae1   Data           1  sdoserv.o(.data)
    bSdoSegFollows                           0x20000ae2   Data           1  sdoserv.o(.data)
    bSdoSegAccess                            0x20000ae3   Data           1  sdoserv.o(.data)
    nSdoSegIndex                             0x20000ae4   Data           2  sdoserv.o(.data)
    nSdoSegSubindex                          0x20000ae6   Data           1  sdoserv.o(.data)
    nSdoSegBytesToHandle                     0x20000ae8   Data           4  sdoserv.o(.data)
    bSdoSegLastToggle                        0x20000aec   Data           1  sdoserv.o(.data)
    nSdoSegCompleteSize                      0x20000af0   Data           4  sdoserv.o(.data)
    pSdoSegObjEntry                          0x20000af4   Data           4  sdoserv.o(.data)
    BusVoltageParamsM1                       0x20000afc   Data         100  mc.o(.data)
    TemperatureParamsM1                      0x20000b60   Data         104  mc.o(.data)
    CurrentParamsM1                          0x20000bc8   Data         104  mc.o(.data)
    IncremEncParamsM1                        0x20000c30   Data          36  mc.o(.data)
    PwmParamsM1                              0x20000c54   Data          60  mc.o(.data)
    SwProtParamsM1                           0x20000c90   Data          36  mc.o(.data)
    PosParamsM1                              0x20000cb4   Data          52  mc.o(.data)
    SpdParamsM1                              0x20000ce8   Data          52  mc.o(.data)
    AmpParamsM1                              0x20000d1c   Data          52  mc.o(.data)
    ampIdCmd                                 0x20000d50   Data           4  mc.o(.data)
    AmpParamsM2                              0x20000d54   Data          52  mc.o(.data)
    lineCoding                               0x2000149c   Data           8  mchal_husb.o(.data)
    sHSInfo                                  0x20001684   Data          44  mchal_vcp_desc.o(.data)
    CLICMD_userCmdTable                      0x200016b4   Data         828  clicmd.o(.data)
    __microlib_freelist                      0x20001a08   Data           4  mvars.o(.data)
    __microlib_freelist_initialised          0x20001a0c   Data           4  mvars.o(.data)
    aFileName                                0x20001a1c   Data          16  ax58200_foeappl.o(.bss)
    aFileData                                0x20001a2c   Data         384  ax58200_foeappl.o(.bss)
    CiA402Axis                               0x20001bb0   Data         192  ax58200_motorcontrol.o(.bss)
    HW_Debug                                 0x20001c70   Data          32  ax58200_hw.o(.bss)
    HW_SpiObj                                0x20001c90   Data        1056  ax58200_hw.o(.bss)
    firmwareObj                              0x200020b0   Data          24  bootmode.o(.bss)
    firmwareHeader                           0x200020c8   Data          32  bootmode.o(.bss)
    aPdOutputData                            0x200020e8   Data          68  ecatappl.o(.bss)
    aPdInputData                             0x2000212c   Data          68  ecatappl.o(.bss)
    sMbxSendQueue                            0x20002170   Data          52  mailbox.o(.bss)
    sMbxReceiveQueue                         0x200021a4   Data          52  mailbox.o(.bss)
    sSyncManOutPar                           0x200021d8   Data          68  objdef.o(.bss)
    sSyncManInPar                            0x2000221c   Data          68  objdef.o(.bss)
    aSdoInfoHeader                           0x20002260   Data          16  sdoserv.o(.bss)
    MotorCtrl                                0x20002270   Data          76  mc.o(.bss)
    dasMemory                                0x200022bc   Data       32768  das.o(.bss)
    mapMemory                                0x2000a470   Data        6400  servo_commu.o(.bss)
    Husb                                     0x2000c590   Data       20504  mchal_husb.o(.bss)
    UART_Obj                                 0x200115c0   Data        1564  ax_uart.o(.bss)
    CLICMD_userTable                         0x20012964   Data          33  clicmd.o(.bss)
    TestTime                                 0x20014460   Data          48  test.o(.bss)
    __heap_base                              0x20014490   Data           0  startup_m480.o(HEAP)
    __heap_limit                             0x20016490   Data           0  startup_m480.o(HEAP)
    __initial_sp                             0x20016c90   Data           0  startup_m480.o(STACK)



==============================================================================

Memory Map of the image

  Image Entry point : 0x00000225

  Load Region LR_1 (Base: 0x00000000, Size: 0x0001f558, Max: 0xffffffff, ABSOLUTE)

    Execution Region ER_RO (Exec base: 0x00000000, Load base: 0x00000000, Size: 0x0001db48, Max: 0xffffffff, ABSOLUTE)

    Exec Addr    Load Addr    Size         Type   Attr      Idx    E Section Name        Object

    0x00000000   0x00000000   0x000001f4   Data   RO            3    RESET               startup_m480.o
    0x000001f4   0x000001f4   0x00000000   Code   RO         8985  * .ARM.Collect$$$$00000000  mc_w.l(entry.o)
    0x000001f4   0x000001f4   0x00000004   Code   RO         9296    .ARM.Collect$$$$00000001  mc_w.l(entry2.o)
    0x000001f8   0x000001f8   0x00000004   Code   RO         9299    .ARM.Collect$$$$00000004  mc_w.l(entry5.o)
    0x000001fc   0x000001fc   0x00000000   Code   RO         9301    .ARM.Collect$$$$00000008  mc_w.l(entry7b.o)
    0x000001fc   0x000001fc   0x00000000   Code   RO         9303    .ARM.Collect$$$$0000000A  mc_w.l(entry8b.o)
    0x000001fc   0x000001fc   0x00000008   Code   RO         9304    .ARM.Collect$$$$0000000B  mc_w.l(entry9a.o)
    0x00000204   0x00000204   0x00000000   Code   RO         9306    .ARM.Collect$$$$0000000D  mc_w.l(entry10a.o)
    0x00000204   0x00000204   0x00000000   Code   RO         9308    .ARM.Collect$$$$0000000F  mc_w.l(entry11a.o)
    0x00000204   0x00000204   0x00000004   Code   RO         9297    .ARM.Collect$$$$00002712  mc_w.l(entry2.o)
    0x00000208   0x00000208   0x0000001c   Code   RO          555    .emb_text           asix_retarget.o
    0x00000224   0x00000224   0x00000068   Code   RO            4  * .text               startup_m480.o
    0x0000028c   0x0000028c   0x00000062   Code   RO         8986    .text               mc_w.l(uldiv.o)
    0x000002ee   0x000002ee   0x00000002   PAD
    0x000002f0   0x000002f0   0x00000024   Code   RO         8988    .text               mc_w.l(rand.o)
    0x00000314   0x00000314   0x00000024   Code   RO         8991    .text               mc_w.l(memcpya.o)
    0x00000338   0x00000338   0x00000024   Code   RO         8993    .text               mc_w.l(memseta.o)
    0x0000035c   0x0000035c   0x0000000e   Code   RO         8995    .text               mc_w.l(strlen.o)
    0x0000036a   0x0000036a   0x0000001c   Code   RO         8997    .text               mc_w.l(strcmp.o)
    0x00000386   0x00000386   0x0000001a   Code   RO         8999    .text               mc_w.l(memcmp.o)
    0x000003a0   0x000003a0   0x00000012   Code   RO         9001    .text               mc_w.l(strcpy.o)
    0x000003b2   0x000003b2   0x0000001e   Code   RO         9003    .text               mc_w.l(strncmp.o)
    0x000003d0   0x000003d0   0x0000002c   Code   RO         9310    .text               mc_w.l(uidiv.o)
    0x000003fc   0x000003fc   0x0000001e   Code   RO         9312    .text               mc_w.l(llshl.o)
    0x0000041a   0x0000041a   0x00000020   Code   RO         9314    .text               mc_w.l(llushr.o)
    0x0000043a   0x0000043a   0x00000000   Code   RO         9318    .text               mc_w.l(iusefp.o)
    0x0000043a   0x0000043a   0x0000014e   Code   RO         9319    .text               mf_w.l(dadd.o)
    0x00000588   0x00000588   0x000000e4   Code   RO         9321    .text               mf_w.l(dmul.o)
    0x0000066c   0x0000066c   0x000000de   Code   RO         9323    .text               mf_w.l(ddiv.o)
    0x0000074a   0x0000074a   0x00000030   Code   RO         9325    .text               mf_w.l(dfixul.o)
    0x0000077a   0x0000077a   0x00000002   PAD
    0x0000077c   0x0000077c   0x00000030   Code   RO         9327    .text               mf_w.l(cdrcmple.o)
    0x000007ac   0x000007ac   0x00000024   Code   RO         9329    .text               mc_w.l(init.o)
    0x000007d0   0x000007d0   0x00000024   Code   RO         9331    .text               mc_w.l(llsshr.o)
    0x000007f4   0x000007f4   0x000000ba   Code   RO         9333    .text               mf_w.l(depilogue.o)
    0x000008ae   0x000008ae   0x00000002   PAD
    0x000008b0   0x000008b0   0x000004fc   Code   RO         6291    i.AL_ControlInd     ecatslv.o
    0x00000dac   0x00000dac   0x00000208   Code   RO         6292    i.AL_ControlRes     ecatslv.o
    0x00000fb4   0x00000fb4   0x00000002   Code   RO         5482    i.APPL_AckErrorInd  ax58200_motorcontrol.o
    0x00000fb6   0x00000fb6   0x00000002   PAD
    0x00000fb8   0x00000fb8   0x00000024   Code   RO         5483    i.APPL_Application  ax58200_motorcontrol.o
    0x00000fdc   0x00000fdc   0x000001e8   Code   RO         5484    i.APPL_GenerateMapping  ax58200_motorcontrol.o
    0x000011c4   0x000011c4   0x000000b0   Code   RO         5485    i.APPL_InputMapping  ax58200_motorcontrol.o
    0x00001274   0x00001274   0x000000b0   Code   RO         5486    i.APPL_OutputMapping  ax58200_motorcontrol.o
    0x00001324   0x00001324   0x00000044   Code   RO         5487    i.APPL_StartInputHandler  ax58200_motorcontrol.o
    0x00001368   0x00001368   0x00000004   Code   RO         5488    i.APPL_StartMailboxHandler  ax58200_motorcontrol.o
    0x0000136c   0x0000136c   0x00000070   Code   RO         5489    i.APPL_StartOutputHandler  ax58200_motorcontrol.o
    0x000013dc   0x000013dc   0x00000004   Code   RO         5490    i.APPL_StopInputHandler  ax58200_motorcontrol.o
    0x000013e0   0x000013e0   0x00000004   Code   RO         5491    i.APPL_StopMailboxHandler  ax58200_motorcontrol.o
    0x000013e4   0x000013e4   0x00000068   Code   RO         5492    i.APPL_StopOutputHandler  ax58200_motorcontrol.o
    0x0000144c   0x0000144c   0x0000002c   Code   RO         5383    i.AX58200_FoeError  ax58200_foeappl.o
    0x00001478   0x00001478   0x00000048   Code   RO         5384    i.AX58200_FoeInit   ax58200_foeappl.o
    0x000014c0   0x000014c0   0x00000090   Code   RO         5385    i.AX58200_FoeRead   ax58200_foeappl.o
    0x00001550   0x00001550   0x00000064   Code   RO         5386    i.AX58200_FoeReadData  ax58200_foeappl.o
    0x000015b4   0x000015b4   0x00000098   Code   RO         5387    i.AX58200_FoeWrite  ax58200_foeappl.o
    0x0000164c   0x0000164c   0x00000084   Code   RO         5388    i.AX58200_FoeWriteData  ax58200_foeappl.o
    0x000016d0   0x000016d0   0x00000070   Code   RO         8126    i.AX_UART_GetChar   ax_uart.o
    0x00001740   0x00001740   0x00000110   Code   RO         8127    i.AX_UART_Init      ax_uart.o
    0x00001850   0x00001850   0x0000006c   Code   RO         8128    i.AX_UART_PutChar   ax_uart.o
    0x000018bc   0x000018bc   0x00000028   Code   RO         5981    i.AddObjectsToObjDictionary  coeappl.o
    0x000018e4   0x000018e4   0x000006b8   Code   RO         5884    i.BL_Data           bootmode.o
    0x00001f9c   0x00001f9c   0x000000b4   Code   RO         5886    i.BL_JumpToLdrom    bootmode.o
    0x00002050   0x00002050   0x00000018   Code   RO         5887    i.BL_Start          bootmode.o
    0x00002068   0x00002068   0x00000060   Code   RO         5888    i.BL_StartDownload  bootmode.o
    0x000020c8   0x000020c8   0x0000000c   Code   RO         5889    i.BL_Stop           bootmode.o
    0x000020d4   0x000020d4   0x00000016   Code   RO         8906    i.BSP_PDI_EscRead   test.o
    0x000020ea   0x000020ea   0x00000016   Code   RO         8907    i.BSP_PDI_EscWrite  test.o
    0x00002100   0x00002100   0x0000000c   Code   RO         6293    i.BackToInitTransition  ecatslv.o
    0x0000210c   0x0000210c   0x00000006   Code   RO         5168    i.CIA402CSP_DeInit  cia402csp.o
    0x00002112   0x00002112   0x00000010   Code   RO         5169    i.CIA402CSP_Init    cia402csp.o
    0x00002122   0x00002122   0x00000018   Code   RO         5170    i.CIA402CSP_Run     cia402csp.o
    0x0000213a   0x0000213a   0x00000006   Code   RO         5299    i.CIA402HM_DeInit   cia402hm.o
    0x00002140   0x00002140   0x00000010   Code   RO         5300    i.CIA402HM_Init     cia402hm.o
    0x00002150   0x00002150   0x000002a0   Code   RO         5301    i.CIA402HM_Run      cia402hm.o
    0x000023f0   0x000023f0   0x00000006   Code   RO         5341    i.CIA402PP_DeInit   cia402pp.o
    0x000023f6   0x000023f6   0x00000010   Code   RO         5342    i.CIA402PP_Init     cia402pp.o
    0x00002406   0x00002406   0x0000001a   Code   RO         5343    i.CIA402PP_Run      cia402pp.o
    0x00002420   0x00002420   0x0000000c   Code   RO         5052    i.CIA402_CheckEmulationEnable  cia402.o
    0x0000242c   0x0000242c   0x00000018   Code   RO         5054    i.CIA402_EmulationControl  cia402.o
    0x00002444   0x00002444   0x00000008   Code   RO         8186    i.CLICMD_GetCmdTable  clicmd.o
    0x0000244c   0x0000244c   0x00000004   Code   RO         8187    i.CLICMD_GetCmdTableSize  clicmd.o
    0x00002450   0x00002450   0x00000028   Code   RO         1172    i.CLK_DisableModuleClock  clk.o
    0x00002478   0x00002478   0x00000018   Code   RO         1173    i.CLK_DisablePLL    clk.o
    0x00002490   0x00002490   0x00000028   Code   RO         1178    i.CLK_EnableModuleClock  clk.o
    0x000024b8   0x000024b8   0x00000194   Code   RO         1179    i.CLK_EnablePLL     clk.o
    0x0000264c   0x0000264c   0x00000048   Code   RO         1181    i.CLK_EnableSysTick  clk.o
    0x00002694   0x00002694   0x00000014   Code   RO         1182    i.CLK_EnableXtalRC  clk.o
    0x000026a8   0x000026a8   0x00000010   Code   RO         1183    i.CLK_GetCPUFreq    clk.o
    0x000026b8   0x000026b8   0x00000010   Code   RO         1184    i.CLK_GetHCLKFreq   clk.o
    0x000026c8   0x000026c8   0x0000001c   Code   RO         1185    i.CLK_GetHXTFreq    clk.o
    0x000026e4   0x000026e4   0x00000018   Code   RO         1186    i.CLK_GetLXTFreq    clk.o
    0x000026fc   0x000026fc   0x0000006c   Code   RO         1187    i.CLK_GetModuleClockDivider  clk.o
    0x00002768   0x00002768   0x00000098   Code   RO         1188    i.CLK_GetModuleClockSource  clk.o
    0x00002800   0x00002800   0x00000078   Code   RO         1189    i.CLK_GetPCLK0Freq  clk.o
    0x00002878   0x00002878   0x00000078   Code   RO         1190    i.CLK_GetPCLK1Freq  clk.o
    0x000028f0   0x000028f0   0x00000074   Code   RO         1191    i.CLK_GetPLLClockFreq  clk.o
    0x00002964   0x00002964   0x0000000c   Code   RO         1192    i.CLK_GetPMUWKSrc   clk.o
    0x00002970   0x00002970   0x000000a4   Code   RO         1195    i.CLK_SetCoreClock  clk.o
    0x00002a14   0x00002a14   0x0000007c   Code   RO         1196    i.CLK_SetHCLK       clk.o
    0x00002a90   0x00002a90   0x000000d4   Code   RO         1197    i.CLK_SetModuleClock  clk.o
    0x00002b64   0x00002b64   0x0000002c   Code   RO         1200    i.CLK_WaitClockReady  clk.o
    0x00002b90   0x00002b90   0x00000090   Code   RO         5982    i.COE_AddObjectToDic  coeappl.o
    0x00002c20   0x00002c20   0x00000024   Code   RO         5983    i.COE_ClearObjDictionary  coeappl.o
    0x00002c44   0x00002c44   0x00000048   Code   RO         6212    i.COE_ContinueInd   ecatcoe.o
    0x00002c8c   0x00002c8c   0x0000000c   Code   RO         5984    i.COE_GetObjectDictionary  coeappl.o
    0x00002c98   0x00002c98   0x00000014   Code   RO         6213    i.COE_Init          ecatcoe.o
    0x00002cac   0x00002cac   0x000000bc   Code   RO         5985    i.COE_Main          coeappl.o
    0x00002d68   0x00002d68   0x00000030   Code   RO         5986    i.COE_ObjDictionaryInit  coeappl.o
    0x00002d98   0x00002d98   0x000000fc   Code   RO         5987    i.COE_ObjInit       coeappl.o
    0x00002e94   0x00002e94   0x00000044   Code   RO         5988    i.COE_RemoveDicEntry  coeappl.o
    0x00002ed8   0x00002ed8   0x00000048   Code   RO         6214    i.COE_ServiceInd    ecatcoe.o
    0x00002f20   0x00002f20   0x00000078   Code   RO         5989    i.COE_SyncTimeStamp  coeappl.o
    0x00002f98   0x00002f98   0x0000005c   Code   RO         5990    i.COE_UpdateSyncErrorStatus  coeappl.o
    0x00002ff4   0x00002ff4   0x000000bc   Code   RO         8742    i.CONSOLE_Init      console.o
    0x000030b0   0x000030b0   0x00000030   Code   RO         8743    i.CONSOLE_PutMessage  console.o
    0x000030e0   0x000030e0   0x0000030c   Code   RO         8744    i.CONSOLE_Task      console.o
    0x000033ec   0x000033ec   0x00000054   Code   RO         8745    i.CONSOLE_TimeTick  console.o
    0x00003440   0x00003440   0x0000009c   Code   RO         6294    i.CheckIfEcatError  ecatslv.o
    0x000034dc   0x000034dc   0x00000280   Code   RO         6295    i.CheckSmSettings   ecatslv.o
    0x0000375c   0x0000375c   0x00000104   Code   RO         6648    i.CheckSyncTypeValue  objdef.o
    0x00003860   0x00003860   0x00000210   Code   RO         5493    i.CiA402_Application  ax58200_motorcontrol.o
    0x00003a70   0x00003a70   0x000001dc   Code   RO         5495    i.CiA402_Init       ax58200_motorcontrol.o
    0x00003c4c   0x00003c4c   0x0000001c   Code   RO         5496    i.CiA402_LocalError  ax58200_motorcontrol.o
    0x00003c68   0x00003c68   0x00000290   Code   RO         5497    i.CiA402_MotionControl  ax58200_motorcontrol.o
    0x00003ef8   0x00003ef8   0x00000790   Code   RO         5498    i.CiA402_StateMachine  ax58200_motorcontrol.o
    0x00004688   0x00004688   0x000000f8   Code   RO         5499    i.CiA402_TransitionAction  ax58200_motorcontrol.o
    0x00004780   0x00004780   0x00000028   Code   RO         7190    i.DAS_Init          das.o
    0x000047a8   0x000047a8   0x00000180   Code   RO         7191    i.DAS_Run           das.o
    0x00004928   0x00004928   0x00000100   Code   RO         6296    i.DC_CheckWatchdog  ecatslv.o
    0x00004a28   0x00004a28   0x00000032   Code   RO         6297    i.DisableSyncManChannel  ecatslv.o
    0x00004a5a   0x00004a5a   0x00000002   PAD
    0x00004a5c   0x00004a5c   0x00000030   Code   RO         1665    i.EADC_ConfigSampleModule  eadc.o
    0x00004a8c   0x00004a8c   0x00000022   Code   RO         1666    i.EADC_Open         eadc.o
    0x00004aae   0x00004aae   0x00000002   PAD
    0x00004ab0   0x00004ab0   0x00000034   Code   RO         6082    i.ECAT_Application  ecatappl.o
    0x00004ae4   0x00004ae4   0x00000084   Code   RO         6083    i.ECAT_CheckTimer   ecatappl.o
    0x00004b68   0x00004b68   0x00000110   Code   RO         6298    i.ECAT_Init         ecatslv.o
    0x00004c78   0x00004c78   0x00000140   Code   RO         6299    i.ECAT_Main         ecatslv.o
    0x00004db8   0x00004db8   0x0000007c   Code   RO         6972    i.EPWM1P0_IRQHandler  mc_it.o
    0x00004e34   0x00004e34   0x0000000a   Code   RO         1819    i.EPWM_ClearZeroIntFlag  epwm.o
    0x00004e3e   0x00004e3e   0x0000004a   Code   RO         1844    i.EPWM_EnableADCTrigger  epwm.o
    0x00004e88   0x00004e88   0x0000000e   Code   RO         1858    i.EPWM_EnableLoadMode  epwm.o
    0x00004e96   0x00004e96   0x0000000c   Code   RO         1859    i.EPWM_EnableOutput  epwm.o
    0x00004ea2   0x00004ea2   0x00000010   Code   RO         1865    i.EPWM_EnableZeroInt  epwm.o
    0x00004eb2   0x00004eb2   0x0000001c   Code   RO         1878    i.EPWM_SetClockSource  epwm.o
    0x00004ece   0x00004ece   0x00000008   Code   RO         1880    i.EPWM_Start        epwm.o
    0x00004ed6   0x00004ed6   0x00000032   Code   RO         6301    i.EnableSyncManChannel  ecatslv.o
    0x00004f08   0x00004f08   0x00000014   Code   RO         2263    i.FMC_Close         fmc.o
    0x00004f1c   0x00004f1c   0x00000054   Code   RO         2266    i.FMC_Erase         fmc.o
    0x00004f70   0x00004f70   0x00000048   Code   RO         2270    i.FMC_Erase_SPROM   fmc.o
    0x00004fb8   0x00004fb8   0x00000024   Code   RO         2271    i.FMC_GetBootSource  fmc.o
    0x00004fdc   0x00004fdc   0x00000014   Code   RO         2276    i.FMC_Open          fmc.o
    0x00004ff0   0x00004ff0   0x00000028   Code   RO         2277    i.FMC_Read          fmc.o
    0x00005018   0x00005018   0x0000002c   Code   RO         2278    i.FMC_ReadConfig    fmc.o
    0x00005044   0x00005044   0x0000002c   Code   RO         8188    i.FMC_ReadUCID      clicmd.o
    0x00005070   0x00005070   0x00000028   Code   RO         8189    i.FMC_ReadUID       clicmd.o
    0x00005098   0x00005098   0x00000024   Code   RO         2282    i.FMC_SetBootSource  fmc.o
    0x000050bc   0x000050bc   0x00000024   Code   RO         2284    i.FMC_Write         fmc.o
    0x000050e0   0x000050e0   0x0000002c   Code   RO         6454    i.FOE_Ack           foeappl.o
    0x0000510c   0x0000510c   0x00000012   Code   RO         6455    i.FOE_Busy          foeappl.o
    0x0000511e   0x0000511e   0x00000002   PAD
    0x00005120   0x00005120   0x00000020   Code   RO         6249    i.FOE_ContinueInd   ecatfoe.o
    0x00005140   0x00005140   0x00000050   Code   RO         6456    i.FOE_Data          foeappl.o
    0x00005190   0x00005190   0x00000018   Code   RO         6457    i.FOE_Error         foeappl.o
    0x000051a8   0x000051a8   0x0000001c   Code   RO         6250    i.FOE_Init          ecatfoe.o
    0x000051c4   0x000051c4   0x00000038   Code   RO         6458    i.FOE_Read          foeappl.o
    0x000051fc   0x000051fc   0x000002dc   Code   RO         6251    i.FOE_ServiceInd    ecatfoe.o
    0x000054d8   0x000054d8   0x00000028   Code   RO         6459    i.FOE_Write         foeappl.o
    0x00005500   0x00005500   0x00000072   Code   RO         5890    i.FirmwareChecksum32  bootmode.o
    0x00005572   0x00005572   0x00000002   PAD
    0x00005574   0x00005574   0x0000007c   Code   RO         5631    i.GPC_IRQHandler    ax58200_hw.o
    0x000055f0   0x000055f0   0x00000044   Code   RO         5632    i.GPE_IRQHandler    ax58200_hw.o
    0x00005634   0x00005634   0x00000028   Code   RO         2445    i.GPIO_EnableInt    gpio.o
    0x0000565c   0x0000565c   0x00000032   Code   RO         2446    i.GPIO_SetMode      gpio.o
    0x0000568e   0x0000568e   0x0000002c   Code   RO         2447    i.GPIO_SetPullCtl   gpio.o
    0x000056ba   0x000056ba   0x0000002c   Code   RO         2448    i.GPIO_SetSlewCtl   gpio.o
    0x000056e6   0x000056e6   0x00000002   PAD
    0x000056e8   0x000056e8   0x00000014   Code   RO         5633    i.GetInterruptRegister  ax58200_hw.o
    0x000056fc   0x000056fc   0x0000002e   Code   RO         6532    i.GetOutOfMbxQueue  mailbox.o
    0x0000572a   0x0000572a   0x00000002   PAD
    0x0000572c   0x0000572c   0x0000001c   Code   RO         6302    i.GetSyncMan        ecatslv.o
    0x00005748   0x00005748   0x0000004c   Code   RO         6086    i.GetSystemTimeDelay  ecatappl.o
    0x00005794   0x00005794   0x0000005c   Code   RO         7856    i.HSUSBD_ConfigEp   mchal_husb.o
    0x000057f0   0x000057f0   0x000000d4   Code   RO         2494    i.HSUSBD_CtrlIn     hsusbd.o
    0x000058c4   0x000058c4   0x00000040   Code   RO         2495    i.HSUSBD_CtrlOut    hsusbd.o
    0x00005904   0x00005904   0x000002d8   Code   RO         2496    i.HSUSBD_GetDescriptor  hsusbd.o
    0x00005bdc   0x00005bdc   0x00000060   Code   RO         2497    i.HSUSBD_Open       hsusbd.o
    0x00005c3c   0x00005c3c   0x00000014   Code   RO         2498    i.HSUSBD_PrepareCtrlIn  hsusbd.o
    0x00005c50   0x00005c50   0x00000078   Code   RO         2499    i.HSUSBD_ProcessSetupPacket  hsusbd.o
    0x00005cc8   0x00005cc8   0x0000003c   Code   RO         7857    i.HSUSBD_SetEpBufAddr  mchal_husb.o
    0x00005d04   0x00005d04   0x0000029c   Code   RO         2501    i.HSUSBD_StandardRequest  hsusbd.o
    0x00005fa0   0x00005fa0   0x00000014   Code   RO         2502    i.HSUSBD_Start      hsusbd.o
    0x00005fb4   0x00005fb4   0x0000002c   Code   RO         2503    i.HSUSBD_SwReset    hsusbd.o
    0x00005fe0   0x00005fe0   0x00000188   Code   RO         2504    i.HSUSBD_UpdateDeviceState  hsusbd.o
    0x00006168   0x00006168   0x00000030   Code   RO         5634    i.HW_CheckTimeout   ax58200_hw.o
    0x00006198   0x00006198   0x00000054   Code   RO         5635    i.HW_CheckVendorProductID  ax58200_hw.o
    0x000061ec   0x000061ec   0x00000028   Code   RO         5636    i.HW_EscRead        ax58200_hw.o
    0x00006214   0x00006214   0x00000028   Code   RO         5637    i.HW_EscReadIsr     ax58200_hw.o
    0x0000623c   0x0000623c   0x00000028   Code   RO         5638    i.HW_EscWrite       ax58200_hw.o
    0x00006264   0x00006264   0x00000028   Code   RO         5639    i.HW_EscWriteIsr    ax58200_hw.o
    0x0000628c   0x0000628c   0x00000162   Code   RO         5640    i.HW_GPIO_PinToIntrNum  ax58200_hw.o
    0x000063ee   0x000063ee   0x00000012   Code   RO         5643    i.HW_GPIO_WritePin  ax58200_hw.o
    0x00006400   0x00006400   0x00000010   Code   RO         5644    i.HW_GetALEventRegister  ax58200_hw.o
    0x00006410   0x00006410   0x00000010   Code   RO         5645    i.HW_GetALEventRegister_Isr  ax58200_hw.o
    0x00006420   0x00006420   0x00000008   Code   RO         5646    i.HW_GetDebugCounter  ax58200_hw.o
    0x00006428   0x00006428   0x000003e8   Code   RO         5647    i.HW_Init           ax58200_hw.o
    0x00006810   0x00006810   0x0000001e   Code   RO         5648    i.HW_MiiPdiAccess   ax58200_hw.o
    0x0000682e   0x0000682e   0x00000080   Code   RO         5649    i.HW_MiiPhyRead     ax58200_hw.o
    0x000068ae   0x000068ae   0x00000078   Code   RO         5650    i.HW_MiiPhyWrite    ax58200_hw.o
    0x00006926   0x00006926   0x00000022   Code   RO         5651    i.HW_MiiWaitReady   ax58200_hw.o
    0x00006948   0x00006948   0x0000011c   Code   RO         5652    i.HW_MultiFuncPins  ax58200_hw.o
    0x00006a64   0x00006a64   0x00000008   Code   RO         5653    i.HW_Release        ax58200_hw.o
    0x00006a6c   0x00006a6c   0x000000ec   Code   RO         5655    i.HW_SPI_ClkSource  ax58200_hw.o
    0x00006b58   0x00006b58   0x00000010   Code   RO         5656    i.HW_SPI_DeInit     ax58200_hw.o
    0x00006b68   0x00006b68   0x000000e4   Code   RO         5657    i.HW_SPI_Init       ax58200_hw.o
    0x00006c4c   0x00006c4c   0x0000010a   Code   RO         5658    i.HW_SPI_Read       ax58200_hw.o
    0x00006d56   0x00006d56   0x00000002   PAD
    0x00006d58   0x00006d58   0x00000178   Code   RO         5659    i.HW_SPI_TransmitReceive  ax58200_hw.o
    0x00006ed0   0x00006ed0   0x00000074   Code   RO         5660    i.HW_SPI_WaitFlagStateUntilTimeout  ax58200_hw.o
    0x00006f44   0x00006f44   0x000000de   Code   RO         5661    i.HW_SPI_Write      ax58200_hw.o
    0x00007022   0x00007022   0x00000002   PAD
    0x00007024   0x00007024   0x000000f0   Code   RO         5662    i.HW_TMR_ClkSource  ax58200_hw.o
    0x00007114   0x00007114   0x0000014c   Code   RO         5663    i.HW_UART_ClkSource  ax58200_hw.o
    0x00007260   0x00007260   0x00000068   Code   RO         6087    i.HandleCycleTimeMeasurement  ecatappl.o
    0x000072c8   0x000072c8   0x0000002c   Code   RO          557    i.Hard_Fault_Handler  asix_retarget.o
    0x000072f4   0x000072f4   0x00000014   Code   RO         5664    i.ISR_GetInterruptRegister  ax58200_hw.o
    0x00007308   0x00007308   0x00000114   Code   RO         6533    i.MBX_CheckAndCopyMailbox  mailbox.o
    0x0000741c   0x0000741c   0x000000a8   Code   RO         6534    i.MBX_CopyToSendMailbox  mailbox.o
    0x000074c4   0x000074c4   0x000000cc   Code   RO         6535    i.MBX_Init          mailbox.o
    0x00007590   0x00007590   0x000000c8   Code   RO         6536    i.MBX_MailboxReadInd  mailbox.o
    0x00007658   0x00007658   0x00000068   Code   RO         6537    i.MBX_MailboxRepeatReq  mailbox.o
    0x000076c0   0x000076c0   0x00000094   Code   RO         6538    i.MBX_MailboxSendReq  mailbox.o
    0x00007754   0x00007754   0x0000007c   Code   RO         6539    i.MBX_MailboxWriteInd  mailbox.o
    0x000077d0   0x000077d0   0x00000050   Code   RO         6540    i.MBX_Main          mailbox.o
    0x00007820   0x00007820   0x000000d8   Code   RO         6541    i.MBX_StartMailboxHandler  mailbox.o
    0x000078f8   0x000078f8   0x0000011c   Code   RO         6542    i.MBX_StopMailboxHandler  mailbox.o
    0x00007a14   0x00007a14   0x0000000c   Code   RO         6818    i.MC_CheckHomingDone  mc.o
    0x00007a20   0x00007a20   0x00000034   Code   RO         6819    i.MC_ClearActualPosition  mc.o
    0x00007a54   0x00007a54   0x0000000c   Code   RO         6821    i.MC_FaultReset     mc.o
    0x00007a60   0x00007a60   0x0000000c   Code   RO         6822    i.MC_GetActualPosition  mc.o
    0x00007a6c   0x00007a6c   0x0000000c   Code   RO         6823    i.MC_GetActualTorque  mc.o
    0x00007a78   0x00007a78   0x0000000c   Code   RO         6824    i.MC_GetActualVelocity  mc.o
    0x00007a84   0x00007a84   0x0000000c   Code   RO         6825    i.MC_GetFaultStatus  mc.o
    0x00007a90   0x00007a90   0x0000000c   Code   RO         6826    i.MC_GetState       mc.o
    0x00007a9c   0x00007a9c   0x000000ac   Code   RO         6827    i.MC_Init           mc.o
    0x00007b48   0x00007b48   0x00000018   Code   RO         6828    i.MC_SetTargetPosition  mc.o
    0x00007b60   0x00007b60   0x00000018   Code   RO         6830    i.MC_StartHoming    mc.o
    0x00007b78   0x00007b78   0x00000014   Code   RO         6831    i.MC_StartMotor     mc.o
    0x00007b8c   0x00007b8c   0x00000014   Code   RO         6832    i.MC_StopMotor      mc.o
    0x00007ba0   0x00007ba0   0x0000036c   Code   RO         6833    i.MC_TaskRun        mc.o
    0x00007f0c   0x00007f0c   0x0000006c   Code   RO         6834    i.MC_TickRun        mc.o
    0x00007f78   0x00007f78   0x00000034   Code   RO         7717    i.MH_AdcConv        mchal_eadc.o
    0x00007fac   0x00007fac   0x0000009e   Code   RO         7719    i.MH_AdcRegInit     mchal_eadc.o
    0x0000804a   0x0000804a   0x00000162   Code   RO         8016    i.MH_BitToNum       mchal_misc.o
    0x000081ac   0x000081ac   0x0000000c   Code   RO         8017    i.MH_ClkTick_1ms    mchal_misc.o
    0x000081b8   0x000081b8   0x00000084   Code   RO         7818    i.MH_DebugHwInit    mchal_gpio.o
    0x0000823c   0x0000823c   0x00000010   Code   RO         8018    i.MH_Delay_1ms      mchal_misc.o
    0x0000824c   0x0000824c   0x0000002e   Code   RO         7761    i.MH_EPWMSetCntType  mchal_epwm.o
    0x0000827a   0x0000827a   0x00000002   PAD
    0x0000827c   0x0000827c   0x00000034   Code   RO         8019    i.MH_EadcClkSource  mchal_misc.o
    0x000082b0   0x000082b0   0x00000060   Code   RO         8021    i.MH_EpwmClkSource  mchal_misc.o
    0x00008310   0x00008310   0x000002d0   Code   RO         7763    i.MH_EpwmRegInit    mchal_epwm.o
    0x000085e0   0x000085e0   0x0000002e   Code   RO         7764    i.MH_EpwmSetCntMode  mchal_epwm.o
    0x0000860e   0x0000860e   0x00000044   Code   RO         7765    i.MH_EpwmSetOutMode  mchal_epwm.o
    0x00008652   0x00008652   0x00000002   PAD
    0x00008654   0x00008654   0x00000028   Code   RO         8022    i.MH_QeiClkSource   mchal_misc.o
    0x0000867c   0x0000867c   0x000000cc   Code   RO         7956    i.MH_QeiRegInit     mchal_qei.o
    0x00008748   0x00008748   0x000000e8   Code   RO         8023    i.MH_SetMFP         mchal_misc.o
    0x00008830   0x00008830   0x000000a4   Code   RO         7820    i.MH_SwProtRegInit  mchal_gpio.o
    0x000088d4   0x000088d4   0x000000f8   Code   RO         7987    i.MH_TimRegInit     mchal_tim.o
    0x000089cc   0x000089cc   0x000000b8   Code   RO         8025    i.MH_TmrClkSource   mchal_misc.o
    0x00008a84   0x00008a84   0x0000008c   Code   RO         7858    i.MH_VCP_ClassRequest  mchal_husb.o
    0x00008b10   0x00008b10   0x000000e4   Code   RO         7859    i.MH_VCP_Init       mchal_husb.o
    0x00008bf4   0x00008bf4   0x00000120   Code   RO         7860    i.MH_VCP_ParseCommandLine  mchal_husb.o
    0x00008d14   0x00008d14   0x00000024   Code   RO         7861    i.MH_VCP_PutChar    mchal_husb.o
    0x00008d38   0x00008d38   0x00000040   Code   RO         7862    i.MH_VCP_PutStr     mchal_husb.o
    0x00008d78   0x00008d78   0x000002cc   Code   RO         7863    i.MH_VCP_Recv       mchal_husb.o
    0x00009044   0x00009044   0x00000048   Code   RO         7864    i.MH_VCP_Run        mchal_husb.o
    0x0000908c   0x0000908c   0x0000009c   Code   RO         7865    i.MH_VCP_SetupEndpoints  mchal_husb.o
    0x00009128   0x00009128   0x000000a8   Code   RO         7866    i.MH_VCP_StrToInt   mchal_husb.o
    0x000091d0   0x000091d0   0x00000074   Code   RO         7867    i.MH_VCP_Xmit       mchal_husb.o
    0x00009244   0x00009244   0x000000c4   Code   RO         7035    i.MI_CalcEncAngle   mc_math.o
    0x00009308   0x00009308   0x000000dc   Code   RO         7036    i.MI_CalcRotorVector  mc_math.o
    0x000093e4   0x000093e4   0x00000038   Code   RO         7037    i.MI_Clake          mc_math.o
    0x0000941c   0x0000941c   0x000000e4   Code   RO         7038    i.MI_FocCurrController  mc_math.o
    0x00009500   0x00009500   0x00000094   Code   RO         7039    i.MI_GetEncAngle_AbzMode  mc_math.o
    0x00009594   0x00009594   0x00000058   Code   RO         7040    i.MI_GetSIN         mc_math.o
    0x000095ec   0x000095ec   0x0000004c   Code   RO         7041    i.MI_MapAngBlkInit  mc_math.o
    0x00009638   0x00009638   0x00000020   Code   RO         7042    i.MI_MapUvwBlkInit  mc_math.o
    0x00009658   0x00009658   0x000000a4   Code   RO         7043    i.MI_Park           mc_math.o
    0x000096fc   0x000096fc   0x00000100   Code   RO         7044    i.MI_RevPark        mc_math.o
    0x000097fc   0x000097fc   0x00000110   Code   RO         7227    i.MS_CalcCheckSum   flash.o
    0x0000990c   0x0000990c   0x00000022   Code   RO         7228    i.MS_CheckSignature  flash.o
    0x0000992e   0x0000992e   0x00000002   PAD
    0x00009930   0x00009930   0x00000054   Code   RO         7284    i.MS_GetAbzCount    incremental_fdbk.o
    0x00009984   0x00009984   0x00000044   Code   RO         7579    i.MS_GetAvBusVoltage_V  sw_protection.o
    0x000099c8   0x000099c8   0x000000b8   Code   RO         7580    i.MS_GetAvI2T_V     sw_protection.o
    0x00009a80   0x00009a80   0x00000044   Code   RO         7581    i.MS_GetAvTemp_V    sw_protection.o
    0x00009ac4   0x00009ac4   0x00000018   Code   RO         7115    i.MS_GetBusVoltage_V  bus_vol_sensor.o
    0x00009adc   0x00009adc   0x00000024   Code   RO         7116    i.MS_GetBusVoltage_d  bus_vol_sensor.o
    0x00009b00   0x00009b00   0x00000044   Code   RO         7158    i.MS_GetCurr_d      curr_fdbk.o
    0x00009b44   0x00009b44   0x000000b4   Code   RO         7229    i.MS_GetFlashParamsAreaData  flash.o
    0x00009bf8   0x00009bf8   0x000000dc   Code   RO         7230    i.MS_GetLineData    flash.o
    0x00009cd4   0x00009cd4   0x000000b4   Code   RO         7159    i.MS_GetSignedCurr_d  curr_fdbk.o
    0x00009d88   0x00009d88   0x0000001c   Code   RO         7636    i.MS_GetTemp_V      temp_sensor.o
    0x00009da4   0x00009da4   0x00000024   Code   RO         7637    i.MS_GetTemp_d      temp_sensor.o
    0x00009dc8   0x00009dc8   0x00000024   Code   RO         7285    i.MS_MapAbzBlkInit  incremental_fdbk.o
    0x00009dec   0x00009dec   0x00000024   Code   RO         7117    i.MS_MapAdcBlkInit  bus_vol_sensor.o
    0x00009e10   0x00009e10   0x00000038   Code   RO         7342    i.MS_MapAmpBlkInit  pid.o
    0x00009e48   0x00009e48   0x00000020   Code   RO         7316    i.MS_MapCmdBlkInit  loop_control.o
    0x00009e68   0x00009e68   0x00000018   Code   RO         7343    i.MS_MapPosBlkInit  pid.o
    0x00009e80   0x00009e80   0x00000044   Code   RO         7582    i.MS_MapProtectBlkInit  sw_protection.o
    0x00009ec4   0x00009ec4   0x0000004c   Code   RO         7547    i.MS_MapPwmBlkInit  svpwm.o
    0x00009f10   0x00009f10   0x0000001c   Code   RO         7344    i.MS_MapSpdBlkInit  pid.o
    0x00009f2c   0x00009f2c   0x00000298   Code   RO         7345    i.MS_PiController   pid.o
    0x0000a1c4   0x0000a1c4   0x00000016   Code   RO         7231    i.MS_ReadFlashRom   flash.o
    0x0000a1da   0x0000a1da   0x00000002   PAD
    0x0000a1dc   0x0000a1dc   0x00000188   Code   RO         7548    i.MS_SetPhaseVoltage  svpwm.o
    0x0000a364   0x0000a364   0x00000024   Code   RO         7232    i.MS_Swap           flash.o
    0x0000a388   0x0000a388   0x0000006c   Code   RO         7233    i.MS_UpdateMap      flash.o
    0x0000a3f4   0x0000a3f4   0x0000004c   Code   RO         6543    i.MailboxServiceInd  mailbox.o
    0x0000a440   0x0000a440   0x00000110   Code   RO         6088    i.MainInit          ecatappl.o
    0x0000a550   0x0000a550   0x000000b4   Code   RO         6089    i.MainLoop          ecatappl.o
    0x0000a604   0x0000a604   0x00000016   Code   RO         5665    i.NVIC_EnableIRQ    ax58200_hw.o
    0x0000a61a   0x0000a61a   0x00000040   Code   RO         5666    i.NVIC_EncodePriority  ax58200_hw.o
    0x0000a65a   0x0000a65a   0x00000002   PAD
    0x0000a65c   0x0000a65c   0x00000028   Code   RO         5667    i.NVIC_SetPriority  ax58200_hw.o
    0x0000a684   0x0000a684   0x00000040   Code   RO         5891    i.NVIC_SystemReset  bootmode.o
    0x0000a6c4   0x0000a6c4   0x0000003c   Code   RO         6649    i.OBJ_CopyNumberToString  objdef.o
    0x0000a700   0x0000a700   0x000000d8   Code   RO         6650    i.OBJ_GetDesc       objdef.o
    0x0000a7d8   0x0000a7d8   0x00000026   Code   RO         6651    i.OBJ_GetEntryDesc  objdef.o
    0x0000a7fe   0x0000a7fe   0x00000106   Code   RO         6652    i.OBJ_GetEntryOffset  objdef.o
    0x0000a904   0x0000a904   0x00000064   Code   RO         6653    i.OBJ_GetNoOfObjects  objdef.o
    0x0000a968   0x0000a968   0x00000008   Code   RO         6654    i.OBJ_GetObjDesc    objdef.o
    0x0000a970   0x0000a970   0x00000020   Code   RO         6655    i.OBJ_GetObjectHandle  objdef.o
    0x0000a990   0x0000a990   0x0000009c   Code   RO         6656    i.OBJ_GetObjectLength  objdef.o
    0x0000aa2c   0x0000aa2c   0x000000bc   Code   RO         6657    i.OBJ_GetObjectList  objdef.o
    0x0000aae8   0x0000aae8   0x00000474   Code   RO         6658    i.OBJ_Read          objdef.o
    0x0000af5c   0x0000af5c   0x0000051e   Code   RO         6659    i.OBJ_Write         objdef.o
    0x0000b47a   0x0000b47a   0x00000002   PAD
    0x0000b47c   0x0000b47c   0x00000118   Code   RO         6090    i.PDI_Isr           ecatappl.o
    0x0000b594   0x0000b594   0x0000007c   Code   RO         6091    i.PDO_InputMapping  ecatappl.o
    0x0000b610   0x0000b610   0x00000094   Code   RO         6092    i.PDO_OutputMapping  ecatappl.o
    0x0000b6a4   0x0000b6a4   0x0000002c   Code   RO         6544    i.PutInMbxQueue     mailbox.o
    0x0000b6d0   0x0000b6d0   0x0000000a   Code   RO         3030    i.QEI_Start         qei.o
    0x0000b6da   0x0000b6da   0x00000002   PAD
    0x0000b6dc   0x0000b6dc   0x00000050   Code   RO         5991    i.Read0x10F8        coeappl.o
    0x0000b72c   0x0000b72c   0x00000070   Code   RO         5892    i.ReadFlashHeader   bootmode.o
    0x0000b79c   0x0000b79c   0x00000026   Code   RO         6303    i.ResetALEventMask  ecatslv.o
    0x0000b7c2   0x0000b7c2   0x00000002   PAD
    0x0000b7c4   0x0000b7c4   0x00000458   Code   RO         6747    i.SDOS_SdoInd       sdoserv.o
    0x0000bc1c   0x0000bc1c   0x000002e4   Code   RO         6748    i.SDOS_SdoInfoInd   sdoserv.o
    0x0000bf00   0x0000bf00   0x000000ec   Code   RO         6749    i.SDOS_SdoRes       sdoserv.o
    0x0000bfec   0x0000bfec   0x000000b0   Code   RO         6750    i.SODS_ClearPendingResponse  sdoserv.o
    0x0000c09c   0x0000c09c   0x000000b8   Code   RO         3804    i.SPIM_EraseBlock   spim.o
    0x0000c154   0x0000c154   0x000000e0   Code   RO         3807    i.SPIM_IO_Read      spim.o
    0x0000c234   0x0000c234   0x0000009c   Code   RO         3808    i.SPIM_IO_Write     spim.o
    0x0000c2d0   0x0000c2d0   0x00000054   Code   RO         3813    i.SPIM_ReadStatusRegister  spim.o
    0x0000c324   0x0000c324   0x000000d4   Code   RO         3818    i.SPIM_WriteInPageDataByIo  spim.o
    0x0000c3f8   0x0000c3f8   0x0000000a   Code   RO         3656    i.SPI_ClearRxFIFO   spi.o
    0x0000c402   0x0000c402   0x0000000a   Code   RO         3657    i.SPI_ClearTxFIFO   spi.o
    0x0000c40c   0x0000c40c   0x00000088   Code   RO         3658    i.SPI_Close         spi.o
    0x0000c494   0x0000c494   0x0000000a   Code   RO         3659    i.SPI_DisableAutoSS  spi.o
    0x0000c49e   0x0000c49e   0x000000a6   Code   RO         3660    i.SPI_DisableInt    spi.o
    0x0000c544   0x0000c544   0x000002c8   Code   RO         3666    i.SPI_Open          spi.o
    0x0000c80c   0x0000c80c   0x00000012   Code   RO         3668    i.SPI_SetFIFO       spi.o
    0x0000c81e   0x0000c81e   0x00000010   Code   RO         7502    i.STPM_Init         stepper_mode.o
    0x0000c82e   0x0000c82e   0x00000002   PAD
    0x0000c830   0x0000c830   0x00000238   Code   RO         7503    i.STPM_RunStepping  stepper_mode.o
    0x0000ca68   0x0000ca68   0x00000024   Code   RO         7504    i.STPM_TickRun      stepper_mode.o
    0x0000ca8c   0x0000ca8c   0x000001a4   Code   RO         7505    i.STPM_VectorAlignment  stepper_mode.o
    0x0000cc30   0x0000cc30   0x000000d8   Code   RO         7583    i.SWP_DriveCtrl     sw_protection.o
    0x0000cd08   0x0000cd08   0x00000230   Code   RO         7584    i.SWP_Run           sw_protection.o
    0x0000cf38   0x0000cf38   0x0000000c   Code   RO         5893    i.SYS_LockReg       bootmode.o
    0x0000cf44   0x0000cf44   0x00000028   Code   RO         5894    i.SYS_UnlockReg     bootmode.o
    0x0000cf6c   0x0000cf6c   0x000002a4   Code   RO         6751    i.SdoDownloadSegmentInd  sdoserv.o
    0x0000d210   0x0000d210   0x000000e0   Code   RO         6752    i.SdoRes            sdoserv.o
    0x0000d2f0   0x0000d2f0   0x000001a0   Code   RO         6753    i.SdoUploadSegmentInd  sdoserv.o
    0x0000d490   0x0000d490   0x0000000c   Code   RO          559    i.SendChar          asix_retarget.o
    0x0000d49c   0x0000d49c   0x00000018   Code   RO          560    i.SendChar_ToUART   asix_retarget.o
    0x0000d4b4   0x0000d4b4   0x00000026   Code   RO         6304    i.SetALEventMask    ecatslv.o
    0x0000d4da   0x0000d4da   0x00000002   PAD
    0x0000d4dc   0x0000d4dc   0x0000004c   Code   RO         6305    i.SetALStatus       ecatslv.o
    0x0000d528   0x0000d528   0x00000618   Code   RO         6306    i.StartInputHandler  ecatslv.o
    0x0000db40   0x0000db40   0x00000054   Code   RO         6307    i.StartOutputHandler  ecatslv.o
    0x0000db94   0x0000db94   0x000000e0   Code   RO         6308    i.StopInputHandler  ecatslv.o
    0x0000dc74   0x0000dc74   0x00000014   Code   RO         6309    i.StopOutputHandler  ecatslv.o
    0x0000dc88   0x0000dc88   0x00000058   Code   RO         3822    i.SwitchNBitInput   spim.o
    0x0000dce0   0x0000dce0   0x0000005c   Code   RO         3823    i.SwitchNBitOutput  spim.o
    0x0000dd3c   0x0000dd3c   0x00000134   Code   RO         6093    i.Sync0_Isr         ecatappl.o
    0x0000de70   0x0000de70   0x0000003c   Code   RO         6094    i.Sync1_Isr         ecatappl.o
    0x0000deac   0x0000deac   0x00000168   Code   RO          328    i.SysInit           main.o
    0x0000e014   0x0000e014   0x00000012   Code   RO          329    i.SysTick_Handler   main.o
    0x0000e026   0x0000e026   0x00000002   PAD
    0x0000e028   0x0000e028   0x00000064   Code   RO           13    i.SystemCoreClockUpdate  system_m480.o
    0x0000e08c   0x0000e08c   0x00000094   Code   RO           14    i.SystemInit        system_m480.o
    0x0000e120   0x0000e120   0x00000014   Code   RO         7673    i.TC_Brake          trajectory_ctrl.o
    0x0000e134   0x0000e134   0x0000005c   Code   RO         7674    i.TC_Init           trajectory_ctrl.o
    0x0000e190   0x0000e190   0x00000114   Code   RO         7675    i.TC_Run            trajectory_ctrl.o
    0x0000e2a4   0x0000e2a4   0x0000030c   Code   RO         7676    i.TC_SpeedCurveGenerator  trajectory_ctrl.o
    0x0000e5b0   0x0000e5b0   0x00000014   Code   RO         8908    i.TEST_CtrlTime     test.o
    0x0000e5c4   0x0000e5c4   0x00000008   Code   RO         8909    i.TEST_GetTime      test.o
    0x0000e5cc   0x0000e5cc   0x00000008   Code   RO         8910    i.TEST_Init         test.o
    0x0000e5d4   0x0000e5d4   0x000000b0   Code   RO         8911    i.TEST_PatternGenerator  test.o
    0x0000e684   0x0000e684   0x00000034   Code   RO         8912    i.TEST_PatternInit  test.o
    0x0000e6b8   0x0000e6b8   0x000002ec   Code   RO         8913    i.TEST_PdiMemoryTest  test.o
    0x0000e9a4   0x0000e9a4   0x00000018   Code   RO         8914    i.TEST_ResetTime    test.o
    0x0000e9bc   0x0000e9bc   0x000000a0   Code   RO         8915    i.TEST_Timer        test.o
    0x0000ea5c   0x0000ea5c   0x00000088   Code   RO         4097    i.TIMER_GetModuleClock  timer.o
    0x0000eae4   0x0000eae4   0x00000042   Code   RO         4098    i.TIMER_Open        timer.o
    0x0000eb26   0x0000eb26   0x0000000a   Code   RO         5668    i.TIMER_Start       ax58200_hw.o
    0x0000eb30   0x0000eb30   0x00000040   Code   RO         6973    i.TMR1_IRQHandler   mc_it.o
    0x0000eb70   0x0000eb70   0x0000004c   Code   RO         5669    i.TMR3_IRQHandler   ax58200_hw.o
    0x0000ebbc   0x0000ebbc   0x000000e0   Code   RO         8129    i.UART0_IRQHandler  ax_uart.o
    0x0000ec9c   0x0000ec9c   0x00000008   Code   RO         4371    i.UART_EnableInt    uart.o
    0x0000eca4   0x0000eca4   0x00000140   Code   RO         4372    i.UART_Open         uart.o
    0x0000ede4   0x0000ede4   0x0000003a   Code   RO         4373    i.UART_Read         uart.o
    0x0000ee1e   0x0000ee1e   0x00000002   PAD
    0x0000ee20   0x0000ee20   0x0000047c   Code   RO         7868    i.USBD20_IRQHandler  mchal_husb.o
    0x0000f29c   0x0000f29c   0x00000044   Code   RO         6310    i.UpdateEEPROMLoadedState  ecatslv.o
    0x0000f2e0   0x0000f2e0   0x00000020   Code   RO         9240    i.__0printf         mc_w.l(printfa.o)
    0x0000f300   0x0000f300   0x00000024   Code   RO         9246    i.__0vsprintf       mc_w.l(printfa.o)
    0x0000f324   0x0000f324   0x0000000e   Code   RO         9337    i.__scatterload_copy  mc_w.l(handlers.o)
    0x0000f332   0x0000f332   0x00000002   Code   RO         9338    i.__scatterload_null  mc_w.l(handlers.o)
    0x0000f334   0x0000f334   0x0000000e   Code   RO         9339    i.__scatterload_zeroinit  mc_w.l(handlers.o)
    0x0000f342   0x0000f342   0x00000002   PAD
    0x0000f344   0x0000f344   0x00000184   Code   RO         9247    i._fp_digits        mc_w.l(printfa.o)
    0x0000f4c8   0x0000f4c8   0x000006dc   Code   RO         9248    i._printf_core      mc_w.l(printfa.o)
    0x0000fba4   0x0000fba4   0x00000024   Code   RO         9249    i._printf_post_padding  mc_w.l(printfa.o)
    0x0000fbc8   0x0000fbc8   0x0000002e   Code   RO         9250    i._printf_pre_padding  mc_w.l(printfa.o)
    0x0000fbf6   0x0000fbf6   0x0000000a   Code   RO         9252    i._sputc            mc_w.l(printfa.o)
    0x0000fc00   0x0000fc00   0x00000254   Code   RO         8190    i.clicmd_CiA402     clicmd.o
    0x0000fe54   0x0000fe54   0x00000030   Code   RO         8191    i.clicmd_CiA402Help  clicmd.o
    0x0000fe84   0x0000fe84   0x00000154   Code   RO         8192    i.clicmd_CiA402Usage  clicmd.o
    0x0000ffd8   0x0000ffd8   0x000000b4   Code   RO         8193    i.clicmd_ClkRegister  clicmd.o
    0x0001008c   0x0001008c   0x00000898   Code   RO         8194    i.clicmd_ClkRegisterDisplay  clicmd.o
    0x00010924   0x00010924   0x0000003c   Code   RO         8195    i.clicmd_ClkRegisterHelp  clicmd.o
    0x00010960   0x00010960   0x00000040   Code   RO         8196    i.clicmd_ClkRegisterUsage  clicmd.o
    0x000109a0   0x000109a0   0x00000056   Code   RO         8197    i.clicmd_DecText2Char  clicmd.o
    0x000109f6   0x000109f6   0x0000004c   Code   RO         8198    i.clicmd_DecText2Long  clicmd.o
    0x00010a42   0x00010a42   0x00000044   Code   RO         8200    i.clicmd_DecText2SignLong  clicmd.o
    0x00010a86   0x00010a86   0x00000002   PAD
    0x00010a88   0x00010a88   0x00000104   Code   RO         8201    i.clicmd_ECAPxRegister  clicmd.o
    0x00010b8c   0x00010b8c   0x00000184   Code   RO         8202    i.clicmd_ECAPxRegisterDisplay  clicmd.o
    0x00010d10   0x00010d10   0x00000040   Code   RO         8203    i.clicmd_ECAPxRegisterHelp  clicmd.o
    0x00010d50   0x00010d50   0x0000004c   Code   RO         8204    i.clicmd_ECAPxRegisterUsage  clicmd.o
    0x00010d9c   0x00010d9c   0x00000104   Code   RO         8205    i.clicmd_EPWMxRegister  clicmd.o
    0x00010ea0   0x00010ea0   0x00000ae8   Code   RO         8206    i.clicmd_EPWMxRegisterDisplay  clicmd.o
    0x00011988   0x00011988   0x00000040   Code   RO         8207    i.clicmd_EPWMxRegisterHelp  clicmd.o
    0x000119c8   0x000119c8   0x0000004c   Code   RO         8208    i.clicmd_EPWMxRegisterUsage  clicmd.o
    0x00011a14   0x00011a14   0x000000b4   Code   RO         8209    i.clicmd_EadcRegister  clicmd.o
    0x00011ac8   0x00011ac8   0x000003b0   Code   RO         8210    i.clicmd_EadcRegisterDisplay  clicmd.o
    0x00011e78   0x00011e78   0x0000003c   Code   RO         8211    i.clicmd_EadcRegisterHelp  clicmd.o
    0x00011eb4   0x00011eb4   0x00000040   Code   RO         8212    i.clicmd_EadcRegisterUsage  clicmd.o
    0x00011ef4   0x00011ef4   0x00000130   Code   RO         8213    i.clicmd_EscRegister  clicmd.o
    0x00012024   0x00012024   0x00000038   Code   RO         8214    i.clicmd_EscRegisterHelp  clicmd.o
    0x0001205c   0x0001205c   0x00000048   Code   RO         8215    i.clicmd_EscRegisterUsage  clicmd.o
    0x000120a4   0x000120a4   0x0000010c   Code   RO         8216    i.clicmd_EscStack   clicmd.o
    0x000121b0   0x000121b0   0x0000003c   Code   RO         8217    i.clicmd_EscStackHelp  clicmd.o
    0x000121ec   0x000121ec   0x000000b0   Code   RO         8218    i.clicmd_FmcRegister  clicmd.o
    0x0001229c   0x0001229c   0x0000097c   Code   RO         8219    i.clicmd_FmcRegisterDisplay  clicmd.o
    0x00012c18   0x00012c18   0x0000003c   Code   RO         8220    i.clicmd_FmcRegisterHelp  clicmd.o
    0x00012c54   0x00012c54   0x00000040   Code   RO         8221    i.clicmd_FmcRegisterUsage  clicmd.o
    0x00012c94   0x00012c94   0x0000017c   Code   RO         8222    i.clicmd_GPIOxRegister  clicmd.o
    0x00012e10   0x00012e10   0x00000238   Code   RO         8223    i.clicmd_GPIOxRegisterDisplay  clicmd.o
    0x00013048   0x00013048   0x00000040   Code   RO         8224    i.clicmd_GPIOxRegisterHelp  clicmd.o
    0x00013088   0x00013088   0x0000004c   Code   RO         8225    i.clicmd_GPIOxRegisterUsage  clicmd.o
    0x000130d4   0x000130d4   0x00000078   Code   RO         8226    i.clicmd_HexText2Char  clicmd.o
    0x0001314c   0x0001314c   0x00000076   Code   RO         8227    i.clicmd_HexText2Long  clicmd.o
    0x000131c2   0x000131c2   0x00000002   PAD
    0x000131c4   0x000131c4   0x0000049c   Code   RO         8229    i.clicmd_McStack    clicmd.o
    0x00013660   0x00013660   0x00000030   Code   RO         8230    i.clicmd_McStackHelp  clicmd.o
    0x00013690   0x00013690   0x00000224   Code   RO         8231    i.clicmd_McStackUsage  clicmd.o
    0x000138b4   0x000138b4   0x000000b4   Code   RO         8232    i.clicmd_NvicRegister  clicmd.o
    0x00013968   0x00013968   0x000001ac   Code   RO         8233    i.clicmd_NvicRegisterDisplay  clicmd.o
    0x00013b14   0x00013b14   0x0000003c   Code   RO         8234    i.clicmd_NvicRegisterHelp  clicmd.o
    0x00013b50   0x00013b50   0x00000040   Code   RO         8235    i.clicmd_NvicRegisterUsage  clicmd.o
    0x00013b90   0x00013b90   0x000004e0   Code   RO         8236    i.clicmd_PdiMemoryTest  clicmd.o
    0x00014070   0x00014070   0x0000003c   Code   RO         8237    i.clicmd_PdiMemoryTestHelp  clicmd.o
    0x000140ac   0x000140ac   0x000005fc   Code   RO         8238    i.clicmd_PdiMemoryTestUsage  clicmd.o
    0x000146a8   0x000146a8   0x000000cc   Code   RO         8239    i.clicmd_PdiRead    clicmd.o
    0x00014774   0x00014774   0x00000044   Code   RO         8240    i.clicmd_PdiReadHelp  clicmd.o
    0x000147b8   0x000147b8   0x00000040   Code   RO         8241    i.clicmd_PdiReadUsage  clicmd.o
    0x000147f8   0x000147f8   0x00000036   Code   RO         8242    i.clicmd_PdiReset   clicmd.o
    0x0001482e   0x0001482e   0x00000002   PAD
    0x00014830   0x00014830   0x00000034   Code   RO         8243    i.clicmd_PdiResetHelp  clicmd.o
    0x00014864   0x00014864   0x000000a8   Code   RO         8244    i.clicmd_PdiWrite   clicmd.o
    0x0001490c   0x0001490c   0x00000044   Code   RO         8245    i.clicmd_PdiWriteHelp  clicmd.o
    0x00014950   0x00014950   0x0000001c   Code   RO         8246    i.clicmd_PdiWriteUsage  clicmd.o
    0x0001496c   0x0001496c   0x00000100   Code   RO         8247    i.clicmd_QEIxRegister  clicmd.o
    0x00014a6c   0x00014a6c   0x0000015c   Code   RO         8248    i.clicmd_QEIxRegisterDisplay  clicmd.o
    0x00014bc8   0x00014bc8   0x0000003c   Code   RO         8249    i.clicmd_QEIxRegisterHelp  clicmd.o
    0x00014c04   0x00014c04   0x0000004c   Code   RO         8250    i.clicmd_QEIxRegisterUsage  clicmd.o
    0x00014c50   0x00014c50   0x0000011c   Code   RO         8251    i.clicmd_SPIxRegister  clicmd.o
    0x00014d6c   0x00014d6c   0x000001fc   Code   RO         8252    i.clicmd_SPIxRegisterDisplay  clicmd.o
    0x00014f68   0x00014f68   0x0000003c   Code   RO         8253    i.clicmd_SPIxRegisterHelp  clicmd.o
    0x00014fa4   0x00014fa4   0x0000004c   Code   RO         8254    i.clicmd_SPIxRegisterUsage  clicmd.o
    0x00014ff0   0x00014ff0   0x0000048c   Code   RO         8255    i.clicmd_ShowCiA402Dashboard  clicmd.o
    0x0001547c   0x0001547c   0x00001204   Code   RO         8256    i.clicmd_ShowEscAlInfo  clicmd.o
    0x00016680   0x00016680   0x000012a4   Code   RO         8257    i.clicmd_ShowEscDcInfo  clicmd.o
    0x00017924   0x00017924   0x00000a78   Code   RO         8258    i.clicmd_ShowEscFeatures  clicmd.o
    0x0001839c   0x0001839c   0x0000073e   Code   RO         8259    i.clicmd_ShowEscFmmuSmInfo  clicmd.o
    0x00018ada   0x00018ada   0x00000002   PAD
    0x00018adc   0x00018adc   0x00000204   Code   RO         8260    i.clicmd_ShowEscWdInfo  clicmd.o
    0x00018ce0   0x00018ce0   0x000002e4   Code   RO         8261    i.clicmd_ShowMcDashboard  clicmd.o
    0x00018fc4   0x00018fc4   0x0000005c   Code   RO         8264    i.clicmd_ShowMemoryInHex8b  clicmd.o
    0x00019020   0x00019020   0x00000094   Code   RO         8265    i.clicmd_ShowPdiMemoryTestLog  clicmd.o
    0x000190b4   0x000190b4   0x0000009c   Code   RO         8266    i.clicmd_ShowPdiMemoryTestParameter  clicmd.o
    0x00019150   0x00019150   0x000000e0   Code   RO         8267    i.clicmd_ShowTestBuffer  clicmd.o
    0x00019230   0x00019230   0x000000f0   Code   RO         8268    i.clicmd_ShowTestTemporaryStatus  clicmd.o
    0x00019320   0x00019320   0x000002c0   Code   RO         8269    i.clicmd_SpimRegister  clicmd.o
    0x000195e0   0x000195e0   0x00000350   Code   RO         8270    i.clicmd_SpimRegisterDisplay  clicmd.o
    0x00019930   0x00019930   0x0000003c   Code   RO         8271    i.clicmd_SpimRegisterHelp  clicmd.o
    0x0001996c   0x0001996c   0x00000090   Code   RO         8272    i.clicmd_SpimRegisterUsage  clicmd.o
    0x000199fc   0x000199fc   0x000000b0   Code   RO         8273    i.clicmd_SysRegister  clicmd.o
    0x00019aac   0x00019aac   0x00000914   Code   RO         8274    i.clicmd_SysRegisterDisplay  clicmd.o
    0x0001a3c0   0x0001a3c0   0x0000003c   Code   RO         8275    i.clicmd_SysRegisterHelp  clicmd.o
    0x0001a3fc   0x0001a3fc   0x00000040   Code   RO         8276    i.clicmd_SysRegisterUsage  clicmd.o
    0x0001a43c   0x0001a43c   0x00000044   Code   RO         8277    i.clicmd_SystemReboot  clicmd.o
    0x0001a480   0x0001a480   0x00000030   Code   RO         8278    i.clicmd_SystemRebootHelp  clicmd.o
    0x0001a4b0   0x0001a4b0   0x00000118   Code   RO         8280    i.clicmd_TMRxRegister  clicmd.o
    0x0001a5c8   0x0001a5c8   0x000001b8   Code   RO         8281    i.clicmd_TMRxRegisterDisplay  clicmd.o
    0x0001a780   0x0001a780   0x0000003c   Code   RO         8282    i.clicmd_TMRxRegisterHelp  clicmd.o
    0x0001a7bc   0x0001a7bc   0x0000004c   Code   RO         8283    i.clicmd_TMRxRegisterUsage  clicmd.o
    0x0001a808   0x0001a808   0x0000012c   Code   RO         8284    i.clicmd_UARTxRegister  clicmd.o
    0x0001a934   0x0001a934   0x00000358   Code   RO         8285    i.clicmd_UARTxRegisterDisplay  clicmd.o
    0x0001ac8c   0x0001ac8c   0x00000040   Code   RO         8286    i.clicmd_UARTxRegisterHelp  clicmd.o
    0x0001accc   0x0001accc   0x0000004c   Code   RO         8287    i.clicmd_UARTxRegisterUsage  clicmd.o
    0x0001ad18   0x0001ad18   0x0000008c   Code   RO         8746    i.console_AddCommandHistory  console.o
    0x0001ada4   0x0001ada4   0x0000007c   Code   RO         8747    i.console_Authenticate  console.o
    0x0001ae20   0x0001ae20   0x000000b0   Code   RO         8748    i.console_ChangePasswd  console.o
    0x0001aed0   0x0001aed0   0x0000002c   Code   RO         8749    i.console_ClearLine  console.o
    0x0001aefc   0x0001aefc   0x000000b4   Code   RO         8750    i.console_CmdExecute  console.o
    0x0001afb0   0x0001afb0   0x00000130   Code   RO         8751    i.console_CollectCommand  console.o
    0x0001b0e0   0x0001b0e0   0x0000004c   Code   RO         8752    i.console_CommandProcess  console.o
    0x0001b12c   0x0001b12c   0x00000148   Code   RO         8753    i.console_EscapeSequenceProcess  console.o
    0x0001b274   0x0001b274   0x00000078   Code   RO         8754    i.console_GetCommandHistory  console.o
    0x0001b2ec   0x0001b2ec   0x0000005c   Code   RO         8755    i.console_HelpMessage  console.o
    0x0001b348   0x0001b348   0x0000002c   Code   RO         8756    i.console_LoadUserAccount  console.o
    0x0001b374   0x0001b374   0x0000005e   Code   RO         8757    i.console_ParseLine  console.o
    0x0001b3d2   0x0001b3d2   0x0000002e   Code   RO         8758    i.console_PutString  console.o
    0x0001b400   0x0001b400   0x000000b4   Code   RO         7386    i.esc_doCommand     servo_commu.o
    0x0001b4b4   0x0001b4b4   0x00000010   Code   RO          564    i.fputc             asix_retarget.o
    0x0001b4c4   0x0001b4c4   0x00000050   Code   RO         9268    i.free              mc_w.l(malloc.o)
    0x0001b514   0x0001b514   0x00000028   Code   RO         7387    i.getCommand        servo_commu.o
    0x0001b53c   0x0001b53c   0x00000030   Code   RO         7388    i.getD              servo_commu.o
    0x0001b56c   0x0001b56c   0x000000bc   Code   RO         7389    i.getDAS            servo_commu.o
    0x0001b628   0x0001b628   0x00000144   Code   RO         7390    i.getField          servo_commu.o
    0x0001b76c   0x0001b76c   0x0000009c   Code   RO         7391    i.getFields         servo_commu.o
    0x0001b808   0x0001b808   0x000000b8   Code   RO         7392    i.getInteger        servo_commu.o
    0x0001b8c0   0x0001b8c0   0x0000009c   Code   RO         7393    i.getMAP            servo_commu.o
    0x0001b95c   0x0001b95c   0x00000028   Code   RO         7394    i.getTable          servo_commu.o
    0x0001b984   0x0001b984   0x00000178   Code   RO         7395    i.getVariable       servo_commu.o
    0x0001bafc   0x0001bafc   0x00000194   Code   RO          330    i.main              main.o
    0x0001bc90   0x0001bc90   0x0000006c   Code   RO         9269    i.malloc            mc_w.l(malloc.o)
    0x0001bcfc   0x0001bcfc   0x0000003c   Code   RO         8868    i.printd            printd.o
    0x0001bd38   0x0001bd38   0x00000014   Code   RO         8869    i.printdCtrl        printd.o
    0x0001bd4c   0x0001bd4c   0x00000028   Code   RO         8870    i.printd_PutString  printd.o
    0x0001bd74   0x0001bd74   0x0000002c   Code   RO         7396    i.putC              servo_commu.o
    0x0001bda0   0x0001bda0   0x00000028   Code   RO         7397    i.putCommand        servo_commu.o
    0x0001bdc8   0x0001bdc8   0x00000088   Code   RO         7398    i.putD              servo_commu.o
    0x0001be50   0x0001be50   0x000000c0   Code   RO         7399    i.putDAS            servo_commu.o
    0x0001bf10   0x0001bf10   0x0000001c   Code   RO         7400    i.putERR            servo_commu.o
    0x0001bf2c   0x0001bf2c   0x0000005c   Code   RO         7401    i.putH              servo_commu.o
    0x0001bf88   0x0001bf88   0x000000ac   Code   RO         7402    i.putMAP            servo_commu.o
    0x0001c034   0x0001c034   0x00000020   Code   RO         7403    i.putS              servo_commu.o
    0x0001c054   0x0001c054   0x0000001c   Code   RO         3826    i.spim_is_write_done  spim.o
    0x0001c070   0x0001c070   0x00000118   Code   RO         3827    i.spim_read         spim.o
    0x0001c188   0x0001c188   0x00000048   Code   RO         3828    i.spim_set_write_enable  spim.o
    0x0001c1d0   0x0001c1d0   0x0000003c   Code   RO         3829    i.spim_wait_write_done  spim.o
    0x0001c20c   0x0001c20c   0x00000138   Code   RO         3830    i.spim_write        spim.o
    0x0001c344   0x0001c344   0x000000a8   Code   RO          566    i.stackDump         asix_retarget.o
    0x0001c3ec   0x0001c3ec   0x00000020   Data   RO         1201    .constdata          clk.o
    0x0001c40c   0x0001c40c   0x00000020   Data   RO         4101    .constdata          timer.o
    0x0001c42c   0x0001c42c   0x00000030   Data   RO         4380    .constdata          uart.o
    0x0001c45c   0x0001c45c   0x00000008   Data   RO         5390    .constdata          ax58200_foeappl.o
    0x0001c464   0x0001c464   0x00000abd   Data   RO         5992    .constdata          coeappl.o
    0x0001cf21   0x0001cf21   0x00000001   PAD
    0x0001cf22   0x0001cf22   0x00000020   Data   RO         6661    .constdata          objdef.o
    0x0001cf42   0x0001cf42   0x00000002   PAD
    0x0001cf44   0x0001cf44   0x00000078   Data   RO         6755    .constdata          sdoserv.o
    0x0001cfbc   0x0001cfbc   0x00000042   Data   RO         7506    .conststring        stepper_mode.o
    0x0001cffe   0x0001cffe   0x00000002   PAD
    0x0001d000   0x0001d000   0x00000b27   Data   RO         8289    .conststring        clicmd.o
    0x0001db27   0x0001db27   0x00000001   PAD
    0x0001db28   0x0001db28   0x00000020   Data   RO         9335    Region$$Table       anon$$obj.o


    Execution Region ER_RW (Exec base: 0x20000000, Load base: 0x0001db48, Size: 0x00001a10, Max: 0xffffffff, ABSOLUTE)

    Exec Addr    Load Addr    Size         Type   Attr      Idx    E Section Name        Object

    0x20000000   0x0001db48   0x00000030   Data   RW           15    .data               system_m480.o
    0x20000030   0x0001db78   0x0000000c   Data   RW          567    .data               asix_retarget.o
    0x2000003c   0x0001db84   0x00000038   Data   RW         2506    .data               hsusbd.o
    0x20000074   0x0001dbbc   0x00000005   Data   RW         5057    .data               cia402.o
    0x20000079   0x0001dbc1   0x00000003   PAD
    0x2000007c   0x0001dbc4   0x00000018   Data   RW         5171    .data               cia402csp.o
    0x20000094   0x0001dbdc   0x00000020   Data   RW         5302    .data               cia402hm.o
    0x200000b4   0x0001dbfc   0x00000018   Data   RW         5344    .data               cia402pp.o
    0x200000cc   0x0001dc14   0x0000000c   Data   RW         5391    .data               ax58200_foeappl.o
    0x200000d8   0x0001dc20   0x000000f0   Data   RW         5501    .data               ax58200_motorcontrol.o
    0x200001c8   0x0001dd10   0x00000006   Data   RW         5671    .data               ax58200_hw.o
    0x200001ce   0x0001dd16   0x00000002   PAD
    0x200001d0   0x0001dd18   0x00000016   Data   RW         5896    .data               bootmode.o
    0x200001e6   0x0001dd2e   0x00000002   PAD
    0x200001e8   0x0001dd30   0x000007e0   Data   RW         5993    .data               coeappl.o
    0x200009c8   0x0001e510   0x00000035   Data   RW         6096    .data               ecatappl.o
    0x200009fd   0x0001e545   0x00000003   PAD
    0x20000a00   0x0001e548   0x00000004   Data   RW         6215    .data               ecatcoe.o
    0x20000a04   0x0001e54c   0x0000001a   Data   RW         6252    .data               ecatfoe.o
    0x20000a1e   0x0001e566   0x00000002   PAD
    0x20000a20   0x0001e568   0x0000004b   Data   RW         6311    .data               ecatslv.o
    0x20000a6b   0x0001e5b3   0x00000001   PAD
    0x20000a6c   0x0001e5b4   0x00000025   Data   RW         6546    .data               mailbox.o
    0x20000a91   0x0001e5d9   0x00000003   PAD
    0x20000a94   0x0001e5dc   0x00000021   Data   RW         6662    .data               objdef.o
    0x20000ab5   0x0001e5fd   0x00000003   PAD
    0x20000ab8   0x0001e600   0x00000040   Data   RW         6756    .data               sdoserv.o
    0x20000af8   0x0001e640   0x00000290   Data   RW         6836    .data               mc.o
    0x20000d88   0x0001e8d0   0x0000019c   Data   RW         7045    .data               mc_math.o
    0x20000f24   0x0001ea6c   0x00000008   Data   RW         7160    .data               curr_fdbk.o
    0x20000f2c   0x0001ea74   0x00000005   Data   RW         7193    .data               das.o
    0x20000f31   0x0001ea79   0x00000003   PAD
    0x20000f34   0x0001ea7c   0x00000008   Data   RW         7235    .data               flash.o
    0x20000f3c   0x0001ea84   0x0000000c   Data   RW         7286    .data               incremental_fdbk.o
    0x20000f48   0x0001ea90   0x00000014   Data   RW         7346    .data               pid.o
    0x20000f5c   0x0001eaa4   0x000004e8   Data   RW         7405    .data               servo_commu.o
    0x20001444   0x0001ef8c   0x00000034   Data   RW         7585    .data               sw_protection.o
    0x20001478   0x0001efc0   0x00000020   Data   RW         7677    .data               trajectory_ctrl.o
    0x20001498   0x0001efe0   0x0000004c   Data   RW         7870    .data               mchal_husb.o
    0x200014e4   0x0001f02c   0x000001cc   Data   RW         8103    .data               mchal_vcp_desc.o
    0x200016b0   0x0001f1f8   0x00000340   Data   RW         8290    .data               clicmd.o
    0x200019f0   0x0001f538   0x00000005   Data   RW         8872    .data               printd.o
    0x200019f5   0x0001f53d   0x00000003   PAD
    0x200019f8   0x0001f540   0x00000009   Data   RW         8917    .data               test.o
    0x20001a01   0x0001f549   0x00000003   PAD
    0x20001a04   0x0001f54c   0x00000004   Data   RW         8989    .data               mc_w.l(rand.o)
    0x20001a08   0x0001f550   0x00000004   Data   RW         9316    .data               mc_w.l(mvars.o)
    0x20001a0c   0x0001f554   0x00000004   Data   RW         9317    .data               mc_w.l(mvars.o)


    Execution Region ER_ZI (Exec base: 0x20001a10, Load base: 0x0001f558, Size: 0x00015280, Max: 0xffffffff, ABSOLUTE)

    Exec Addr    Load Addr    Size         Type   Attr      Idx    E Section Name        Object

    0x20001a10        -       0x0000000c   Zero   RW         2505    .bss                hsusbd.o
    0x20001a1c        -       0x00000190   Zero   RW         5389    .bss                ax58200_foeappl.o
    0x20001bac   0x0001f558   0x00000004   PAD
    0x20001bb0        -       0x000000c0   Zero   RW         5500    .bss                ax58200_motorcontrol.o
    0x20001c70        -       0x00000440   Zero   RW         5670    .bss                ax58200_hw.o
    0x200020b0        -       0x00000038   Zero   RW         5895    .bss                bootmode.o
    0x200020e8        -       0x00000088   Zero   RW         6095    .bss                ecatappl.o
    0x20002170        -       0x00000068   Zero   RW         6545    .bss                mailbox.o
    0x200021d8        -       0x00000088   Zero   RW         6660    .bss                objdef.o
    0x20002260        -       0x00000010   Zero   RW         6754    .bss                sdoserv.o
    0x20002270        -       0x0000004c   Zero   RW         6835    .bss                mc.o
    0x200022bc        -       0x00008000   Zero   RW         7192    .bss                das.o
    0x2000a2bc        -       0x000001b4   Zero   RW         7234    .bss                flash.o
    0x2000a470        -       0x0000211f   Zero   RW         7404    .bss                servo_commu.o
    0x2000c58f   0x0001f558   0x00000001   PAD
    0x2000c590        -       0x00005018   Zero   RW         7869    .bss                mchal_husb.o
    0x200115a8        -       0x00000018   Zero   RW         8102    .bss                mchal_vcp_desc.o
    0x200115c0        -       0x0000061c   Zero   RW         8130    .bss                ax_uart.o
    0x20011bdc        -       0x00000da9   Zero   RW         8288    .bss                clicmd.o
    0x20012985   0x0001f558   0x00000003   PAD
    0x20012988        -       0x000018d8   Zero   RW         8759    .bss                console.o
    0x20014260        -       0x00000200   Zero   RW         8871    .bss                printd.o
    0x20014460        -       0x00000030   Zero   RW         8916    .bss                test.o
    0x20014490        -       0x00002000   Zero   RW            2    HEAP                startup_m480.o
    0x20016490        -       0x00000800   Zero   RW            1    STACK               startup_m480.o


==============================================================================

Image component sizes


      Code (inc. data)   RO Data    RW Data    ZI Data      Debug   Object Name

       292        132          0         12          0      17275   asix_retarget.o
       644        134          8         12        400       5884   ax58200_foeappl.o
      4784        554          0          6       1088      60845   ax58200_hw.o
      5046       1890          0        240        192      30335   ax58200_motorcontrol.o
       716         34          0          0       1564      30484   ax_uart.o
      2374        520          0         22         56      92473   bootmode.o
        96         16          0          0          0       2069   bus_vol_sensor.o
        36         12          0          5          0      19314   cia402.o
        46          0          0         24          0      25207   cia402csp.o
       694        142          0         32          0       5006   cia402hm.o
        48          0          0         24          0       3802   cia402pp.o
     45424      25036       2855        832       3497     118354   clicmd.o
      1856        178         32          0          0      13594   clk.o
      1080        162       2749       2016          0      20851   coeappl.o
      2868        374          0          0       6360      14974   console.o
       248         14          0          8          0       1940   curr_fdbk.o
       424         22          0          5      32768       2397   das.o
        82          4          0          0          0       1610   eadc.o
      1736        320          0         53        136      10044   ecatappl.o
       164         28          0          4          0       3311   ecatcoe.o
       792         58          0         26          0       5441   ecatfoe.o
      5688        684          0         75          0      18947   ecatslv.o
       162          0          0          0          0       4650   epwm.o
       872         48          0          8        436       5420   flash.o
       388         50          0          0          0       5545   fmc.o
       262         38          0          0          0       4363   foeappl.o
       178          0          0          0          0       3020   gpio.o
      2364        214          0         56         12      14129   hsusbd.o
       120         18          0         12          0       1832   incremental_fdbk.o
        32          4          0          0          0        515   loop_control.o
      1970        308          0         37        104      12856   mailbox.o
       782        268          0          0          0     153007   main.o
      1380        270          0        656         76      15879   mc.o
       188         38          0          0          0      10867   mc_it.o
      1464        112          0        412          0       7243   mc_math.o
       210          0          0          0          0       1737   mchal_eadc.o
       880         10          0          0          0      30376   mchal_epwm.o
       296          6          0          0          0       1536   mchal_gpio.o
      3284        278          0         76      20504      42461   mchal_husb.o
       986         86          0          0          0       6036   mchal_misc.o
       204          0          0          0          0        972   mchal_qei.o
       248         14          0          0          0       4228   mchal_tim.o
         0          0          0        460         24       1110   mchal_vcp_desc.o
      3770        134         32         33        136      18667   objdef.o
       772         38          0         20          0       3079   pid.o
       120         16          0          5        512       2558   printd.o
        10          0          0          0          0        848   qei.o
      3580        328        120         64         16      24087   sdoserv.o
      2428        342          0       1256       8479      13524   servo_commu.o
      1062         34          0          0          0       5070   spi.o
      1792         60          0          0          0      10121   spim.o
       104         20        500          0      10240        864   startup_m480.o
      1040         80         66          0          0       3469   stepper_mode.o
       468         10          0          0          0       1868   svpwm.o
      1164         86          0         52          0       4809   sw_protection.o
       248         44          0         48          0     243530   system_m480.o
        64         10          0          0          0       1498   temp_sensor.o
      1240         46          0          9         48       7605   test.o
       202         22         32          0          0       1916   timer.o
      1168         88          0         32          0       3063   trajectory_ctrl.o
       386         36         48          0          0       2693   uart.o

    ----------------------------------------------------------------------
    111076      33470       6480       6660      86656    1181208   Object Totals
         0          0         32          0          0          0   (incl. Generated)
        50          0          6         28          8          0   (incl. Padding)

    ----------------------------------------------------------------------

      Code (inc. data)   RO Data    RW Data    ZI Data      Debug   Library Member Name

         0          0          0          0          0          0   entry.o
         0          0          0          0          0          0   entry10a.o
         0          0          0          0          0          0   entry11a.o
         8          4          0          0          0          0   entry2.o
         4          0          0          0          0          0   entry5.o
         0          0          0          0          0          0   entry7b.o
         0          0          0          0          0          0   entry8b.o
         8          4          0          0          0          0   entry9a.o
        30          0          0          0          0          0   handlers.o
        36          8          0          0          0         68   init.o
         0          0          0          0          0          0   iusefp.o
        30          0          0          0          0         68   llshl.o
        36          0          0          0          0         68   llsshr.o
        32          0          0          0          0         68   llushr.o
       188         20          0          0          0        160   malloc.o
        26          0          0          0          0         80   memcmp.o
        36          0          0          0          0         68   memcpya.o
        36          0          0          0          0        108   memseta.o
         0          0          0          8          0          0   mvars.o
      2304         96          0          0          0        600   printfa.o
        36         10          0          4          0        136   rand.o
        28          0          0          0          0         76   strcmp.o
        18          0          0          0          0         68   strcpy.o
        14          0          0          0          0         68   strlen.o
        30          0          0          0          0         80   strncmp.o
        44          0          0          0          0         80   uidiv.o
        98          0          0          0          0         92   uldiv.o
        48          0          0          0          0         68   cdrcmple.o
       334          0          0          0          0        148   dadd.o
       222          0          0          0          0        100   ddiv.o
       186          0          0          0          0        176   depilogue.o
        48          0          0          0          0         68   dfixul.o
       228          0          0          0          0         96   dmul.o

    ----------------------------------------------------------------------
      4116        142          0         12          0       2544   Library Totals
         8          0          0          0          0          0   (incl. Padding)

    ----------------------------------------------------------------------

      Code (inc. data)   RO Data    RW Data    ZI Data      Debug   Library Name

      3042        142          0         12          0       1888   mc_w.l
      1066          0          0          0          0        656   mf_w.l

    ----------------------------------------------------------------------
      4116        142          0         12          0       2544   Library Totals

    ----------------------------------------------------------------------

==============================================================================


      Code (inc. data)   RO Data    RW Data    ZI Data      Debug   

    115192      33612       6480       6672      86656    1133204   Grand Totals
    115192      33612       6480       6672      86656    1133204   ELF Image Totals
    115192      33612       6480       6672          0          0   ROM Totals

==============================================================================

    Total RO  Size (Code + RO Data)               121672 ( 118.82kB)
    Total RW  Size (RW Data + ZI Data)             93328 (  91.14kB)
    Total ROM Size (Code + RO Data + RW Data)     128344 ( 125.34kB)

==============================================================================

