Component: ARM Compiler 5.06 update 6 (build 750) Tool: armlink [4d35ed]

==============================================================================

Small function inlining results

Inlined total of 0 calls.

==============================================================================

Section Cross References

    system_m480.o(i.SystemCoreClockUpdate) refers to clk.o(i.CLK_GetPLLClockFreq) for CLK_GetPLLClockFreq
    system_m480.o(i.SystemCoreClockUpdate) refers to system_m480.o(.data) for PllClock
    startup_m480.o(RESET) refers to startup_m480.o(STACK) for __initial_sp
    startup_m480.o(RESET) refers to startup_m480.o(.text) for Reset_Handler
    startup_m480.o(RESET) refers to retarget.o(.emb_text) for HardFault_Handler
    startup_m480.o(RESET) refers to main.o(i.SysTick_Handler) for SysTick_Handler
    startup_m480.o(RESET) refers to ax58200_hw.o(i.GPC_IRQHandler) for GPC_IRQHandler
    startup_m480.o(RESET) refers to ax58200_hw.o(i.GPE_IRQHandler) for GPE_IRQHandler
    startup_m480.o(RESET) refers to mc_it.o(i.EPWM1P0_IRQHandler) for EPWM1P0_IRQHandler
    startup_m480.o(RESET) refers to mc_it.o(i.TMR1_IRQHandler) for TMR1_IRQHandler
    startup_m480.o(RESET) refers to ax58200_hw.o(i.TMR3_IRQHandler) for TMR3_IRQHandler
    startup_m480.o(RESET) refers to ax_uart.o(i.UART0_IRQHandler) for UART0_IRQHandler
    startup_m480.o(RESET) refers to mchal_husb.o(i.USBD20_IRQHandler) for USBD20_IRQHandler
    startup_m480.o(.text) refers to system_m480.o(i.SystemInit) for SystemInit
    startup_m480.o(.text) refers to entry.o(.ARM.Collect$$$$00000000) for __main
    main.o(i.SysInit) refers to clk.o(i.CLK_EnableXtalRC) for CLK_EnableXtalRC
    main.o(i.SysInit) refers to clk.o(i.CLK_WaitClockReady) for CLK_WaitClockReady
    main.o(i.SysInit) refers to clk.o(i.CLK_SetHCLK) for CLK_SetHCLK
    main.o(i.SysInit) refers to clk.o(i.CLK_SetCoreClock) for CLK_SetCoreClock
    main.o(i.SysInit) refers to clk.o(i.CLK_EnableModuleClock) for CLK_EnableModuleClock
    main.o(i.SysInit) refers to clk.o(i.CLK_GetHXTFreq) for CLK_GetHXTFreq
    main.o(i.SysInit) refers to clk.o(i.CLK_EnableSysTick) for CLK_EnableSysTick
    main.o(i.SysInit) refers to system_m480.o(i.SystemCoreClockUpdate) for SystemCoreClockUpdate
    main.o(i.SysInit) refers to clk.o(i.CLK_SetModuleClock) for CLK_SetModuleClock
    main.o(i.SysInit) refers to uart.o(i.UART_Open) for UART_Open
    main.o(i.SysTick_Handler) refers to mc.o(i.MC_TickRun) for MC_TickRun
    main.o(i.SysTick_Handler) refers to console.o(i.CONSOLE_TimeTick) for CONSOLE_TimeTick
    main.o(i.SysTick_Handler) refers to test.o(i.TEST_Timer) for TEST_Timer
    main.o(i.main) refers to main.o(i.SysInit) for SysInit
    main.o(i.main) refers to console.o(i.CONSOLE_Init) for CONSOLE_Init
    main.o(i.main) refers to test.o(i.TEST_Init) for TEST_Init
    main.o(i.main) refers to printfa.o(i.__0printf) for __2printf
    main.o(i.main) refers to mc.o(i.MC_Init) for MC_Init
    main.o(i.main) refers to ax58200_hw.o(i.HW_Init) for HW_Init
    main.o(i.main) refers to ax58200_hw.o(i.HW_Release) for HW_Release
    main.o(i.main) refers to ecatappl.o(i.MainInit) for MainInit
    main.o(i.main) refers to ax58200_motorcontrol.o(i.CiA402_Init) for CiA402_Init
    main.o(i.main) refers to ax58200_foeappl.o(i.AX58200_FoeInit) for AX58200_FoeInit
    main.o(i.main) refers to mchal_husb.o(i.MH_VCP_Run) for MH_VCP_Run
    main.o(i.main) refers to bootmode.o(i.BL_JumpToLdrom) for BL_JumpToLdrom
    main.o(i.main) refers to console.o(i.CONSOLE_Task) for CONSOLE_Task
    main.o(i.main) refers to servo_commu.o(.bss) for mapMemory
    clk.o(i.CLK_DisableCKO) refers to clk.o(i.CLK_DisableModuleClock) for CLK_DisableModuleClock
    clk.o(i.CLK_EnableCKO) refers to clk.o(i.CLK_EnableModuleClock) for CLK_EnableModuleClock
    clk.o(i.CLK_EnableCKO) refers to clk.o(i.CLK_SetModuleClock) for CLK_SetModuleClock
    clk.o(i.CLK_EnablePLL) refers to clk.o(i.CLK_DisablePLL) for CLK_DisablePLL
    clk.o(i.CLK_EnablePLL) refers to clk.o(i.CLK_WaitClockReady) for CLK_WaitClockReady
    clk.o(i.CLK_EnablePLL) refers to clk.o(i.CLK_GetPLLClockFreq) for CLK_GetPLLClockFreq
    clk.o(i.CLK_GetCPUFreq) refers to system_m480.o(i.SystemCoreClockUpdate) for SystemCoreClockUpdate
    clk.o(i.CLK_GetCPUFreq) refers to system_m480.o(.data) for SystemCoreClock
    clk.o(i.CLK_GetHCLKFreq) refers to system_m480.o(i.SystemCoreClockUpdate) for SystemCoreClockUpdate
    clk.o(i.CLK_GetHCLKFreq) refers to system_m480.o(.data) for SystemCoreClock
    clk.o(i.CLK_GetModuleClockDivider) refers to clk.o(.constdata) for .constdata
    clk.o(i.CLK_GetModuleClockSource) refers to clk.o(.constdata) for .constdata
    clk.o(i.CLK_GetPCLK0Freq) refers to system_m480.o(i.SystemCoreClockUpdate) for SystemCoreClockUpdate
    clk.o(i.CLK_GetPCLK0Freq) refers to system_m480.o(.data) for SystemCoreClock
[...]
    RxPdoMappingCspCsv0x1600                 0x200000dc   Data          24  ax58200_motorcontrol.o(.data)
    RxPdoMappingCsp0x1601                    0x200000f4   Data          16  ax58200_motorcontrol.o(.data)
    RxPdoMappingCsv0x1602                    0x20000104   Data          16  ax58200_motorcontrol.o(.data)
    TxPdoMappingCspCsv0x1A00                 0x20000114   Data          24  ax58200_motorcontrol.o(.data)
    TxPdoMappingCsp0x1A01                    0x2000012c   Data          16  ax58200_motorcontrol.o(.data)
    TxPdoMappingCsv0x1A02                    0x2000013c   Data          16  ax58200_motorcontrol.o(.data)
    sRxPDOassign                             0x2000014c   Data           4  ax58200_motorcontrol.o(.data)
    sTxPDOassign                             0x20000150   Data           4  ax58200_motorcontrol.o(.data)
    ErrorCode0x603F                          0x20000154   Data           2  ax58200_motorcontrol.o(.data)
    Controlword0x6040                        0x20000156   Data           2  ax58200_motorcontrol.o(.data)
    Statusword0x6041                         0x20000158   Data           2  ax58200_motorcontrol.o(.data)
    VlRampFunctionTime0x604F                 0x2000015c   Data           4  ax58200_motorcontrol.o(.data)
    QuickStopOptionCode0x605A                0x20000160   Data           2  ax58200_motorcontrol.o(.data)
    ShutdownOptionCode0x605B                 0x20000162   Data           2  ax58200_motorcontrol.o(.data)
    DisableOperationOptionCode0x605C         0x20000164   Data           2  ax58200_motorcontrol.o(.data)
    FaultReactionOptionCode0x605E            0x20000166   Data           2  ax58200_motorcontrol.o(.data)
    ModesOfOperation0x6060                   0x20000168   Data           1  ax58200_motorcontrol.o(.data)
    ModesOfOperationDisplay0x6061            0x20000169   Data           1  ax58200_motorcontrol.o(.data)
    PositionActualValue0x6064                0x2000016c   Data           4  ax58200_motorcontrol.o(.data)
    VelocityActualValue0x606C                0x20000170   Data           4  ax58200_motorcontrol.o(.data)
    TorqueActualValue0x6077                  0x20000174   Data           4  ax58200_motorcontrol.o(.data)
    TargetPosition0x607A                     0x20000178   Data           4  ax58200_motorcontrol.o(.data)
    HomeOffset0x607C                         0x2000017c   Data           4  ax58200_motorcontrol.o(.data)
    SoftwarePositionLimit0x607D              0x20000180   Data          12  ax58200_motorcontrol.o(.data)
    QuickStopDeceleration0x6085              0x2000018c   Data           4  ax58200_motorcontrol.o(.data)
    HomingMethod0x6098                       0x20000190   Data           1  ax58200_motorcontrol.o(.data)
    HomingSpeed0x6099                        0x20000194   Data          12  ax58200_motorcontrol.o(.data)
    HomingAcceleration0x609A                 0x200001a0   Data           4  ax58200_motorcontrol.o(.data)
    InterpolationTimePeriod0x60C2            0x200001a4   Data           4  ax58200_motorcontrol.o(.data)
    SupportedHomingMode0x60E3                0x200001a8   Data           4  ax58200_motorcontrol.o(.data)
    DigitalInputs0x60FD                      0x200001ac   Data           4  ax58200_motorcontrol.o(.data)
    TargetVelocity0x60FF                     0x200001b0   Data           4  ax58200_motorcontrol.o(.data)
    SupportedDriveModes0x6502                0x200001b4   Data           4  ax58200_motorcontrol.o(.data)
    ModularDeviceProfile0xF000               0x200001b8   Data           6  ax58200_motorcontrol.o(.data)
    ModuleProfileList0xF010                  0x200001c0   Data           8  ax58200_motorcontrol.o(.data)
    EscALEvent                               0x200001cc   Data           2  ax58200_hw.o(.data)
    timerForJumpToLdrom                      0x200001d4   Data           2  bootmode.o(.data)
    firmwareAddr                             0x200001d8   Data           4  bootmode.o(.data)
    parameterAddr_A                          0x200001dc   Data           4  bootmode.o(.data)
    parameterAddr_B                          0x200001e0   Data           4  bootmode.o(.data)
    u64Timestamp                             0x200001f0   Data           8  coeappl.o(.data)
    u32LastDc32Value                         0x200001f8   Data           4  coeappl.o(.data)
    u32CheckForDcOverrunCnt                  0x200001fc   Data           4  coeappl.o(.data)
    ApplicationObjDic                        0x20000200   Data        1440  coeappl.o(.data)
    u32Devicetype                            0x200007a0   Data           4  coeappl.o(.data)
    u16ErrorRegister                         0x200007a4   Data           2  coeappl.o(.data)
    acDevicename                             0x200007a6   Data          21  coeappl.o(.data)
    acHardwareversion                        0x200007bb   Data           6  coeappl.o(.data)
    acSoftwareversion                        0x200007c1   Data           6  coeappl.o(.data)
    sIdentity                                0x200007c8   Data          20  coeappl.o(.data)
    sSyncmanagertype                         0x200007dc   Data           6  coeappl.o(.data)
    ObjDicList                               0x200007e4   Data           4  coeappl.o(.data)
    GenObjDic                                0x200007e8   Data         480  coeappl.o(.data)
    bEcatWaitForInputUpdate                  0x200009cc   Data           1  ecatappl.o(.data)
    bEtherCATRunLed                          0x200009cd   Data           1  ecatappl.o(.data)
    bEtherCATErrorLed                        0x200009ce   Data           1  ecatappl.o(.data)
    bRunApplication                          0x200009cf   Data           1  ecatappl.o(.data)
    pAPPL_FoeRead                            0x200009d0   Data           4  ecatappl.o(.data)
    pAPPL_FoeReadData                        0x200009d4   Data           4  ecatappl.o(.data)
    pAPPL_FoeError                           0x200009d8   Data           4  ecatappl.o(.data)
    pAPPL_FoeWrite                           0x200009dc   Data           4  ecatappl.o(.data)
    pAPPL_FoeWriteData                       0x200009e0   Data           4  ecatappl.o(.data)
    pAPPL_MainLoop                           0x200009e4   Data           4  ecatappl.o(.data)
    u32CycleTimeStartValue                   0x200009e8   Data           4  ecatappl.o(.data)
    u32MinCycleTimeStartValue                0x200009ec   Data           4  ecatappl.o(.data)
    u32SystemTimeReadFailure                 0x200009f0   Data           4  ecatappl.o(.data)
    bMinCycleTimeMeasurementStarted          0x200009f4   Data           1  ecatappl.o(.data)
    u32MinCycleTimeValue                     0x200009f8   Data           4  ecatappl.o(.data)
    bInitFinished                            0x200009fc   Data           1  ecatappl.o(.data)
    pCoeSendStored                           0x20000a00   Data           4  ecatcoe.o(.data)
    u32PacketNo                              0x20000a08   Data           4  ecatfoe.o(.data)
    u32FileOffset                            0x20000a0c   Data           4  ecatfoe.o(.data)
    u32LastFileOffset                        0x20000a10   Data           4  ecatfoe.o(.data)
    u16FileAccessState                       0x20000a14   Data           2  ecatfoe.o(.data)
    pFoeSendStored                           0x20000a18   Data           4  ecatfoe.o(.data)
    u16FoeMaxSendBlockSize                   0x20000a1c   Data           2  ecatfoe.o(.data)
    bBootMode                                0x20000a24   Data           1  ecatslv.o(.data)
    bEcatOutputUpdateRunning                 0x20000a25   Data           1  ecatslv.o(.data)
    bEcatInputUpdateRunning                  0x20000a26   Data           1  ecatslv.o(.data)
    bEcatFirstOutputsReceived                0x20000a27   Data           1  ecatslv.o(.data)
    bWdTrigger                               0x20000a28   Data           1  ecatslv.o(.data)
    bDcSyncActive                            0x20000a29   Data           1  ecatslv.o(.data)
    EsmTimeoutCounter                        0x20000a2a   Data           2  ecatslv.o(.data)
    bDcRunning                               0x20000a2c   Data           1  ecatslv.o(.data)
    u16SmSync0Counter                        0x20000a2e   Data           2  ecatslv.o(.data)
    u16SmSync0Value                          0x20000a30   Data           2  ecatslv.o(.data)
    bSmSyncSequenceValid                     0x20000a32   Data           1  ecatslv.o(.data)
    i16WaitForPllRunningTimeout              0x20000a34   Data           2  ecatslv.o(.data)
    i16WaitForPllRunningCnt                  0x20000a36   Data           2  ecatslv.o(.data)
    Sync0WdCounter                           0x20000a38   Data           2  ecatslv.o(.data)
    Sync0WdValue                             0x20000a3a   Data           2  ecatslv.o(.data)
    Sync1WdCounter                           0x20000a3c   Data           2  ecatslv.o(.data)
    Sync1WdValue                             0x20000a3e   Data           2  ecatslv.o(.data)
    LatchInputSync0Value                     0x20000a40   Data           2  ecatslv.o(.data)
    LatchInputSync0Counter                   0x20000a42   Data           2  ecatslv.o(.data)
    b32BitDc                                 0x20000a44   Data           1  ecatslv.o(.data)
    bEscIntEnabled                           0x20000a45   Data           1  ecatslv.o(.data)
    b3BufferMode                             0x20000a46   Data           1  ecatslv.o(.data)
    bLocalErrorFlag                          0x20000a47   Data           1  ecatslv.o(.data)
    u16LocalErrorCode                        0x20000a48   Data           2  ecatslv.o(.data)
    bApplEsmPending                          0x20000a4a   Data           1  ecatslv.o(.data)
    bEcatWaitForAlControlRes                 0x20000a4b   Data           1  ecatslv.o(.data)
    nEcatStateTrans                          0x20000a4c   Data           2  ecatslv.o(.data)
    nPdInputSize                             0x20000a4e   Data           2  ecatslv.o(.data)
    nPdOutputSize                            0x20000a50   Data           2  ecatslv.o(.data)
    nMaxSyncMan                              0x20000a52   Data           1  ecatslv.o(.data)
    nMaxEscAddress                           0x20000a54   Data           2  ecatslv.o(.data)
    nAlStatus                                0x20000a56   Data           1  ecatslv.o(.data)
    EcatWdValue                              0x20000a58   Data           2  ecatslv.o(.data)
    nEscAddrOutputData                       0x20000a5a   Data           2  ecatslv.o(.data)
    nEscAddrInputData                        0x20000a5c   Data           2  ecatslv.o(.data)
    u16ALEventMask                           0x20000a5e   Data           2  ecatslv.o(.data)
    u8dummy                                  0x20000a60   Data           1  ecatslv.o(.data)
    SMActivate                               0x20000a61   Data           1  ecatslv.o(.data)
    SyncManInfo                              0x20000a62   Data           8  ecatslv.o(.data)
    EepromLoaded                             0x20000a6a   Data           1  ecatslv.o(.data)
    bReceiveMbxIsLocked                      0x20000a70   Data           1  mailbox.o(.data)
    bSendMbxIsFull                           0x20000a71   Data           1  mailbox.o(.data)
    bMbxRunning                              0x20000a72   Data           1  mailbox.o(.data)
    bMbxRepeatToggle                         0x20000a73   Data           1  mailbox.o(.data)
    u16SendMbxSize                           0x20000a74   Data           2  mailbox.o(.data)
    u16ReceiveMbxSize                        0x20000a76   Data           2  mailbox.o(.data)
    u16EscAddrReceiveMbx                     0x20000a78   Data           2  mailbox.o(.data)
    u16EscAddrSendMbx                        0x20000a7a   Data           2  mailbox.o(.data)
    u8MbxWriteCounter                        0x20000a7c   Data           1  mailbox.o(.data)
    u8MbxReadCounter                         0x20000a7d   Data           1  mailbox.o(.data)
    u8MailboxSendReqStored                   0x20000a7e   Data           1  mailbox.o(.data)
    psWriteMbx                               0x20000a80   Data           4  mailbox.o(.data)
    psReadMbx                                0x20000a84   Data           4  mailbox.o(.data)
    psRepeatMbx                              0x20000a88   Data           4  mailbox.o(.data)
    psStoreMbx                               0x20000a8c   Data           4  mailbox.o(.data)
    bNoMbxMemoryAvailable                    0x20000a90   Data           1  mailbox.o(.data)
    bSyncSetByUser                           0x20000a98   Data           1  objdef.o(.data)
    sCycleDiag                               0x20000a9a   Data           2  objdef.o(.data)
    sErrorSettings                           0x20000a9c   Data          12  objdef.o(.data)
    aSubindexDesc                            0x20000aa8   Data          13  objdef.o(.data)
    u8PendingSdo                             0x20000abc   Data           1  sdoserv.o(.data)
    bStoreCompleteAccess                     0x20000abd   Data           1  sdoserv.o(.data)
    u8StoreSubindex                          0x20000abe   Data           1  sdoserv.o(.data)
    u16StoreIndex                            0x20000ac0   Data           2  sdoserv.o(.data)
    u32StoreDataSize                         0x20000ac4   Data           4  sdoserv.o(.data)
    pStoreData                               0x20000ac8   Data           4  sdoserv.o(.data)
    pSdoPendFunc                             0x20000acc   Data           4  sdoserv.o(.data)
    pSdoSegData                              0x20000ad0   Data           4  sdoserv.o(.data)
    nSdoInfoFragmentsLeft                    0x20000ad4   Data           2  sdoserv.o(.data)
    nSdoInfoIndex                            0x20000ad6   Data           2  sdoserv.o(.data)
    pSdoInfoObjEntry                         0x20000ad8   Data           4  sdoserv.o(.data)
    pSdoResStored                            0x20000adc   Data           4  sdoserv.o(.data)
    bSdoInWork                               0x20000ae0   Data           1  sdoserv.o(.data)
    nSdoSegService                           0x20000ae1   Data           1  sdoserv.o(.data)
    bSdoSegFollows                           0x20000ae2   Data           1  sdoserv.o(.data)
    bSdoSegAccess                            0x20000ae3   Data           1  sdoserv.o(.data)
    nSdoSegIndex                             0x20000ae4   Data           2  sdoserv.o(.data)
    nSdoSegSubindex                          0x20000ae6   Data           1  sdoserv.o(.data)
    nSdoSegBytesToHandle                     0x20000ae8   Data           4  sdoserv.o(.data)
    bSdoSegLastToggle                        0x20000aec   Data           1  sdoserv.o(.data)
    nSdoSegCompleteSize                      0x20000af0   Data           4  sdoserv.o(.data)
    pSdoSegObjEntry                          0x20000af4   Data           4  sdoserv.o(.data)
    BusVoltageParamsM1                       0x20000afc   Data         100  mc.o(.data)
    TemperatureParamsM1                      0x20000b60   Data         104  mc.o(.data)
    CurrentParamsM1                          0x20000bc8   Data         104  mc.o(.data)
    IncremEncParamsM1                        0x20000c30   Data          36  mc.o(.data)
    PwmParamsM1                              0x20000c54   Data          60  mc.o(.data)
    SwProtParamsM1                           0x20000c90   Data          36  mc.o(.data)
    PosParamsM1                              0x20000cb4   Data          52  mc.o(.data)
    SpdParamsM1                              0x20000ce8   Data          52  mc.o(.data)
    AmpParamsM1                              0x20000d1c   Data          52  mc.o(.data)
    ampIdCmd                                 0x20000d50   Data           4  mc.o(.data)
    AmpParamsM2                              0x20000d54   Data          52  mc.o(.data)
    lineCoding                               0x2000149c   Data           8  mchal_husb.o(.data)
    sHSInfo                                  0x20001684   Data          44  mchal_vcp_desc.o(.data)
    CLICMD_userCmdTable                      0x200016b4   Data         828  clicmd.o(.data)
    __microlib_freelist                      0x20001a08   Data           4  mvars.o(.data)
    __microlib_freelist_initialised          0x20001a0c   Data           4  mvars.o(.data)
    aFileName                                0x20001a1c   Data          16  ax58200_foeappl.o(.bss)
    aFileData                                0x20001a2c   Data         384  ax58200_foeappl.o(.bss)
    CiA402Axis                               0x20001bb0   Data         192  ax58200_motorcontrol.o(.bss)
    HW_Debug                                 0x20001c70   Data          32  ax58200_hw.o(.bss)
    HW_SpiObj                                0x20001c90   Data        1056  ax58200_hw.o(.bss)
    firmwareObj                              0x200020b0   Data          24  bootmode.o(.bss)
    firmwareHeader                           0x200020c8   Data          32  bootmode.o(.bss)
    aPdOutputData                            0x200020e8   Data          68  ecatappl.o(.bss)
    aPdInputData                             0x2000212c   Data          68  ecatappl.o(.bss)
    sMbxSendQueue                            0x20002170   Data          52  mailbox.o(.bss)
    sMbxReceiveQueue                         0x200021a4   Data          52  mailbox.o(.bss)
    sSyncManOutPar                           0x200021d8   Data          68  objdef.o(.bss)
    sSyncManInPar                            0x2000221c   Data          68  objdef.o(.bss)
    aSdoInfoHeader                           0x20002260   Data          16  sdoserv.o(.bss)
    MotorCtrl                                0x20002270   Data          76  mc.o(.bss)
    dasMemory                                0x200022bc   Data       32768  das.o(.bss)
    mapMemory                                0x2000a470   Data        6400  servo_commu.o(.bss)
    Husb                                     0x2000c590   Data       20504  mchal_husb.o(.bss)
    UART_Obj                                 0x200115c0   Data        1564  ax_uart.o(.bss)
    CLICMD_userTable                         0x20012964   Data          33  clicmd.o(.bss)
    TestTime                                 0x20014460   Data          48  test.o(.bss)
    __heap_base                              0x20014490   Data           0  startup_m480.o(HEAP)
    __heap_limit                             0x20016490   Data           0  startup_m480.o(HEAP)
    __initial_sp                             0x20016c90   Data           0  startup_m480.o(STACK)



==============================================================================

Memory Map of the image

  Image Entry point : 0x00000225

  Load Region LR_1 (Base: 0x00000000, Size: 0x0001f56c, Max: 0xffffffff, ABSOLUTE)

    Execution Region ER_RO (Exec base: 0x00000000, Load base: 0x00000000, Size: 0x0001db5c, Max: 0xffffffff, ABSOLUTE)

    Exec Addr    Load Addr    Size         Type   Attr      Idx    E Section Name        Object

    0x00000000   0x00000000   0x000001f4   Data   RO          320    RESET               startup_m480.o
    0x000001f4   0x000001f4   0x00000000   Code   RO         6390  * .ARM.Collect$$$$00000000  mc_w.l(entry.o)
    0x000001f4   0x000001f4   0x00000004   Code   RO         6699    .ARM.Collect$$$$00000001  mc_w.l(entry2.o)
    0x000001f8   0x000001f8   0x00000004   Code   RO         6702    .ARM.Collect$$$$00000004  mc_w.l(entry5.o)
    0x000001fc   0x000001fc   0x00000000   Code   RO         6704    .ARM.Collect$$$$00000008  mc_w.l(entry7b.o)
    0x000001fc   0x000001fc   0x00000000   Code   RO         6706    .ARM.Collect$$$$0000000A  mc_w.l(entry8b.o)
    0x000001fc   0x000001fc   0x00000008   Code   RO         6707    .ARM.Collect$$$$0000000B  mc_w.l(entry9a.o)
    0x00000204   0x00000204   0x00000000   Code   RO         6709    .ARM.Collect$$$$0000000D  mc_w.l(entry10a.o)
    0x00000204   0x00000204   0x00000000   Code   RO         6711    .ARM.Collect$$$$0000000F  mc_w.l(entry11a.o)
    0x00000204   0x00000204   0x00000004   Code   RO         6700    .ARM.Collect$$$$00002712  mc_w.l(entry2.o)
    0x00000208   0x00000208   0x0000001c   Code   RO         1886    .emb_text           retarget.o
    0x00000224   0x00000224   0x00000068   Code   RO          321  * .text               startup_m480.o
    0x0000028c   0x0000028c   0x00000024   Code   RO         6391    .text               mc_w.l(rand.o)
    0x000002b0   0x000002b0   0x00000024   Code   RO         6394    .text               mc_w.l(memcpya.o)
    0x000002d4   0x000002d4   0x00000024   Code   RO         6396    .text               mc_w.l(memseta.o)
    0x000002f8   0x000002f8   0x0000000e   Code   RO         6398    .text               mc_w.l(strlen.o)
    0x00000306   0x00000306   0x0000001c   Code   RO         6400    .text               mc_w.l(strcmp.o)
    0x00000322   0x00000322   0x0000001a   Code   RO         6402    .text               mc_w.l(memcmp.o)
    0x0000033c   0x0000033c   0x00000012   Code   RO         6404    .text               mc_w.l(strcpy.o)
    0x0000034e   0x0000034e   0x0000001e   Code   RO         6406    .text               mc_w.l(strncmp.o)
    0x0000036c   0x0000036c   0x0000002c   Code   RO         6713    .text               mc_w.l(uidiv.o)
    0x00000398   0x00000398   0x00000062   Code   RO         6715    .text               mc_w.l(uldiv.o)
    0x000003fa   0x000003fa   0x00000000   Code   RO         6719    .text               mc_w.l(iusefp.o)
    0x000003fa   0x000003fa   0x0000014e   Code   RO         6720    .text               mf_w.l(dadd.o)
    0x00000548   0x00000548   0x000000e4   Code   RO         6722    .text               mf_w.l(dmul.o)
    0x0000062c   0x0000062c   0x000000de   Code   RO         6724    .text               mf_w.l(ddiv.o)
    0x0000070a   0x0000070a   0x00000030   Code   RO         6726    .text               mf_w.l(dfixul.o)
    0x0000073a   0x0000073a   0x00000002   PAD
    0x0000073c   0x0000073c   0x00000030   Code   RO         6728    .text               mf_w.l(cdrcmple.o)
    0x0000076c   0x0000076c   0x00000024   Code   RO         6730    .text               mc_w.l(init.o)
    0x00000790   0x00000790   0x0000001e   Code   RO         6732    .text               mc_w.l(llshl.o)
    0x000007ae   0x000007ae   0x00000020   Code   RO         6734    .text               mc_w.l(llushr.o)
    0x000007ce   0x000007ce   0x00000024   Code   RO         6736    .text               mc_w.l(llsshr.o)
    0x000007f2   0x000007f2   0x000000ba   Code   RO         6738    .text               mf_w.l(depilogue.o)
    0x000008ac   0x000008ac   0x000004fc   Code   RO         3689    i.AL_ControlInd     ecatslv.o
    0x00000da8   0x00000da8   0x00000208   Code   RO         3690    i.AL_ControlRes     ecatslv.o
    0x00000fb0   0x00000fb0   0x00000002   Code   RO         2880    i.APPL_AckErrorInd  ax58200_motorcontrol.o
    0x00000fb2   0x00000fb2   0x00000002   PAD
    0x00000fb4   0x00000fb4   0x00000024   Code   RO         2881    i.APPL_Application  ax58200_motorcontrol.o
    0x00000fd8   0x00000fd8   0x000001e8   Code   RO         2882    i.APPL_GenerateMapping  ax58200_motorcontrol.o
    0x000011c0   0x000011c0   0x000000b0   Code   RO         2883    i.APPL_InputMapping  ax58200_motorcontrol.o
    0x00001270   0x00001270   0x000000b0   Code   RO         2884    i.APPL_OutputMapping  ax58200_motorcontrol.o
    0x00001320   0x00001320   0x00000044   Code   RO         2885    i.APPL_StartInputHandler  ax58200_motorcontrol.o
    0x00001364   0x00001364   0x00000004   Code   RO         2886    i.APPL_StartMailboxHandler  ax58200_motorcontrol.o
    0x00001368   0x00001368   0x00000070   Code   RO         2887    i.APPL_StartOutputHandler  ax58200_motorcontrol.o
    0x000013d8   0x000013d8   0x00000004   Code   RO         2888    i.APPL_StopInputHandler  ax58200_motorcontrol.o
    0x000013dc   0x000013dc   0x00000004   Code   RO         2889    i.APPL_StopMailboxHandler  ax58200_motorcontrol.o
    0x000013e0   0x000013e0   0x00000068   Code   RO         2890    i.APPL_StopOutputHandler  ax58200_motorcontrol.o
    0x00001448   0x00001448   0x0000002c   Code   RO         2781    i.AX58200_FoeError  ax58200_foeappl.o
    0x00001474   0x00001474   0x00000048   Code   RO         2782    i.AX58200_FoeInit   ax58200_foeappl.o
    0x000014bc   0x000014bc   0x00000090   Code   RO         2783    i.AX58200_FoeRead   ax58200_foeappl.o
    0x0000154c   0x0000154c   0x00000064   Code   RO         2784    i.AX58200_FoeReadData  ax58200_foeappl.o
    0x000015b0   0x000015b0   0x00000098   Code   RO         2785    i.AX58200_FoeWrite  ax58200_foeappl.o
    0x00001648   0x00001648   0x00000084   Code   RO         2786    i.AX58200_FoeWriteData  ax58200_foeappl.o
    0x000016cc   0x000016cc   0x00000070   Code   RO         5531    i.AX_UART_GetChar   ax_uart.o
    0x0000173c   0x0000173c   0x00000110   Code   RO         5532    i.AX_UART_Init      ax_uart.o
    0x0000184c   0x0000184c   0x0000006c   Code   RO         5533    i.AX_UART_PutChar   ax_uart.o
    0x000018b8   0x000018b8   0x00000028   Code   RO         3379    i.AddObjectsToObjDictionary  coeappl.o
    0x000018e0   0x000018e0   0x000006b8   Code   RO         3282    i.BL_Data           bootmode.o
    0x00001f98   0x00001f98   0x000000b4   Code   RO         3284    i.BL_JumpToLdrom    bootmode.o
    0x0000204c   0x0000204c   0x00000018   Code   RO         3285    i.BL_Start          bootmode.o
    0x00002064   0x00002064   0x00000060   Code   RO         3286    i.BL_StartDownload  bootmode.o
    0x000020c4   0x000020c4   0x0000000c   Code   RO         3287    i.BL_Stop           bootmode.o
    0x000020d0   0x000020d0   0x00000016   Code   RO         6311    i.BSP_PDI_EscRead   test.o
    0x000020e6   0x000020e6   0x00000016   Code   RO         6312    i.BSP_PDI_EscWrite  test.o
    0x000020fc   0x000020fc   0x0000000c   Code   RO         3691    i.BackToInitTransition  ecatslv.o
    0x00002108   0x00002108   0x00000006   Code   RO         2566    i.CIA402CSP_DeInit  cia402csp.o
    0x0000210e   0x0000210e   0x00000010   Code   RO         2567    i.CIA402CSP_Init    cia402csp.o
    0x0000211e   0x0000211e   0x00000018   Code   RO         2568    i.CIA402CSP_Run     cia402csp.o
    0x00002136   0x00002136   0x00000006   Code   RO         2697    i.CIA402HM_DeInit   cia402hm.o
    0x0000213c   0x0000213c   0x00000010   Code   RO         2698    i.CIA402HM_Init     cia402hm.o
    0x0000214c   0x0000214c   0x000002a0   Code   RO         2699    i.CIA402HM_Run      cia402hm.o
    0x000023ec   0x000023ec   0x00000006   Code   RO         2739    i.CIA402PP_DeInit   cia402pp.o
    0x000023f2   0x000023f2   0x00000010   Code   RO         2740    i.CIA402PP_Init     cia402pp.o
    0x00002402   0x00002402   0x0000001a   Code   RO         2741    i.CIA402PP_Run      cia402pp.o
    0x0000241c   0x0000241c   0x0000000c   Code   RO         2450    i.CIA402_CheckEmulationEnable  cia402.o
    0x00002428   0x00002428   0x00000018   Code   RO         2452    i.CIA402_EmulationControl  cia402.o
    0x00002440   0x00002440   0x00000008   Code   RO         5591    i.CLICMD_GetCmdTable  clicmd.o
    0x00002448   0x00002448   0x00000004   Code   RO         5592    i.CLICMD_GetCmdTableSize  clicmd.o
    0x0000244c   0x0000244c   0x00000028   Code   RO          616    i.CLK_DisableModuleClock  clk.o
    0x00002474   0x00002474   0x00000018   Code   RO          617    i.CLK_DisablePLL    clk.o
    0x0000248c   0x0000248c   0x00000028   Code   RO          622    i.CLK_EnableModuleClock  clk.o
    0x000024b4   0x000024b4   0x00000194   Code   RO          623    i.CLK_EnablePLL     clk.o
    0x00002648   0x00002648   0x00000048   Code   RO          625    i.CLK_EnableSysTick  clk.o
    0x00002690   0x00002690   0x00000014   Code   RO          626    i.CLK_EnableXtalRC  clk.o
    0x000026a4   0x000026a4   0x00000010   Code   RO          627    i.CLK_GetCPUFreq    clk.o
    0x000026b4   0x000026b4   0x00000010   Code   RO          628    i.CLK_GetHCLKFreq   clk.o
    0x000026c4   0x000026c4   0x0000001c   Code   RO          629    i.CLK_GetHXTFreq    clk.o
    0x000026e0   0x000026e0   0x00000018   Code   RO          630    i.CLK_GetLXTFreq    clk.o
    0x000026f8   0x000026f8   0x0000006c   Code   RO          631    i.CLK_GetModuleClockDivider  clk.o
    0x00002764   0x00002764   0x00000098   Code   RO          632    i.CLK_GetModuleClockSource  clk.o
    0x000027fc   0x000027fc   0x00000078   Code   RO          633    i.CLK_GetPCLK0Freq  clk.o
    0x00002874   0x00002874   0x00000078   Code   RO          634    i.CLK_GetPCLK1Freq  clk.o
    0x000028ec   0x000028ec   0x00000074   Code   RO          635    i.CLK_GetPLLClockFreq  clk.o
    0x00002960   0x00002960   0x0000000c   Code   RO          636    i.CLK_GetPMUWKSrc   clk.o
    0x0000296c   0x0000296c   0x000000a4   Code   RO          639    i.CLK_SetCoreClock  clk.o
    0x00002a10   0x00002a10   0x0000007c   Code   RO          640    i.CLK_SetHCLK       clk.o
    0x00002a8c   0x00002a8c   0x000000d4   Code   RO          641    i.CLK_SetModuleClock  clk.o
    0x00002b60   0x00002b60   0x0000002c   Code   RO          644    i.CLK_WaitClockReady  clk.o
    0x00002b8c   0x00002b8c   0x00000090   Code   RO         3380    i.COE_AddObjectToDic  coeappl.o
    0x00002c1c   0x00002c1c   0x00000024   Code   RO         3381    i.COE_ClearObjDictionary  coeappl.o
    0x00002c40   0x00002c40   0x00000048   Code   RO         3610    i.COE_ContinueInd   ecatcoe.o
    0x00002c88   0x00002c88   0x0000000c   Code   RO         3382    i.COE_GetObjectDictionary  coeappl.o
    0x00002c94   0x00002c94   0x00000014   Code   RO         3611    i.COE_Init          ecatcoe.o
    0x00002ca8   0x00002ca8   0x000000bc   Code   RO         3383    i.COE_Main          coeappl.o
    0x00002d64   0x00002d64   0x00000030   Code   RO         3384    i.COE_ObjDictionaryInit  coeappl.o
    0x00002d94   0x00002d94   0x000000fc   Code   RO         3385    i.COE_ObjInit       coeappl.o
    0x00002e90   0x00002e90   0x00000044   Code   RO         3386    i.COE_RemoveDicEntry  coeappl.o
    0x00002ed4   0x00002ed4   0x00000048   Code   RO         3612    i.COE_ServiceInd    ecatcoe.o
    0x00002f1c   0x00002f1c   0x00000078   Code   RO         3387    i.COE_SyncTimeStamp  coeappl.o
    0x00002f94   0x00002f94   0x0000005c   Code   RO         3388    i.COE_UpdateSyncErrorStatus  coeappl.o
    0x00002ff0   0x00002ff0   0x000000bc   Code   RO         6147    i.CONSOLE_Init      console.o
    0x000030ac   0x000030ac   0x00000030   Code   RO         6148    i.CONSOLE_PutMessage  console.o
    0x000030dc   0x000030dc   0x0000030c   Code   RO         6149    i.CONSOLE_Task      console.o
    0x000033e8   0x000033e8   0x00000054   Code   RO         6150    i.CONSOLE_TimeTick  console.o
    0x0000343c   0x0000343c   0x0000009c   Code   RO         3692    i.CheckIfEcatError  ecatslv.o
    0x000034d8   0x000034d8   0x00000280   Code   RO         3693    i.CheckSmSettings   ecatslv.o
    0x00003758   0x00003758   0x00000104   Code   RO         4046    i.CheckSyncTypeValue  objdef.o
    0x0000385c   0x0000385c   0x00000210   Code   RO         2891    i.CiA402_Application  ax58200_motorcontrol.o
    0x00003a6c   0x00003a6c   0x000001dc   Code   RO         2893    i.CiA402_Init       ax58200_motorcontrol.o
    0x00003c48   0x00003c48   0x0000001c   Code   RO         2894    i.CiA402_LocalError  ax58200_motorcontrol.o
    0x00003c64   0x00003c64   0x00000290   Code   RO         2895    i.CiA402_MotionControl  ax58200_motorcontrol.o
    0x00003ef4   0x00003ef4   0x00000790   Code   RO         2896    i.CiA402_StateMachine  ax58200_motorcontrol.o
    0x00004684   0x00004684   0x000000f8   Code   RO         2897    i.CiA402_TransitionAction  ax58200_motorcontrol.o
    0x0000477c   0x0000477c   0x00000028   Code   RO         4595    i.DAS_Init          das.o
    0x000047a4   0x000047a4   0x00000180   Code   RO         4596    i.DAS_Run           das.o
    0x00004924   0x00004924   0x00000100   Code   RO         3694    i.DC_CheckWatchdog  ecatslv.o
    0x00004a24   0x00004a24   0x00000032   Code   RO         3695    i.DisableSyncManChannel  ecatslv.o
    0x00004a56   0x00004a56   0x00000002   PAD
    0x00004a58   0x00004a58   0x00000030   Code   RO         1524    i.EADC_ConfigSampleModule  eadc.o
    0x00004a88   0x00004a88   0x00000022   Code   RO         1525    i.EADC_Open         eadc.o
    0x00004aaa   0x00004aaa   0x00000002   PAD
    0x00004aac   0x00004aac   0x00000034   Code   RO         3480    i.ECAT_Application  ecatappl.o
    0x00004ae0   0x00004ae0   0x00000084   Code   RO         3481    i.ECAT_CheckTimer   ecatappl.o
    0x00004b64   0x00004b64   0x00000110   Code   RO         3696    i.ECAT_Init         ecatslv.o
    0x00004c74   0x00004c74   0x00000140   Code   RO         3697    i.ECAT_Main         ecatslv.o
    0x00004db4   0x00004db4   0x0000007c   Code   RO         4377    i.EPWM1P0_IRQHandler  mc_it.o
    0x00004e30   0x00004e30   0x0000000a   Code   RO          987    i.EPWM_ClearZeroIntFlag  epwm.o
    0x00004e3a   0x00004e3a   0x0000004a   Code   RO         1012    i.EPWM_EnableADCTrigger  epwm.o
    0x00004e84   0x00004e84   0x0000000e   Code   RO         1026    i.EPWM_EnableLoadMode  epwm.o
    0x00004e92   0x00004e92   0x0000000c   Code   RO         1027    i.EPWM_EnableOutput  epwm.o
    0x00004e9e   0x00004e9e   0x00000010   Code   RO         1033    i.EPWM_EnableZeroInt  epwm.o
    0x00004eae   0x00004eae   0x0000001c   Code   RO         1046    i.EPWM_SetClockSource  epwm.o
    0x00004eca   0x00004eca   0x00000008   Code   RO         1048    i.EPWM_Start        epwm.o
    0x00004ed2   0x00004ed2   0x00000032   Code   RO         3699    i.EnableSyncManChannel  ecatslv.o
    0x00004f04   0x00004f04   0x00000014   Code   RO         1978    i.FMC_Close         fmc.o
    0x00004f18   0x00004f18   0x00000054   Code   RO         1981    i.FMC_Erase         fmc.o
    0x00004f6c   0x00004f6c   0x00000048   Code   RO         1985    i.FMC_Erase_SPROM   fmc.o
    0x00004fb4   0x00004fb4   0x00000024   Code   RO         1986    i.FMC_GetBootSource  fmc.o
    0x00004fd8   0x00004fd8   0x00000014   Code   RO         1991    i.FMC_Open          fmc.o
    0x00004fec   0x00004fec   0x00000028   Code   RO         1992    i.FMC_Read          fmc.o
    0x00005014   0x00005014   0x0000002c   Code   RO         1993    i.FMC_ReadConfig    fmc.o
    0x00005040   0x00005040   0x0000002c   Code   RO         5593    i.FMC_ReadUCID      clicmd.o
    0x0000506c   0x0000506c   0x00000028   Code   RO         5594    i.FMC_ReadUID       clicmd.o
    0x00005094   0x00005094   0x00000024   Code   RO         1997    i.FMC_SetBootSource  fmc.o
    0x000050b8   0x000050b8   0x00000024   Code   RO         1999    i.FMC_Write         fmc.o
    0x000050dc   0x000050dc   0x0000002c   Code   RO         3852    i.FOE_Ack           foeappl.o
    0x00005108   0x00005108   0x00000012   Code   RO         3853    i.FOE_Busy          foeappl.o
    0x0000511a   0x0000511a   0x00000002   PAD
    0x0000511c   0x0000511c   0x00000020   Code   RO         3647    i.FOE_ContinueInd   ecatfoe.o
    0x0000513c   0x0000513c   0x00000050   Code   RO         3854    i.FOE_Data          foeappl.o
    0x0000518c   0x0000518c   0x00000018   Code   RO         3855    i.FOE_Error         foeappl.o
    0x000051a4   0x000051a4   0x0000001c   Code   RO         3648    i.FOE_Init          ecatfoe.o
    0x000051c0   0x000051c0   0x00000038   Code   RO         3856    i.FOE_Read          foeappl.o
    0x000051f8   0x000051f8   0x000002dc   Code   RO         3649    i.FOE_ServiceInd    ecatfoe.o
    0x000054d4   0x000054d4   0x00000028   Code   RO         3857    i.FOE_Write         foeappl.o
    0x000054fc   0x000054fc   0x00000072   Code   RO         3288    i.FirmwareChecksum32  bootmode.o
    0x0000556e   0x0000556e   0x00000002   PAD
    0x00005570   0x00005570   0x0000007c   Code   RO         3029    i.GPC_IRQHandler    ax58200_hw.o
    0x000055ec   0x000055ec   0x00000044   Code   RO         3030    i.GPE_IRQHandler    ax58200_hw.o
    0x00005630   0x00005630   0x00000028   Code   RO          929    i.GPIO_EnableInt    gpio.o
    0x00005658   0x00005658   0x00000032   Code   RO          930    i.GPIO_SetMode      gpio.o
    0x0000568a   0x0000568a   0x0000002c   Code   RO          931    i.GPIO_SetPullCtl   gpio.o
    0x000056b6   0x000056b6   0x0000002c   Code   RO          932    i.GPIO_SetSlewCtl   gpio.o
    0x000056e2   0x000056e2   0x00000002   PAD
    0x000056e4   0x000056e4   0x00000014   Code   RO         3031    i.GetInterruptRegister  ax58200_hw.o
    0x000056f8   0x000056f8   0x0000002e   Code   RO         3930    i.GetOutOfMbxQueue  mailbox.o
    0x00005726   0x00005726   0x00000002   PAD
    0x00005728   0x00005728   0x0000001c   Code   RO         3700    i.GetSyncMan        ecatslv.o
    0x00005744   0x00005744   0x0000004c   Code   RO         3484    i.GetSystemTimeDelay  ecatappl.o
    0x00005790   0x00005790   0x0000005c   Code   RO         5261    i.HSUSBD_ConfigEp   mchal_husb.o
    0x000057ec   0x000057ec   0x000000d4   Code   RO         2358    i.HSUSBD_CtrlIn     hsusbd.o
    0x000058c0   0x000058c0   0x00000040   Code   RO         2359    i.HSUSBD_CtrlOut    hsusbd.o
    0x00005900   0x00005900   0x000002d8   Code   RO         2360    i.HSUSBD_GetDescriptor  hsusbd.o
    0x00005bd8   0x00005bd8   0x00000060   Code   RO         2361    i.HSUSBD_Open       hsusbd.o
    0x00005c38   0x00005c38   0x00000014   Code   RO         2362    i.HSUSBD_PrepareCtrlIn  hsusbd.o
    0x00005c4c   0x00005c4c   0x00000078   Code   RO         2363    i.HSUSBD_ProcessSetupPacket  hsusbd.o
    0x00005cc4   0x00005cc4   0x0000003c   Code   RO         5262    i.HSUSBD_SetEpBufAddr  mchal_husb.o
    0x00005d00   0x00005d00   0x0000029c   Code   RO         2365    i.HSUSBD_StandardRequest  hsusbd.o
    0x00005f9c   0x00005f9c   0x00000014   Code   RO         2366    i.HSUSBD_Start      hsusbd.o
    0x00005fb0   0x00005fb0   0x0000002c   Code   RO         2367    i.HSUSBD_SwReset    hsusbd.o
    0x00005fdc   0x00005fdc   0x00000188   Code   RO         2368    i.HSUSBD_UpdateDeviceState  hsusbd.o
    0x00006164   0x00006164   0x00000030   Code   RO         3032    i.HW_CheckTimeout   ax58200_hw.o
    0x00006194   0x00006194   0x00000054   Code   RO         3033    i.HW_CheckVendorProductID  ax58200_hw.o
    0x000061e8   0x000061e8   0x00000028   Code   RO         3034    i.HW_EscRead        ax58200_hw.o
    0x00006210   0x00006210   0x00000028   Code   RO         3035    i.HW_EscReadIsr     ax58200_hw.o
    0x00006238   0x00006238   0x00000028   Code   RO         3036    i.HW_EscWrite       ax58200_hw.o
    0x00006260   0x00006260   0x00000028   Code   RO         3037    i.HW_EscWriteIsr    ax58200_hw.o
    0x00006288   0x00006288   0x00000162   Code   RO         3038    i.HW_GPIO_PinToIntrNum  ax58200_hw.o
    0x000063ea   0x000063ea   0x00000012   Code   RO         3041    i.HW_GPIO_WritePin  ax58200_hw.o
    0x000063fc   0x000063fc   0x00000010   Code   RO         3042    i.HW_GetALEventRegister  ax58200_hw.o
    0x0000640c   0x0000640c   0x00000010   Code   RO         3043    i.HW_GetALEventRegister_Isr  ax58200_hw.o
    0x0000641c   0x0000641c   0x00000008   Code   RO         3044    i.HW_GetDebugCounter  ax58200_hw.o
    0x00006424   0x00006424   0x000003e8   Code   RO         3045    i.HW_Init           ax58200_hw.o
    0x0000680c   0x0000680c   0x0000001e   Code   RO         3046    i.HW_MiiPdiAccess   ax58200_hw.o
    0x0000682a   0x0000682a   0x00000080   Code   RO         3047    i.HW_MiiPhyRead     ax58200_hw.o
    0x000068aa   0x000068aa   0x00000078   Code   RO         3048    i.HW_MiiPhyWrite    ax58200_hw.o
    0x00006922   0x00006922   0x00000022   Code   RO         3049    i.HW_MiiWaitReady   ax58200_hw.o
    0x00006944   0x00006944   0x0000011c   Code   RO         3050    i.HW_MultiFuncPins  ax58200_hw.o
    0x00006a60   0x00006a60   0x00000008   Code   RO         3051    i.HW_Release        ax58200_hw.o
    0x00006a68   0x00006a68   0x000000ec   Code   RO         3053    i.HW_SPI_ClkSource  ax58200_hw.o
    0x00006b54   0x00006b54   0x00000010   Code   RO         3054    i.HW_SPI_DeInit     ax58200_hw.o
    0x00006b64   0x00006b64   0x000000e4   Code   RO         3055    i.HW_SPI_Init       ax58200_hw.o
    0x00006c48   0x00006c48   0x0000010a   Code   RO         3056    i.HW_SPI_Read       ax58200_hw.o
    0x00006d52   0x00006d52   0x00000002   PAD
    0x00006d54   0x00006d54   0x00000178   Code   RO         3057    i.HW_SPI_TransmitReceive  ax58200_hw.o
    0x00006ecc   0x00006ecc   0x00000074   Code   RO         3058    i.HW_SPI_WaitFlagStateUntilTimeout  ax58200_hw.o
    0x00006f40   0x00006f40   0x000000de   Code   RO         3059    i.HW_SPI_Write      ax58200_hw.o
    0x0000701e   0x0000701e   0x00000002   PAD
    0x00007020   0x00007020   0x000000f0   Code   RO         3060    i.HW_TMR_ClkSource  ax58200_hw.o
    0x00007110   0x00007110   0x0000014c   Code   RO         3061    i.HW_UART_ClkSource  ax58200_hw.o
    0x0000725c   0x0000725c   0x00000068   Code   RO         3485    i.HandleCycleTimeMeasurement  ecatappl.o
    0x000072c4   0x000072c4   0x0000002c   Code   RO         1888    i.Hard_Fault_Handler  retarget.o
    0x000072f0   0x000072f0   0x00000014   Code   RO         3062    i.ISR_GetInterruptRegister  ax58200_hw.o
    0x00007304   0x00007304   0x00000114   Code   RO         3931    i.MBX_CheckAndCopyMailbox  mailbox.o
    0x00007418   0x00007418   0x000000a8   Code   RO         3932    i.MBX_CopyToSendMailbox  mailbox.o
    0x000074c0   0x000074c0   0x000000cc   Code   RO         3933    i.MBX_Init          mailbox.o
    0x0000758c   0x0000758c   0x000000c8   Code   RO         3934    i.MBX_MailboxReadInd  mailbox.o
    0x00007654   0x00007654   0x00000068   Code   RO         3935    i.MBX_MailboxRepeatReq  mailbox.o
    0x000076bc   0x000076bc   0x00000094   Code   RO         3936    i.MBX_MailboxSendReq  mailbox.o
    0x00007750   0x00007750   0x0000007c   Code   RO         3937    i.MBX_MailboxWriteInd  mailbox.o
    0x000077cc   0x000077cc   0x00000050   Code   RO         3938    i.MBX_Main          mailbox.o
    0x0000781c   0x0000781c   0x000000d8   Code   RO         3939    i.MBX_StartMailboxHandler  mailbox.o
    0x000078f4   0x000078f4   0x0000011c   Code   RO         3940    i.MBX_StopMailboxHandler  mailbox.o
    0x00007a10   0x00007a10   0x0000000c   Code   RO         4216    i.MC_CheckHomingDone  mc.o
    0x00007a1c   0x00007a1c   0x00000034   Code   RO         4217    i.MC_ClearActualPosition  mc.o
    0x00007a50   0x00007a50   0x0000000c   Code   RO         4219    i.MC_FaultReset     mc.o
    0x00007a5c   0x00007a5c   0x0000000c   Code   RO         4220    i.MC_GetActualPosition  mc.o
    0x00007a68   0x00007a68   0x0000000c   Code   RO         4221    i.MC_GetActualTorque  mc.o
    0x00007a74   0x00007a74   0x0000000c   Code   RO         4222    i.MC_GetActualVelocity  mc.o
    0x00007a80   0x00007a80   0x0000000c   Code   RO         4223    i.MC_GetFaultStatus  mc.o
    0x00007a8c   0x00007a8c   0x0000000c   Code   RO         4224    i.MC_GetState       mc.o
    0x00007a98   0x00007a98   0x000000ac   Code   RO         4225    i.MC_Init           mc.o
    0x00007b44   0x00007b44   0x00000018   Code   RO         4226    i.MC_SetTargetPosition  mc.o
    0x00007b5c   0x00007b5c   0x00000018   Code   RO         4228    i.MC_StartHoming    mc.o
    0x00007b74   0x00007b74   0x00000014   Code   RO         4229    i.MC_StartMotor     mc.o
    0x00007b88   0x00007b88   0x00000014   Code   RO         4230    i.MC_StopMotor      mc.o
    0x00007b9c   0x00007b9c   0x0000036c   Code   RO         4231    i.MC_TaskRun        mc.o
    0x00007f08   0x00007f08   0x0000006c   Code   RO         4232    i.MC_TickRun        mc.o
    0x00007f74   0x00007f74   0x00000034   Code   RO         5122    i.MH_AdcConv        mchal_eadc.o
    0x00007fa8   0x00007fa8   0x0000009e   Code   RO         5124    i.MH_AdcRegInit     mchal_eadc.o
    0x00008046   0x00008046   0x00000162   Code   RO         5421    i.MH_BitToNum       mchal_misc.o
    0x000081a8   0x000081a8   0x0000000c   Code   RO         5422    i.MH_ClkTick_1ms    mchal_misc.o
    0x000081b4   0x000081b4   0x00000084   Code   RO         5223    i.MH_DebugHwInit    mchal_gpio.o
    0x00008238   0x00008238   0x00000010   Code   RO         5423    i.MH_Delay_1ms      mchal_misc.o
    0x00008248   0x00008248   0x0000002e   Code   RO         5166    i.MH_EPWMSetCntType  mchal_epwm.o
    0x00008276   0x00008276   0x00000002   PAD
    0x00008278   0x00008278   0x00000034   Code   RO         5424    i.MH_EadcClkSource  mchal_misc.o
    0x000082ac   0x000082ac   0x00000060   Code   RO         5426    i.MH_EpwmClkSource  mchal_misc.o
    0x0000830c   0x0000830c   0x000002d0   Code   RO         5168    i.MH_EpwmRegInit    mchal_epwm.o
    0x000085dc   0x000085dc   0x0000002e   Code   RO         5169    i.MH_EpwmSetCntMode  mchal_epwm.o
    0x0000860a   0x0000860a   0x00000044   Code   RO         5170    i.MH_EpwmSetOutMode  mchal_epwm.o
    0x0000864e   0x0000864e   0x00000002   PAD
    0x00008650   0x00008650   0x00000028   Code   RO         5427    i.MH_QeiClkSource   mchal_misc.o
    0x00008678   0x00008678   0x000000cc   Code   RO         5361    i.MH_QeiRegInit     mchal_qei.o
    0x00008744   0x00008744   0x000000e8   Code   RO         5428    i.MH_SetMFP         mchal_misc.o
    0x0000882c   0x0000882c   0x000000a4   Code   RO         5225    i.MH_SwProtRegInit  mchal_gpio.o
    0x000088d0   0x000088d0   0x000000f8   Code   RO         5392    i.MH_TimRegInit     mchal_tim.o
    0x000089c8   0x000089c8   0x000000b8   Code   RO         5430    i.MH_TmrClkSource   mchal_misc.o
    0x00008a80   0x00008a80   0x0000008c   Code   RO         5263    i.MH_VCP_ClassRequest  mchal_husb.o
    0x00008b0c   0x00008b0c   0x000000e4   Code   RO         5264    i.MH_VCP_Init       mchal_husb.o
    0x00008bf0   0x00008bf0   0x00000120   Code   RO         5265    i.MH_VCP_ParseCommandLine  mchal_husb.o
    0x00008d10   0x00008d10   0x00000024   Code   RO         5266    i.MH_VCP_PutChar    mchal_husb.o
    0x00008d34   0x00008d34   0x00000040   Code   RO         5267    i.MH_VCP_PutStr     mchal_husb.o
    0x00008d74   0x00008d74   0x000002cc   Code   RO         5268    i.MH_VCP_Recv       mchal_husb.o
    0x00009040   0x00009040   0x00000048   Code   RO         5269    i.MH_VCP_Run        mchal_husb.o
    0x00009088   0x00009088   0x0000009c   Code   RO         5270    i.MH_VCP_SetupEndpoints  mchal_husb.o
    0x00009124   0x00009124   0x000000a8   Code   RO         5271    i.MH_VCP_StrToInt   mchal_husb.o
    0x000091cc   0x000091cc   0x00000074   Code   RO         5272    i.MH_VCP_Xmit       mchal_husb.o
    0x00009240   0x00009240   0x000000c4   Code   RO         4440    i.MI_CalcEncAngle   mc_math.o
    0x00009304   0x00009304   0x000000dc   Code   RO         4441    i.MI_CalcRotorVector  mc_math.o
    0x000093e0   0x000093e0   0x00000038   Code   RO         4442    i.MI_Clake          mc_math.o
    0x00009418   0x00009418   0x000000e4   Code   RO         4443    i.MI_FocCurrController  mc_math.o
    0x000094fc   0x000094fc   0x00000094   Code   RO         4444    i.MI_GetEncAngle_AbzMode  mc_math.o
    0x00009590   0x00009590   0x00000058   Code   RO         4445    i.MI_GetSIN         mc_math.o
    0x000095e8   0x000095e8   0x0000004c   Code   RO         4446    i.MI_MapAngBlkInit  mc_math.o
    0x00009634   0x00009634   0x00000020   Code   RO         4447    i.MI_MapUvwBlkInit  mc_math.o
    0x00009654   0x00009654   0x000000a4   Code   RO         4448    i.MI_Park           mc_math.o
    0x000096f8   0x000096f8   0x00000100   Code   RO         4449    i.MI_RevPark        mc_math.o
    0x000097f8   0x000097f8   0x00000110   Code   RO         4632    i.MS_CalcCheckSum   flash.o
    0x00009908   0x00009908   0x00000022   Code   RO         4633    i.MS_CheckSignature  flash.o
    0x0000992a   0x0000992a   0x00000002   PAD
    0x0000992c   0x0000992c   0x00000054   Code   RO         4689    i.MS_GetAbzCount    incremental_fdbk.o
    0x00009980   0x00009980   0x00000044   Code   RO         4984    i.MS_GetAvBusVoltage_V  sw_protection.o
    0x000099c4   0x000099c4   0x000000b8   Code   RO         4985    i.MS_GetAvI2T_V     sw_protection.o
    0x00009a7c   0x00009a7c   0x00000044   Code   RO         4986    i.MS_GetAvTemp_V    sw_protection.o
    0x00009ac0   0x00009ac0   0x00000018   Code   RO         4520    i.MS_GetBusVoltage_V  bus_vol_sensor.o
    0x00009ad8   0x00009ad8   0x00000024   Code   RO         4521    i.MS_GetBusVoltage_d  bus_vol_sensor.o
    0x00009afc   0x00009afc   0x00000044   Code   RO         4563    i.MS_GetCurr_d      curr_fdbk.o
    0x00009b40   0x00009b40   0x000000b4   Code   RO         4634    i.MS_GetFlashParamsAreaData  flash.o
    0x00009bf4   0x00009bf4   0x000000dc   Code   RO         4635    i.MS_GetLineData    flash.o
    0x00009cd0   0x00009cd0   0x000000b4   Code   RO         4564    i.MS_GetSignedCurr_d  curr_fdbk.o
    0x00009d84   0x00009d84   0x0000001c   Code   RO         5041    i.MS_GetTemp_V      temp_sensor.o
    0x00009da0   0x00009da0   0x00000024   Code   RO         5042    i.MS_GetTemp_d      temp_sensor.o
    0x00009dc4   0x00009dc4   0x00000024   Code   RO         4690    i.MS_MapAbzBlkInit  incremental_fdbk.o
    0x00009de8   0x00009de8   0x00000024   Code   RO         4522    i.MS_MapAdcBlkInit  bus_vol_sensor.o
    0x00009e0c   0x00009e0c   0x00000038   Code   RO         4747    i.MS_MapAmpBlkInit  pid.o
    0x00009e44   0x00009e44   0x00000020   Code   RO         4721    i.MS_MapCmdBlkInit  loop_control.o
    0x00009e64   0x00009e64   0x00000018   Code   RO         4748    i.MS_MapPosBlkInit  pid.o
    0x00009e7c   0x00009e7c   0x00000044   Code   RO         4987    i.MS_MapProtectBlkInit  sw_protection.o
    0x00009ec0   0x00009ec0   0x0000004c   Code   RO         4952    i.MS_MapPwmBlkInit  svpwm.o
    0x00009f0c   0x00009f0c   0x0000001c   Code   RO         4749    i.MS_MapSpdBlkInit  pid.o
    0x00009f28   0x00009f28   0x00000298   Code   RO         4750    i.MS_PiController   pid.o
    0x0000a1c0   0x0000a1c0   0x00000016   Code   RO         4636    i.MS_ReadFlashRom   flash.o
    0x0000a1d6   0x0000a1d6   0x00000002   PAD
    0x0000a1d8   0x0000a1d8   0x00000188   Code   RO         4953    i.MS_SetPhaseVoltage  svpwm.o
    0x0000a360   0x0000a360   0x00000024   Code   RO         4637    i.MS_Swap           flash.o
    0x0000a384   0x0000a384   0x0000006c   Code   RO         4638    i.MS_UpdateMap      flash.o
    0x0000a3f0   0x0000a3f0   0x0000004c   Code   RO         3941    i.MailboxServiceInd  mailbox.o
    0x0000a43c   0x0000a43c   0x00000110   Code   RO         3486    i.MainInit          ecatappl.o
    0x0000a54c   0x0000a54c   0x000000b4   Code   RO         3487    i.MainLoop          ecatappl.o
    0x0000a600   0x0000a600   0x00000016   Code   RO         3063    i.NVIC_EnableIRQ    ax58200_hw.o
    0x0000a616   0x0000a616   0x00000040   Code   RO         3064    i.NVIC_EncodePriority  ax58200_hw.o
    0x0000a656   0x0000a656   0x00000002   PAD
    0x0000a658   0x0000a658   0x00000028   Code   RO         3065    i.NVIC_SetPriority  ax58200_hw.o
    0x0000a680   0x0000a680   0x00000040   Code   RO         3289    i.NVIC_SystemReset  bootmode.o
    0x0000a6c0   0x0000a6c0   0x0000003c   Code   RO         4047    i.OBJ_CopyNumberToString  objdef.o
    0x0000a6fc   0x0000a6fc   0x000000d8   Code   RO         4048    i.OBJ_GetDesc       objdef.o
    0x0000a7d4   0x0000a7d4   0x00000026   Code   RO         4049    i.OBJ_GetEntryDesc  objdef.o
    0x0000a7fa   0x0000a7fa   0x00000106   Code   RO         4050    i.OBJ_GetEntryOffset  objdef.o
    0x0000a900   0x0000a900   0x00000064   Code   RO         4051    i.OBJ_GetNoOfObjects  objdef.o
    0x0000a964   0x0000a964   0x00000008   Code   RO         4052    i.OBJ_GetObjDesc    objdef.o
    0x0000a96c   0x0000a96c   0x00000020   Code   RO         4053    i.OBJ_GetObjectHandle  objdef.o
    0x0000a98c   0x0000a98c   0x0000009c   Code   RO         4054    i.OBJ_GetObjectLength  objdef.o
    0x0000aa28   0x0000aa28   0x000000bc   Code   RO         4055    i.OBJ_GetObjectList  objdef.o
    0x0000aae4   0x0000aae4   0x00000474   Code   RO         4056    i.OBJ_Read          objdef.o
    0x0000af58   0x0000af58   0x0000051e   Code   RO         4057    i.OBJ_Write         objdef.o
    0x0000b476   0x0000b476   0x00000002   PAD
    0x0000b478   0x0000b478   0x00000118   Code   RO         3488    i.PDI_Isr           ecatappl.o
    0x0000b590   0x0000b590   0x0000007c   Code   RO         3489    i.PDO_InputMapping  ecatappl.o
    0x0000b60c   0x0000b60c   0x00000094   Code   RO         3490    i.PDO_OutputMapping  ecatappl.o
    0x0000b6a0   0x0000b6a0   0x0000002c   Code   RO         3942    i.PutInMbxQueue     mailbox.o
    0x0000b6cc   0x0000b6cc   0x0000000a   Code   RO         1617    i.QEI_Start         qei.o
    0x0000b6d6   0x0000b6d6   0x00000002   PAD
    0x0000b6d8   0x0000b6d8   0x00000050   Code   RO         3389    i.Read0x10F8        coeappl.o
    0x0000b728   0x0000b728   0x00000070   Code   RO         3290    i.ReadFlashHeader   bootmode.o
    0x0000b798   0x0000b798   0x00000026   Code   RO         3701    i.ResetALEventMask  ecatslv.o
    0x0000b7be   0x0000b7be   0x00000002   PAD
    0x0000b7c0   0x0000b7c0   0x00000458   Code   RO         4145    i.SDOS_SdoInd       sdoserv.o
    0x0000bc18   0x0000bc18   0x000002e4   Code   RO         4146    i.SDOS_SdoInfoInd   sdoserv.o
    0x0000befc   0x0000befc   0x000000ec   Code   RO         4147    i.SDOS_SdoRes       sdoserv.o
    0x0000bfe8   0x0000bfe8   0x000000b0   Code   RO         4148    i.SODS_ClearPendingResponse  sdoserv.o
    0x0000c098   0x0000c098   0x000000b8   Code   RO         2165    i.SPIM_EraseBlock   spim.o
    0x0000c150   0x0000c150   0x000000e0   Code   RO         2168    i.SPIM_IO_Read      spim.o
    0x0000c230   0x0000c230   0x0000009c   Code   RO         2169    i.SPIM_IO_Write     spim.o
    0x0000c2cc   0x0000c2cc   0x00000054   Code   RO         2174    i.SPIM_ReadStatusRegister  spim.o
    0x0000c320   0x0000c320   0x000000d4   Code   RO         2179    i.SPIM_WriteInPageDataByIo  spim.o
    0x0000c3f4   0x0000c3f4   0x0000000a   Code   RO         1690    i.SPI_ClearRxFIFO   spi.o
    0x0000c3fe   0x0000c3fe   0x0000000a   Code   RO         1691    i.SPI_ClearTxFIFO   spi.o
    0x0000c408   0x0000c408   0x00000088   Code   RO         1692    i.SPI_Close         spi.o
    0x0000c490   0x0000c490   0x0000000a   Code   RO         1693    i.SPI_DisableAutoSS  spi.o
    0x0000c49a   0x0000c49a   0x000000a6   Code   RO         1694    i.SPI_DisableInt    spi.o
    0x0000c540   0x0000c540   0x000002c8   Code   RO         1700    i.SPI_Open          spi.o
    0x0000c808   0x0000c808   0x00000012   Code   RO         1702    i.SPI_SetFIFO       spi.o
    0x0000c81a   0x0000c81a   0x00000010   Code   RO         4907    i.STPM_Init         stepper_mode.o
    0x0000c82a   0x0000c82a   0x00000002   PAD
    0x0000c82c   0x0000c82c   0x00000238   Code   RO         4908    i.STPM_RunStepping  stepper_mode.o
    0x0000ca64   0x0000ca64   0x00000024   Code   RO         4909    i.STPM_TickRun      stepper_mode.o
    0x0000ca88   0x0000ca88   0x000001a4   Code   RO         4910    i.STPM_VectorAlignment  stepper_mode.o
    0x0000cc2c   0x0000cc2c   0x000000d8   Code   RO         4988    i.SWP_DriveCtrl     sw_protection.o
    0x0000cd04   0x0000cd04   0x00000230   Code   RO         4989    i.SWP_Run           sw_protection.o
    0x0000cf34   0x0000cf34   0x0000000c   Code   RO         3291    i.SYS_LockReg       bootmode.o
    0x0000cf40   0x0000cf40   0x00000028   Code   RO         3292    i.SYS_UnlockReg     bootmode.o
    0x0000cf68   0x0000cf68   0x000002a4   Code   RO         4149    i.SdoDownloadSegmentInd  sdoserv.o
    0x0000d20c   0x0000d20c   0x000000e0   Code   RO         4150    i.SdoRes            sdoserv.o
    0x0000d2ec   0x0000d2ec   0x000001a0   Code   RO         4151    i.SdoUploadSegmentInd  sdoserv.o
    0x0000d48c   0x0000d48c   0x0000000c   Code   RO         1890    i.SendChar          retarget.o
    0x0000d498   0x0000d498   0x00000030   Code   RO         1891    i.SendChar_ToUART   retarget.o
    0x0000d4c8   0x0000d4c8   0x00000026   Code   RO         3702    i.SetALEventMask    ecatslv.o
    0x0000d4ee   0x0000d4ee   0x00000002   PAD
    0x0000d4f0   0x0000d4f0   0x0000004c   Code   RO         3703    i.SetALStatus       ecatslv.o
    0x0000d53c   0x0000d53c   0x00000618   Code   RO         3704    i.StartInputHandler  ecatslv.o
    0x0000db54   0x0000db54   0x00000054   Code   RO         3705    i.StartOutputHandler  ecatslv.o
    0x0000dba8   0x0000dba8   0x000000e0   Code   RO         3706    i.StopInputHandler  ecatslv.o
    0x0000dc88   0x0000dc88   0x00000014   Code   RO         3707    i.StopOutputHandler  ecatslv.o
    0x0000dc9c   0x0000dc9c   0x00000058   Code   RO         2183    i.SwitchNBitInput   spim.o
    0x0000dcf4   0x0000dcf4   0x0000005c   Code   RO         2184    i.SwitchNBitOutput  spim.o
    0x0000dd50   0x0000dd50   0x00000134   Code   RO         3491    i.Sync0_Isr         ecatappl.o
    0x0000de84   0x0000de84   0x0000003c   Code   RO         3492    i.Sync1_Isr         ecatappl.o
    0x0000dec0   0x0000dec0   0x00000168   Code   RO          328    i.SysInit           main.o
    0x0000e028   0x0000e028   0x00000012   Code   RO          329    i.SysTick_Handler   main.o
    0x0000e03a   0x0000e03a   0x00000002   PAD
    0x0000e03c   0x0000e03c   0x00000064   Code   RO            4    i.SystemCoreClockUpdate  system_m480.o
    0x0000e0a0   0x0000e0a0   0x00000094   Code   RO            5    i.SystemInit        system_m480.o
    0x0000e134   0x0000e134   0x00000014   Code   RO         5078    i.TC_Brake          trajectory_ctrl.o
    0x0000e148   0x0000e148   0x0000005c   Code   RO         5079    i.TC_Init           trajectory_ctrl.o
    0x0000e1a4   0x0000e1a4   0x00000114   Code   RO         5080    i.TC_Run            trajectory_ctrl.o
    0x0000e2b8   0x0000e2b8   0x0000030c   Code   RO         5081    i.TC_SpeedCurveGenerator  trajectory_ctrl.o
    0x0000e5c4   0x0000e5c4   0x00000014   Code   RO         6313    i.TEST_CtrlTime     test.o
    0x0000e5d8   0x0000e5d8   0x00000008   Code   RO         6314    i.TEST_GetTime      test.o
    0x0000e5e0   0x0000e5e0   0x00000008   Code   RO         6315    i.TEST_Init         test.o
    0x0000e5e8   0x0000e5e8   0x000000b0   Code   RO         6316    i.TEST_PatternGenerator  test.o
    0x0000e698   0x0000e698   0x00000034   Code   RO         6317    i.TEST_PatternInit  test.o
    0x0000e6cc   0x0000e6cc   0x000002ec   Code   RO         6318    i.TEST_PdiMemoryTest  test.o
    0x0000e9b8   0x0000e9b8   0x00000018   Code   RO         6319    i.TEST_ResetTime    test.o
    0x0000e9d0   0x0000e9d0   0x000000a0   Code   RO         6320    i.TEST_Timer        test.o
    0x0000ea70   0x0000ea70   0x00000088   Code   RO         1438    i.TIMER_GetModuleClock  timer.o
    0x0000eaf8   0x0000eaf8   0x00000042   Code   RO         1439    i.TIMER_Open        timer.o
    0x0000eb3a   0x0000eb3a   0x0000000a   Code   RO         3066    i.TIMER_Start       ax58200_hw.o
    0x0000eb44   0x0000eb44   0x00000040   Code   RO         4378    i.TMR1_IRQHandler   mc_it.o
    0x0000eb84   0x0000eb84   0x0000004c   Code   RO         3067    i.TMR3_IRQHandler   ax58200_hw.o
    0x0000ebd0   0x0000ebd0   0x000000e0   Code   RO         5534    i.UART0_IRQHandler  ax_uart.o
    0x0000ecb0   0x0000ecb0   0x00000008   Code   RO          821    i.UART_EnableInt    uart.o
    0x0000ecb8   0x0000ecb8   0x00000140   Code   RO          822    i.UART_Open         uart.o
    0x0000edf8   0x0000edf8   0x0000003a   Code   RO          823    i.UART_Read         uart.o
    0x0000ee32   0x0000ee32   0x00000002   PAD
    0x0000ee34   0x0000ee34   0x0000047c   Code   RO         5273    i.USBD20_IRQHandler  mchal_husb.o
    0x0000f2b0   0x0000f2b0   0x00000044   Code   RO         3708    i.UpdateEEPROMLoadedState  ecatslv.o
    0x0000f2f4   0x0000f2f4   0x00000020   Code   RO         6643    i.__0printf         mc_w.l(printfa.o)
    0x0000f314   0x0000f314   0x00000024   Code   RO         6649    i.__0vsprintf       mc_w.l(printfa.o)
    0x0000f338   0x0000f338   0x0000000e   Code   RO         6742    i.__scatterload_copy  mc_w.l(handlers.o)
    0x0000f346   0x0000f346   0x00000002   Code   RO         6743    i.__scatterload_null  mc_w.l(handlers.o)
    0x0000f348   0x0000f348   0x0000000e   Code   RO         6744    i.__scatterload_zeroinit  mc_w.l(handlers.o)
    0x0000f356   0x0000f356   0x00000002   PAD
    0x0000f358   0x0000f358   0x00000184   Code   RO         6650    i._fp_digits        mc_w.l(printfa.o)
    0x0000f4dc   0x0000f4dc   0x000006dc   Code   RO         6651    i._printf_core      mc_w.l(printfa.o)
    0x0000fbb8   0x0000fbb8   0x00000024   Code   RO         6652    i._printf_post_padding  mc_w.l(printfa.o)
    0x0000fbdc   0x0000fbdc   0x0000002e   Code   RO         6653    i._printf_pre_padding  mc_w.l(printfa.o)
    0x0000fc0a   0x0000fc0a   0x0000000a   Code   RO         6655    i._sputc            mc_w.l(printfa.o)
    0x0000fc14   0x0000fc14   0x00000254   Code   RO         5595    i.clicmd_CiA402     clicmd.o
    0x0000fe68   0x0000fe68   0x00000030   Code   RO         5596    i.clicmd_CiA402Help  clicmd.o
    0x0000fe98   0x0000fe98   0x00000154   Code   RO         5597    i.clicmd_CiA402Usage  clicmd.o
    0x0000ffec   0x0000ffec   0x000000b4   Code   RO         5598    i.clicmd_ClkRegister  clicmd.o
    0x000100a0   0x000100a0   0x00000898   Code   RO         5599    i.clicmd_ClkRegisterDisplay  clicmd.o
    0x00010938   0x00010938   0x0000003c   Code   RO         5600    i.clicmd_ClkRegisterHelp  clicmd.o
    0x00010974   0x00010974   0x00000040   Code   RO         5601    i.clicmd_ClkRegisterUsage  clicmd.o
    0x000109b4   0x000109b4   0x00000056   Code   RO         5602    i.clicmd_DecText2Char  clicmd.o
    0x00010a0a   0x00010a0a   0x0000004c   Code   RO         5603    i.clicmd_DecText2Long  clicmd.o
    0x00010a56   0x00010a56   0x00000044   Code   RO         5605    i.clicmd_DecText2SignLong  clicmd.o
    0x00010a9a   0x00010a9a   0x00000002   PAD
    0x00010a9c   0x00010a9c   0x00000104   Code   RO         5606    i.clicmd_ECAPxRegister  clicmd.o
    0x00010ba0   0x00010ba0   0x00000184   Code   RO         5607    i.clicmd_ECAPxRegisterDisplay  clicmd.o
    0x00010d24   0x00010d24   0x00000040   Code   RO         5608    i.clicmd_ECAPxRegisterHelp  clicmd.o
    0x00010d64   0x00010d64   0x0000004c   Code   RO         5609    i.clicmd_ECAPxRegisterUsage  clicmd.o
    0x00010db0   0x00010db0   0x00000104   Code   RO         5610    i.clicmd_EPWMxRegister  clicmd.o
    0x00010eb4   0x00010eb4   0x00000ae8   Code   RO         5611    i.clicmd_EPWMxRegisterDisplay  clicmd.o
    0x0001199c   0x0001199c   0x00000040   Code   RO         5612    i.clicmd_EPWMxRegisterHelp  clicmd.o
    0x000119dc   0x000119dc   0x0000004c   Code   RO         5613    i.clicmd_EPWMxRegisterUsage  clicmd.o
    0x00011a28   0x00011a28   0x000000b4   Code   RO         5614    i.clicmd_EadcRegister  clicmd.o
    0x00011adc   0x00011adc   0x000003b0   Code   RO         5615    i.clicmd_EadcRegisterDisplay  clicmd.o
    0x00011e8c   0x00011e8c   0x0000003c   Code   RO         5616    i.clicmd_EadcRegisterHelp  clicmd.o
    0x00011ec8   0x00011ec8   0x00000040   Code   RO         5617    i.clicmd_EadcRegisterUsage  clicmd.o
    0x00011f08   0x00011f08   0x00000130   Code   RO         5618    i.clicmd_EscRegister  clicmd.o
    0x00012038   0x00012038   0x00000038   Code   RO         5619    i.clicmd_EscRegisterHelp  clicmd.o
    0x00012070   0x00012070   0x00000048   Code   RO         5620    i.clicmd_EscRegisterUsage  clicmd.o
    0x000120b8   0x000120b8   0x0000010c   Code   RO         5621    i.clicmd_EscStack   clicmd.o
    0x000121c4   0x000121c4   0x0000003c   Code   RO         5622    i.clicmd_EscStackHelp  clicmd.o
    0x00012200   0x00012200   0x000000b0   Code   RO         5623    i.clicmd_FmcRegister  clicmd.o
    0x000122b0   0x000122b0   0x0000097c   Code   RO         5624    i.clicmd_FmcRegisterDisplay  clicmd.o
    0x00012c2c   0x00012c2c   0x0000003c   Code   RO         5625    i.clicmd_FmcRegisterHelp  clicmd.o
    0x00012c68   0x00012c68   0x00000040   Code   RO         5626    i.clicmd_FmcRegisterUsage  clicmd.o
    0x00012ca8   0x00012ca8   0x0000017c   Code   RO         5627    i.clicmd_GPIOxRegister  clicmd.o
    0x00012e24   0x00012e24   0x00000238   Code   RO         5628    i.clicmd_GPIOxRegisterDisplay  clicmd.o
    0x0001305c   0x0001305c   0x00000040   Code   RO         5629    i.clicmd_GPIOxRegisterHelp  clicmd.o
    0x0001309c   0x0001309c   0x0000004c   Code   RO         5630    i.clicmd_GPIOxRegisterUsage  clicmd.o
    0x000130e8   0x000130e8   0x00000078   Code   RO         5631    i.clicmd_HexText2Char  clicmd.o
    0x00013160   0x00013160   0x00000076   Code   RO         5632    i.clicmd_HexText2Long  clicmd.o
    0x000131d6   0x000131d6   0x00000002   PAD
    0x000131d8   0x000131d8   0x0000049c   Code   RO         5634    i.clicmd_McStack    clicmd.o
    0x00013674   0x00013674   0x00000030   Code   RO         5635    i.clicmd_McStackHelp  clicmd.o
    0x000136a4   0x000136a4   0x00000224   Code   RO         5636    i.clicmd_McStackUsage  clicmd.o
    0x000138c8   0x000138c8   0x000000b4   Code   RO         5637    i.clicmd_NvicRegister  clicmd.o
    0x0001397c   0x0001397c   0x000001ac   Code   RO         5638    i.clicmd_NvicRegisterDisplay  clicmd.o
    0x00013b28   0x00013b28   0x0000003c   Code   RO         5639    i.clicmd_NvicRegisterHelp  clicmd.o
    0x00013b64   0x00013b64   0x00000040   Code   RO         5640    i.clicmd_NvicRegisterUsage  clicmd.o
    0x00013ba4   0x00013ba4   0x000004e0   Code   RO         5641    i.clicmd_PdiMemoryTest  clicmd.o
    0x00014084   0x00014084   0x0000003c   Code   RO         5642    i.clicmd_PdiMemoryTestHelp  clicmd.o
    0x000140c0   0x000140c0   0x000005fc   Code   RO         5643    i.clicmd_PdiMemoryTestUsage  clicmd.o
    0x000146bc   0x000146bc   0x000000cc   Code   RO         5644    i.clicmd_PdiRead    clicmd.o
    0x00014788   0x00014788   0x00000044   Code   RO         5645    i.clicmd_PdiReadHelp  clicmd.o
    0x000147cc   0x000147cc   0x00000040   Code   RO         5646    i.clicmd_PdiReadUsage  clicmd.o
    0x0001480c   0x0001480c   0x00000036   Code   RO         5647    i.clicmd_PdiReset   clicmd.o
    0x00014842   0x00014842   0x00000002   PAD
    0x00014844   0x00014844   0x00000034   Code   RO         5648    i.clicmd_PdiResetHelp  clicmd.o
    0x00014878   0x00014878   0x000000a8   Code   RO         5649    i.clicmd_PdiWrite   clicmd.o
    0x00014920   0x00014920   0x00000044   Code   RO         5650    i.clicmd_PdiWriteHelp  clicmd.o
    0x00014964   0x00014964   0x0000001c   Code   RO         5651    i.clicmd_PdiWriteUsage  clicmd.o
    0x00014980   0x00014980   0x00000100   Code   RO         5652    i.clicmd_QEIxRegister  clicmd.o
    0x00014a80   0x00014a80   0x0000015c   Code   RO         5653    i.clicmd_QEIxRegisterDisplay  clicmd.o
    0x00014bdc   0x00014bdc   0x0000003c   Code   RO         5654    i.clicmd_QEIxRegisterHelp  clicmd.o
    0x00014c18   0x00014c18   0x0000004c   Code   RO         5655    i.clicmd_QEIxRegisterUsage  clicmd.o
    0x00014c64   0x00014c64   0x0000011c   Code   RO         5656    i.clicmd_SPIxRegister  clicmd.o
    0x00014d80   0x00014d80   0x000001fc   Code   RO         5657    i.clicmd_SPIxRegisterDisplay  clicmd.o
    0x00014f7c   0x00014f7c   0x0000003c   Code   RO         5658    i.clicmd_SPIxRegisterHelp  clicmd.o
    0x00014fb8   0x00014fb8   0x0000004c   Code   RO         5659    i.clicmd_SPIxRegisterUsage  clicmd.o
    0x00015004   0x00015004   0x0000048c   Code   RO         5660    i.clicmd_ShowCiA402Dashboard  clicmd.o
    0x00015490   0x00015490   0x00001204   Code   RO         5661    i.clicmd_ShowEscAlInfo  clicmd.o
    0x00016694   0x00016694   0x000012a4   Code   RO         5662    i.clicmd_ShowEscDcInfo  clicmd.o
    0x00017938   0x00017938   0x00000a78   Code   RO         5663    i.clicmd_ShowEscFeatures  clicmd.o
    0x000183b0   0x000183b0   0x0000073e   Code   RO         5664    i.clicmd_ShowEscFmmuSmInfo  clicmd.o
    0x00018aee   0x00018aee   0x00000002   PAD
    0x00018af0   0x00018af0   0x00000204   Code   RO         5665    i.clicmd_ShowEscWdInfo  clicmd.o
    0x00018cf4   0x00018cf4   0x000002e4   Code   RO         5666    i.clicmd_ShowMcDashboard  clicmd.o
    0x00018fd8   0x00018fd8   0x0000005c   Code   RO         5669    i.clicmd_ShowMemoryInHex8b  clicmd.o
    0x00019034   0x00019034   0x00000094   Code   RO         5670    i.clicmd_ShowPdiMemoryTestLog  clicmd.o
    0x000190c8   0x000190c8   0x0000009c   Code   RO         5671    i.clicmd_ShowPdiMemoryTestParameter  clicmd.o
    0x00019164   0x00019164   0x000000e0   Code   RO         5672    i.clicmd_ShowTestBuffer  clicmd.o
    0x00019244   0x00019244   0x000000f0   Code   RO         5673    i.clicmd_ShowTestTemporaryStatus  clicmd.o
    0x00019334   0x00019334   0x000002c0   Code   RO         5674    i.clicmd_SpimRegister  clicmd.o
    0x000195f4   0x000195f4   0x00000350   Code   RO         5675    i.clicmd_SpimRegisterDisplay  clicmd.o
    0x00019944   0x00019944   0x0000003c   Code   RO         5676    i.clicmd_SpimRegisterHelp  clicmd.o
    0x00019980   0x00019980   0x00000090   Code   RO         5677    i.clicmd_SpimRegisterUsage  clicmd.o
    0x00019a10   0x00019a10   0x000000b0   Code   RO         5678    i.clicmd_SysRegister  clicmd.o
    0x00019ac0   0x00019ac0   0x00000914   Code   RO         5679    i.clicmd_SysRegisterDisplay  clicmd.o
    0x0001a3d4   0x0001a3d4   0x0000003c   Code   RO         5680    i.clicmd_SysRegisterHelp  clicmd.o
    0x0001a410   0x0001a410   0x00000040   Code   RO         5681    i.clicmd_SysRegisterUsage  clicmd.o
    0x0001a450   0x0001a450   0x00000044   Code   RO         5682    i.clicmd_SystemReboot  clicmd.o
    0x0001a494   0x0001a494   0x00000030   Code   RO         5683    i.clicmd_SystemRebootHelp  clicmd.o
    0x0001a4c4   0x0001a4c4   0x00000118   Code   RO         5685    i.clicmd_TMRxRegister  clicmd.o
    0x0001a5dc   0x0001a5dc   0x000001b8   Code   RO         5686    i.clicmd_TMRxRegisterDisplay  clicmd.o
    0x0001a794   0x0001a794   0x0000003c   Code   RO         5687    i.clicmd_TMRxRegisterHelp  clicmd.o
    0x0001a7d0   0x0001a7d0   0x0000004c   Code   RO         5688    i.clicmd_TMRxRegisterUsage  clicmd.o
    0x0001a81c   0x0001a81c   0x0000012c   Code   RO         5689    i.clicmd_UARTxRegister  clicmd.o
    0x0001a948   0x0001a948   0x00000358   Code   RO         5690    i.clicmd_UARTxRegisterDisplay  clicmd.o
    0x0001aca0   0x0001aca0   0x00000040   Code   RO         5691    i.clicmd_UARTxRegisterHelp  clicmd.o
    0x0001ace0   0x0001ace0   0x0000004c   Code   RO         5692    i.clicmd_UARTxRegisterUsage  clicmd.o
    0x0001ad2c   0x0001ad2c   0x0000008c   Code   RO         6151    i.console_AddCommandHistory  console.o
    0x0001adb8   0x0001adb8   0x0000007c   Code   RO         6152    i.console_Authenticate  console.o
    0x0001ae34   0x0001ae34   0x000000b0   Code   RO         6153    i.console_ChangePasswd  console.o
    0x0001aee4   0x0001aee4   0x0000002c   Code   RO         6154    i.console_ClearLine  console.o
    0x0001af10   0x0001af10   0x000000b4   Code   RO         6155    i.console_CmdExecute  console.o
    0x0001afc4   0x0001afc4   0x00000130   Code   RO         6156    i.console_CollectCommand  console.o
    0x0001b0f4   0x0001b0f4   0x0000004c   Code   RO         6157    i.console_CommandProcess  console.o
    0x0001b140   0x0001b140   0x00000148   Code   RO         6158    i.console_EscapeSequenceProcess  console.o
    0x0001b288   0x0001b288   0x00000078   Code   RO         6159    i.console_GetCommandHistory  console.o
    0x0001b300   0x0001b300   0x0000005c   Code   RO         6160    i.console_HelpMessage  console.o
    0x0001b35c   0x0001b35c   0x0000002c   Code   RO         6161    i.console_LoadUserAccount  console.o
    0x0001b388   0x0001b388   0x0000005e   Code   RO         6162    i.console_ParseLine  console.o
    0x0001b3e6   0x0001b3e6   0x0000002e   Code   RO         6163    i.console_PutString  console.o
    0x0001b414   0x0001b414   0x000000b4   Code   RO         4791    i.esc_doCommand     servo_commu.o
    0x0001b4c8   0x0001b4c8   0x00000010   Code   RO         1895    i.fputc             retarget.o
    0x0001b4d8   0x0001b4d8   0x00000050   Code   RO         6671    i.free              mc_w.l(malloc.o)
    0x0001b528   0x0001b528   0x00000028   Code   RO         4792    i.getCommand        servo_commu.o
    0x0001b550   0x0001b550   0x00000030   Code   RO         4793    i.getD              servo_commu.o
    0x0001b580   0x0001b580   0x000000bc   Code   RO         4794    i.getDAS            servo_commu.o
    0x0001b63c   0x0001b63c   0x00000144   Code   RO         4795    i.getField          servo_commu.o
    0x0001b780   0x0001b780   0x0000009c   Code   RO         4796    i.getFields         servo_commu.o
    0x0001b81c   0x0001b81c   0x000000b8   Code   RO         4797    i.getInteger        servo_commu.o
    0x0001b8d4   0x0001b8d4   0x0000009c   Code   RO         4798    i.getMAP            servo_commu.o
    0x0001b970   0x0001b970   0x00000028   Code   RO         4799    i.getTable          servo_commu.o
    0x0001b998   0x0001b998   0x00000178   Code   RO         4800    i.getVariable       servo_commu.o
    0x0001bb10   0x0001bb10   0x00000194   Code   RO          330    i.main              main.o
    0x0001bca4   0x0001bca4   0x0000006c   Code   RO         6672    i.malloc            mc_w.l(malloc.o)
    0x0001bd10   0x0001bd10   0x0000003c   Code   RO         6273    i.printd            printd.o
    0x0001bd4c   0x0001bd4c   0x00000014   Code   RO         6274    i.printdCtrl        printd.o
    0x0001bd60   0x0001bd60   0x00000028   Code   RO         6275    i.printd_PutString  printd.o
    0x0001bd88   0x0001bd88   0x0000002c   Code   RO         4801    i.putC              servo_commu.o
    0x0001bdb4   0x0001bdb4   0x00000028   Code   RO         4802    i.putCommand        servo_commu.o
    0x0001bddc   0x0001bddc   0x00000088   Code   RO         4803    i.putD              servo_commu.o
    0x0001be64   0x0001be64   0x000000c0   Code   RO         4804    i.putDAS            servo_commu.o
    0x0001bf24   0x0001bf24   0x0000001c   Code   RO         4805    i.putERR            servo_commu.o
    0x0001bf40   0x0001bf40   0x0000005c   Code   RO         4806    i.putH              servo_commu.o
    0x0001bf9c   0x0001bf9c   0x000000ac   Code   RO         4807    i.putMAP            servo_commu.o
    0x0001c048   0x0001c048   0x00000020   Code   RO         4808    i.putS              servo_commu.o
    0x0001c068   0x0001c068   0x0000001c   Code   RO         2187    i.spim_is_write_done  spim.o
    0x0001c084   0x0001c084   0x00000118   Code   RO         2188    i.spim_read         spim.o
    0x0001c19c   0x0001c19c   0x00000048   Code   RO         2189    i.spim_set_write_enable  spim.o
    0x0001c1e4   0x0001c1e4   0x0000003c   Code   RO         2190    i.spim_wait_write_done  spim.o
    0x0001c220   0x0001c220   0x00000138   Code   RO         2191    i.spim_write        spim.o
    0x0001c358   0x0001c358   0x000000a8   Code   RO         1897    i.stackDump         retarget.o
    0x0001c400   0x0001c400   0x00000020   Data   RO          645    .constdata          clk.o
    0x0001c420   0x0001c420   0x00000030   Data   RO          830    .constdata          uart.o
    0x0001c450   0x0001c450   0x00000020   Data   RO         1442    .constdata          timer.o
    0x0001c470   0x0001c470   0x00000008   Data   RO         2788    .constdata          ax58200_foeappl.o
    0x0001c478   0x0001c478   0x00000abd   Data   RO         3390    .constdata          coeappl.o
    0x0001cf35   0x0001cf35   0x00000001   PAD
    0x0001cf36   0x0001cf36   0x00000020   Data   RO         4059    .constdata          objdef.o
    0x0001cf56   0x0001cf56   0x00000002   PAD
    0x0001cf58   0x0001cf58   0x00000078   Data   RO         4153    .constdata          sdoserv.o
    0x0001cfd0   0x0001cfd0   0x00000042   Data   RO         4911    .conststring        stepper_mode.o
    0x0001d012   0x0001d012   0x00000002   PAD
    0x0001d014   0x0001d014   0x00000b27   Data   RO         5694    .conststring        clicmd.o
    0x0001db3b   0x0001db3b   0x00000001   PAD
    0x0001db3c   0x0001db3c   0x00000020   Data   RO         6740    Region$$Table       anon$$obj.o


    Execution Region ER_RW (Exec base: 0x20000000, Load base: 0x0001db5c, Size: 0x00001a10, Max: 0xffffffff, ABSOLUTE)

    Exec Addr    Load Addr    Size         Type   Attr      Idx    E Section Name        Object

    0x20000000   0x0001db5c   0x00000030   Data   RW            6    .data               system_m480.o
    0x20000030   0x0001db8c   0x0000000c   Data   RW         1898    .data               retarget.o
    0x2000003c   0x0001db98   0x00000038   Data   RW         2370    .data               hsusbd.o
    0x20000074   0x0001dbd0   0x00000005   Data   RW         2455    .data               cia402.o
    0x20000079   0x0001dbd5   0x00000003   PAD
    0x2000007c   0x0001dbd8   0x00000018   Data   RW         2569    .data               cia402csp.o
    0x20000094   0x0001dbf0   0x00000020   Data   RW         2700    .data               cia402hm.o
    0x200000b4   0x0001dc10   0x00000018   Data   RW         2742    .data               cia402pp.o
    0x200000cc   0x0001dc28   0x0000000c   Data   RW         2789    .data               ax58200_foeappl.o
    0x200000d8   0x0001dc34   0x000000f0   Data   RW         2899    .data               ax58200_motorcontrol.o
    0x200001c8   0x0001dd24   0x00000006   Data   RW         3069    .data               ax58200_hw.o
    0x200001ce   0x0001dd2a   0x00000002   PAD
    0x200001d0   0x0001dd2c   0x00000016   Data   RW         3294    .data               bootmode.o
    0x200001e6   0x0001dd42   0x00000002   PAD
    0x200001e8   0x0001dd44   0x000007e0   Data   RW         3391    .data               coeappl.o
    0x200009c8   0x0001e524   0x00000035   Data   RW         3494    .data               ecatappl.o
    0x200009fd   0x0001e559   0x00000003   PAD
    0x20000a00   0x0001e55c   0x00000004   Data   RW         3613    .data               ecatcoe.o
    0x20000a04   0x0001e560   0x0000001a   Data   RW         3650    .data               ecatfoe.o
    0x20000a1e   0x0001e57a   0x00000002   PAD
    0x20000a20   0x0001e57c   0x0000004b   Data   RW         3709    .data               ecatslv.o
    0x20000a6b   0x0001e5c7   0x00000001   PAD
    0x20000a6c   0x0001e5c8   0x00000025   Data   RW         3944    .data               mailbox.o
    0x20000a91   0x0001e5ed   0x00000003   PAD
    0x20000a94   0x0001e5f0   0x00000021   Data   RW         4060    .data               objdef.o
    0x20000ab5   0x0001e611   0x00000003   PAD
    0x20000ab8   0x0001e614   0x00000040   Data   RW         4154    .data               sdoserv.o
    0x20000af8   0x0001e654   0x00000290   Data   RW         4234    .data               mc.o
    0x20000d88   0x0001e8e4   0x0000019c   Data   RW         4450    .data               mc_math.o
    0x20000f24   0x0001ea80   0x00000008   Data   RW         4565    .data               curr_fdbk.o
    0x20000f2c   0x0001ea88   0x00000005   Data   RW         4598    .data               das.o
    0x20000f31   0x0001ea8d   0x00000003   PAD
    0x20000f34   0x0001ea90   0x00000008   Data   RW         4640    .data               flash.o
    0x20000f3c   0x0001ea98   0x0000000c   Data   RW         4691    .data               incremental_fdbk.o
    0x20000f48   0x0001eaa4   0x00000014   Data   RW         4751    .data               pid.o
    0x20000f5c   0x0001eab8   0x000004e8   Data   RW         4810    .data               servo_commu.o
    0x20001444   0x0001efa0   0x00000034   Data   RW         4990    .data               sw_protection.o
    0x20001478   0x0001efd4   0x00000020   Data   RW         5082    .data               trajectory_ctrl.o
    0x20001498   0x0001eff4   0x0000004c   Data   RW         5275    .data               mchal_husb.o
    0x200014e4   0x0001f040   0x000001cc   Data   RW         5508    .data               mchal_vcp_desc.o
    0x200016b0   0x0001f20c   0x00000340   Data   RW         5695    .data               clicmd.o
    0x200019f0   0x0001f54c   0x00000005   Data   RW         6277    .data               printd.o
    0x200019f5   0x0001f551   0x00000003   PAD
    0x200019f8   0x0001f554   0x00000009   Data   RW         6322    .data               test.o
    0x20001a01   0x0001f55d   0x00000003   PAD
    0x20001a04   0x0001f560   0x00000004   Data   RW         6392    .data               mc_w.l(rand.o)
    0x20001a08   0x0001f564   0x00000004   Data   RW         6717    .data               mc_w.l(mvars.o)
    0x20001a0c   0x0001f568   0x00000004   Data   RW         6718    .data               mc_w.l(mvars.o)


    Execution Region ER_ZI (Exec base: 0x20001a10, Load base: 0x0001f56c, Size: 0x00015280, Max: 0xffffffff, ABSOLUTE)

    Exec Addr    Load Addr    Size         Type   Attr      Idx    E Section Name        Object

    0x20001a10        -       0x0000000c   Zero   RW         2369    .bss                hsusbd.o
    0x20001a1c        -       0x00000190   Zero   RW         2787    .bss                ax58200_foeappl.o
    0x20001bac   0x0001f56c   0x00000004   PAD
    0x20001bb0        -       0x000000c0   Zero   RW         2898    .bss                ax58200_motorcontrol.o
    0x20001c70        -       0x00000440   Zero   RW         3068    .bss                ax58200_hw.o
    0x200020b0        -       0x00000038   Zero   RW         3293    .bss                bootmode.o
    0x200020e8        -       0x00000088   Zero   RW         3493    .bss                ecatappl.o
    0x20002170        -       0x00000068   Zero   RW         3943    .bss                mailbox.o
    0x200021d8        -       0x00000088   Zero   RW         4058    .bss                objdef.o
    0x20002260        -       0x00000010   Zero   RW         4152    .bss                sdoserv.o
    0x20002270        -       0x0000004c   Zero   RW         4233    .bss                mc.o
    0x200022bc        -       0x00008000   Zero   RW         4597    .bss                das.o
    0x2000a2bc        -       0x000001b4   Zero   RW         4639    .bss                flash.o
    0x2000a470        -       0x0000211f   Zero   RW         4809    .bss                servo_commu.o
    0x2000c58f   0x0001f56c   0x00000001   PAD
    0x2000c590        -       0x00005018   Zero   RW         5274    .bss                mchal_husb.o
    0x200115a8        -       0x00000018   Zero   RW         5507    .bss                mchal_vcp_desc.o
    0x200115c0        -       0x0000061c   Zero   RW         5535    .bss                ax_uart.o
    0x20011bdc        -       0x00000da9   Zero   RW         5693    .bss                clicmd.o
    0x20012985   0x0001f56c   0x00000003   PAD
    0x20012988        -       0x000018d8   Zero   RW         6164    .bss                console.o
    0x20014260        -       0x00000200   Zero   RW         6276    .bss                printd.o
    0x20014460        -       0x00000030   Zero   RW         6321    .bss                test.o
    0x20014490        -       0x00002000   Zero   RW          319    HEAP                startup_m480.o
    0x20016490        -       0x00000800   Zero   RW          318    STACK               startup_m480.o


==============================================================================

Image component sizes


      Code (inc. data)   RO Data    RW Data    ZI Data      Debug   Object Name

       644        134          8         12        400       5960   ax58200_foeappl.o
      4784        554          0          6       1088      61285   ax58200_hw.o
      5046       1890          0        240        192      30523   ax58200_motorcontrol.o
       716         34          0          0       1564      30572   ax_uart.o
      2374        520          0         22         56      92637   bootmode.o
        96         16          0          0          0       2101   bus_vol_sensor.o
        36         12          0          5          0      19382   cia402.o
        46          0          0         24          0      25391   cia402csp.o
       694        142          0         32          0       5062   cia402hm.o
        48          0          0         24          0       3858   cia402pp.o
     45424      25036       2855        832       3497     119366   clicmd.o
      1856        178         32          0          0      14026   clk.o
      1080        162       2749       2016          0      21007   coeappl.o
      2868        374          0          0       6360      15146   console.o
       248         14          0          8          0       1976   curr_fdbk.o
       424         22          0          5      32768       2437   das.o
        82          4          0          0          0       1682   eadc.o
      1736        320          0         53        136      10168   ecatappl.o
       164         28          0          4          0       3363   ecatcoe.o
       792         58          0         26          0       5497   ecatfoe.o
      5688        684          0         75          0      19131   ecatslv.o
       162          0          0          0          0       4822   epwm.o
       872         48          0          8        436       5496   flash.o
       388         50          0          0          0       5773   fmc.o
       262         38          0          0          0       4411   foeappl.o
       178          0          0          0          0       3144   gpio.o
      2364        214          0         56         12      14429   hsusbd.o
       120         18          0         12          0       1864   incremental_fdbk.o
        32          4          0          0          0        523   loop_control.o
      1970        308          0         37        104      13000   mailbox.o
       782        268          0          0          0     153195   main.o
      1380        270          0        656         76      16103   mc.o
       188         38          0          0          0      10979   mc_it.o
      1464        112          0        412          0       7351   mc_math.o
       210          0          0          0          0       1765   mchal_eadc.o
       880         10          0          0          0      30440   mchal_epwm.o
       296          6          0          0          0       1564   mchal_gpio.o
      3284        278          0         76      20504      42665   mchal_husb.o
       986         86          0          0          0       6112   mchal_misc.o
       204          0          0          0          0        988   mchal_qei.o
       248         14          0          0          0       4268   mchal_tim.o
         0          0          0        460         24       1130   mchal_vcp_desc.o
      3770        134         32         33        136      18811   objdef.o
       772         38          0         20          0       3131   pid.o
       120         16          0          5        512       2598   printd.o
        10          0          0          0          0        900   qei.o
       316        132          0         12          0       5439   retarget.o
      3580        328        120         64         16      24179   sdoserv.o
      2428        342          0       1256       8479      13712   servo_commu.o
      1062         34          0          0          0       5242   spi.o
      1792         60          0          0          0      10413   spim.o
       104         20        500          0      10240        844   startup_m480.o
      1040         80         66          0          0       3521   stepper_mode.o
       468         10          0          0          0       1896   svpwm.o
      1164         86          0         52          0       4881   sw_protection.o
       248         44          0         48          0     243938   system_m480.o
        64         10          0          0          0       1530   temp_sensor.o
      1240         46          0          9         48       7725   test.o
       202         22         32          0          0       1988   timer.o
      1168         88          0         32          0       3107   trajectory_ctrl.o
       386         36         48          0          0      14757   uart.o

    ----------------------------------------------------------------------
    111100      33470       6480       6660      86656    1189204   Object Totals
         0          0         32          0          0          0   (incl. Generated)
        50          0          6         28          8          0   (incl. Padding)

    ----------------------------------------------------------------------

      Code (inc. data)   RO Data    RW Data    ZI Data      Debug   Library Member Name

         0          0          0          0          0          0   entry.o
         0          0          0          0          0          0   entry10a.o
         0          0          0          0          0          0   entry11a.o
         8          4          0          0          0          0   entry2.o
         4          0          0          0          0          0   entry5.o
         0          0          0          0          0          0   entry7b.o
         0          0          0          0          0          0   entry8b.o
         8          4          0          0          0          0   entry9a.o
        30          0          0          0          0          0   handlers.o
        36          8          0          0          0         68   init.o
         0          0          0          0          0          0   iusefp.o
        30          0          0          0          0         68   llshl.o
        36          0          0          0          0         68   llsshr.o
        32          0          0          0          0         68   llushr.o
       188         20          0          0          0        160   malloc.o
        26          0          0          0          0         80   memcmp.o
        36          0          0          0          0         68   memcpya.o
        36          0          0          0          0        108   memseta.o
         0          0          0          8          0          0   mvars.o
      2304         96          0          0          0        600   printfa.o
        36         10          0          4          0        136   rand.o
        28          0          0          0          0         76   strcmp.o
        18          0          0          0          0         68   strcpy.o
        14          0          0          0          0         68   strlen.o
        30          0          0          0          0         80   strncmp.o
        44          0          0          0          0         80   uidiv.o
        98          0          0          0          0         92   uldiv.o
        48          0          0          0          0         68   cdrcmple.o
       334          0          0          0          0        148   dadd.o
       222          0          0          0          0        100   ddiv.o
       186          0          0          0          0        176   depilogue.o
        48          0          0          0          0         68   dfixul.o
       228          0          0          0          0         96   dmul.o

    ----------------------------------------------------------------------
      4112        142          0         12          0       2544   Library Totals
         4          0          0          0          0          0   (incl. Padding)

    ----------------------------------------------------------------------

      Code (inc. data)   RO Data    RW Data    ZI Data      Debug   Library Name

      3042        142          0         12          0       1888   mc_w.l
      1066          0          0          0          0        656   mf_w.l

    ----------------------------------------------------------------------
      4112        142          0         12          0       2544   Library Totals

    ----------------------------------------------------------------------

==============================================================================


      Code (inc. data)   RO Data    RW Data    ZI Data      Debug   

    115212      33612       6480       6672      86656    1141200   Grand Totals
    115212      33612       6480       6672      86656    1141200   ELF Image Totals
    115212      33612       6480       6672          0          0   ROM Totals

==============================================================================

    Total RO  Size (Code + RO Data)               121692 ( 118.84kB)
    Total RW  Size (RW Data + ZI Data)             93328 (  91.14kB)
    Total ROM Size (Code + RO Data + RW Data)     128364 ( 125.36kB)

==============================================================================

