<!doctype html public "-//w3c//dtd html 4.0 transitional//en">
<html><head>
<title>Static Call Graph - [.\Objects\AX58200_MotorControl.axf]</title></head>
<body><HR>
<H1>Static Call Graph for image .\Objects\AX58200_MotorControl.axf</H1><HR>
<BR><P>#&#060CALLGRAPH&#062# ARM Linker, 5060750: Last Updated: Wed Jun 01 10:01:28 2022
<BR><P>
<H3>Maximum Stack Usage =        432 bytes + Unknown(Cycles, Untraceable Function Pointers)</H3><H3>
Call chain for Maximum Stack Depth:</H3>
TMR3_IRQHandler &rArr; MainLoop &rArr; ECAT_Main &rArr; MBX_Main &rArr; MailboxServiceInd &rArr; COE_ServiceInd &rArr; SDOS_SdoInd &rArr; SdoRes &rArr; MBX_MailboxSendReq &rArr; MBX_CopyToSendMailbox &rArr; HW_EscRead &rArr; HW_SPI_Read &rArr; HW_SPI_TransmitReceive &rArr; HW_SPI_WaitFlagStateUntilTimeout &rArr; printd &rArr; vsprintf
<P>
<H3>
Mutually Recursive functions
</H3> <LI><a href="#[1]">NMI_Handler</a>&nbsp;&nbsp;&nbsp;&rArr;&nbsp;&nbsp;&nbsp;<a href="#[1]">NMI_Handler</a><BR>
 <LI><a href="#[3]">MemManage_Handler</a>&nbsp;&nbsp;&nbsp;&rArr;&nbsp;&nbsp;&nbsp;<a href="#[3]">MemManage_Handler</a><BR>
 <LI><a href="#[4]">BusFault_Handler</a>&nbsp;&nbsp;&nbsp;&rArr;&nbsp;&nbsp;&nbsp;<a href="#[4]">BusFault_Handler</a><BR>
 <LI><a href="#[5]">UsageFault_Handler</a>&nbsp;&nbsp;&nbsp;&rArr;&nbsp;&nbsp;&nbsp;<a href="#[5]">UsageFault_Handler</a><BR>
 <LI><a href="#[6]">SVC_Handler</a>&nbsp;&nbsp;&nbsp;&rArr;&nbsp;&nbsp;&nbsp;<a href="#[6]">SVC_Handler</a><BR>
 <LI><a href="#[7]">DebugMon_Handler</a>&nbsp;&nbsp;&nbsp;&rArr;&nbsp;&nbsp;&nbsp;<a href="#[7]">DebugMon_Handler</a><BR>
 <LI><a href="#[8]">PendSV_Handler</a>&nbsp;&nbsp;&nbsp;&rArr;&nbsp;&nbsp;&nbsp;<a href="#[8]">PendSV_Handler</a><BR>
 <LI><a href="#[f]">Default_Handler</a>&nbsp;&nbsp;&nbsp;&rArr;&nbsp;&nbsp;&nbsp;<a href="#[f]">Default_Handler</a><BR>
</UL>
<P>
<H3>
Function Pointers
</H3><UL>
 <LI><a href="#[36]">ACMP01_IRQHandler</a> from startup_m480.o(.text) referenced from startup_m480.o(RESET)
 <LI><a href="#[70]">AX58200_FoeError</a> from ax58200_foeappl.o(i.AX58200_FoeError) referenced from ax58200_foeappl.o(i.AX58200_FoeInit)
 <LI><a href="#[6e]">AX58200_FoeRead</a> from ax58200_foeappl.o(i.AX58200_FoeRead) referenced from ax58200_foeappl.o(i.AX58200_FoeInit)
 <LI><a href="#[6f]">AX58200_FoeReadData</a> from ax58200_foeappl.o(i.AX58200_FoeReadData) referenced from ax58200_foeappl.o(i.AX58200_FoeInit)
 <LI><a href="#[71]">AX58200_FoeWrite</a> from ax58200_foeappl.o(i.AX58200_FoeWrite) referenced from ax58200_foeappl.o(i.AX58200_FoeInit)
 <LI><a href="#[72]">AX58200_FoeWriteData</a> from ax58200_foeappl.o(i.AX58200_FoeWriteData) referenced from ax58200_foeappl.o(i.AX58200_FoeInit)
 <LI><a href="#[73]">AX_UART_GetChar</a> from ax_uart.o(i.AX_UART_GetChar) referenced from console.o(i.CONSOLE_Init)
 <LI><a href="#[74]">AX_UART_PutChar</a> from ax_uart.o(i.AX_UART_PutChar) referenced from console.o(i.CONSOLE_Init)
 <LI><a href="#[a]">BOD_IRQHandler</a> from startup_m480.o(.text) referenced from startup_m480.o(RESET)
 <LI><a href="#[54]">BPWM0_IRQHandler</a> from startup_m480.o(.text) referenced from startup_m480.o(RESET)
 <LI><a href="#[55]">BPWM1_IRQHandler</a> from startup_m480.o(.text) referenced from startup_m480.o(RESET)
 <LI><a href="#[22]">BRAKE0_IRQHandler</a> from startup_m480.o(.text) referenced from startup_m480.o(RESET)
 <LI><a href="#[26]">BRAKE1_IRQHandler</a> from startup_m480.o(.text) referenced from startup_m480.o(RESET)
 <LI><a href="#[4]">BusFault_Handler</a> from startup_m480.o(.text) referenced from startup_m480.o(RESET)
 <LI><a href="#[41]">CAN0_IRQHandler</a> from startup_m480.o(.text) referenced from startup_m480.o(RESET)
 <LI><a href="#[42]">CAN1_IRQHandler</a> from startup_m480.o(.text) referenced from startup_m480.o(RESET)
 <LI><a href="#[69]">CAN2_IRQHandler</a> from startup_m480.o(.text) referenced from startup_m480.o(RESET)
 <LI><a href="#[57]">CCAP_IRQHandler</a> from startup_m480.o(.text) referenced from startup_m480.o(RESET)
 <LI><a href="#[79]">CIA402CSP_DeInit</a> from cia402csp.o(i.CIA402CSP_DeInit) referenced from cia402csp.o(.data)
 <LI><a href="#[78]">CIA402CSP_Init</a> from cia402csp.o(i.CIA402CSP_Init) referenced from cia402csp.o(.data)
 <LI><a href="#[7a]">CIA402CSP_Run</a> from cia402csp.o(i.CIA402CSP_Run) referenced from cia402csp.o(.data)
 <LI><a href="#[7c]">CIA402HM_DeInit</a> from cia402hm.o(i.CIA402HM_DeInit) referenced from cia402hm.o(.data)
 <LI><a href="#[7b]">CIA402HM_Init</a> from cia402hm.o(i.CIA402HM_Init) referenced from cia402hm.o(.data)
 <LI><a href="#[7d]">CIA402HM_Run</a> from cia402hm.o(i.CIA402HM_Run) referenced from cia402hm.o(.data)
 <LI><a href="#[7f]">CIA402PP_DeInit</a> from cia402pp.o(i.CIA402PP_DeInit) referenced from cia402pp.o(.data)
 <LI><a href="#[7e]">CIA402PP_Init</a> from cia402pp.o(i.CIA402PP_Init) referenced from cia402pp.o(.data)
 <LI><a href="#[80]">CIA402PP_Run</a> from cia402pp.o(i.CIA402PP_Run) referenced from cia402pp.o(.data)
 <LI><a href="#[e]">CKFAIL_IRQHandler</a> from startup_m480.o(.text) referenced from startup_m480.o(RESET)
 <LI><a href="#[4d]">CRYPTO_IRQHandler</a> from startup_m480.o(.text) referenced from startup_m480.o(RESET)
 <LI><a href="#[33]">DAC_IRQHandler</a> from startup_m480.o(.text) referenced from startup_m480.o(RESET)
 <LI><a href="#[7]">DebugMon_Handler</a> from startup_m480.o(.text) referenced from startup_m480.o(RESET)
 <LI><a href="#[f]">Default_Handler</a> from startup_m480.o(.text) referenced 14 times from startup_m480.o(RESET)
 <LI><a href="#[34]">EADC00_IRQHandler</a> from startup_m480.o(.text) referenced from startup_m480.o(RESET)
 <LI><a href="#[35]">EADC01_IRQHandler</a> from startup_m480.o(.text) referenced from startup_m480.o(RESET)
 <LI><a href="#[37]">EADC02_IRQHandler</a> from startup_m480.o(.text) referenced from startup_m480.o(RESET)
 <LI><a href="#[38]">EADC03_IRQHandler</a> from startup_m480.o(.text) referenced from startup_m480.o(RESET)
 <LI><a href="#[65]">EADC10_IRQHandler</a> from startup_m480.o(.text) referenced from startup_m480.o(RESET)
 <LI><a href="#[66]">EADC11_IRQHandler</a> from startup_m480.o(.text) referenced from startup_m480.o(RESET)
 <LI><a href="#[67]">EADC12_IRQHandler</a> from startup_m480.o(.text) referenced from startup_m480.o(RESET)
 <LI><a href="#[68]">EADC13_IRQHandler</a> from startup_m480.o(.text) referenced from startup_m480.o(RESET)
 <LI><a href="#[5b]">ECAP0_IRQHandler</a> from startup_m480.o(.text) referenced from startup_m480.o(RESET)
 <LI><a href="#[5c]">ECAP1_IRQHandler</a> from startup_m480.o(.text) referenced from startup_m480.o(RESET)
 <LI><a href="#[60]">EHCI_IRQHandler</a> from startup_m480.o(.text) referenced from startup_m480.o(RESET)
 <LI><a href="#[14]">EINT0_IRQHandler</a> from startup_m480.o(.text) referenced from startup_m480.o(RESET)
 <LI><a href="#[15]">EINT1_IRQHandler</a> from startup_m480.o(.text) referenced from startup_m480.o(RESET)
 <LI><a href="#[16]">EINT2_IRQHandler</a> from startup_m480.o(.text) referenced from startup_m480.o(RESET)
 <LI><a href="#[17]">EINT3_IRQHandler</a> from startup_m480.o(.text) referenced from startup_m480.o(RESET)
 <LI><a href="#[18]">EINT4_IRQHandler</a> from startup_m480.o(.text) referenced from startup_m480.o(RESET)
 <LI><a href="#[19]">EINT5_IRQHandler</a> from startup_m480.o(.text) referenced from startup_m480.o(RESET)
 <LI><a href="#[4f]">EINT6_IRQHandler</a> from startup_m480.o(.text) referenced from startup_m480.o(RESET)
 <LI><a href="#[5e]">EINT7_IRQHandler</a> from startup_m480.o(.text) referenced from startup_m480.o(RESET)
 <LI><a href="#[4a]">EMAC_RX_IRQHandler</a> from startup_m480.o(.text) referenced from startup_m480.o(RESET)
 <LI><a href="#[49]">EMAC_TX_IRQHandler</a> from startup_m480.o(.text) referenced from startup_m480.o(RESET)
 <LI><a href="#[23]">EPWM0P0_IRQHandler</a> from startup_m480.o(.text) referenced from startup_m480.o(RESET)
 <LI><a href="#[24]">EPWM0P1_IRQHandler</a> from startup_m480.o(.text) referenced from startup_m480.o(RESET)
 <LI><a href="#[25]">EPWM0P2_IRQHandler</a> from startup_m480.o(.text) referenced from startup_m480.o(RESET)
 <LI><a href="#[27]">EPWM1P0_IRQHandler</a> from mc_it.o(i.EPWM1P0_IRQHandler) referenced from startup_m480.o(RESET)
 <LI><a href="#[28]">EPWM1P1_IRQHandler</a> from startup_m480.o(.text) referenced from startup_m480.o(RESET)
 <LI><a href="#[29]">EPWM1P2_IRQHandler</a> from startup_m480.o(.text) referenced from startup_m480.o(RESET)
 <LI><a href="#[1a]">GPA_IRQHandler</a> from startup_m480.o(.text) referenced from startup_m480.o(RESET)
 <LI><a href="#[1b]">GPB_IRQHandler</a> from startup_m480.o(.text) referenced from startup_m480.o(RESET)
 <LI><a href="#[1c]">GPC_IRQHandler</a> from ax58200_hw.o(i.GPC_IRQHandler) referenced from startup_m480.o(RESET)
 <LI><a href="#[1d]">GPD_IRQHandler</a> from startup_m480.o(.text) referenced from startup_m480.o(RESET)
 <LI><a href="#[1e]">GPE_IRQHandler</a> from ax58200_hw.o(i.GPE_IRQHandler) referenced from startup_m480.o(RESET)
 <LI><a href="#[1f]">GPF_IRQHandler</a> from startup_m480.o(.text) referenced from startup_m480.o(RESET)
 <LI><a href="#[4e]">GPG_IRQHandler</a> from startup_m480.o(.text) referenced from startup_m480.o(RESET)
 <LI><a href="#[5d]">GPH_IRQHandler</a> from startup_m480.o(.text) referenced from startup_m480.o(RESET)
 <LI><a href="#[2]">HardFault_Handler</a> from asix_retarget.o(.emb_text) referenced from startup_m480.o(RESET)
 <LI><a href="#[6b]">Hard_Fault_Handler</a> from asix_retarget.o(i.Hard_Fault_Handler) referenced from asix_retarget.o(.emb_text)
 <LI><a href="#[30]">I2C0_IRQHandler</a> from startup_m480.o(.text) referenced from startup_m480.o(RESET)
 <LI><a href="#[31]">I2C1_IRQHandler</a> from startup_m480.o(.text) referenced from startup_m480.o(RESET)
 <LI><a href="#[58]">I2C2_IRQHandler</a> from startup_m480.o(.text) referenced from startup_m480.o(RESET)
 <LI><a href="#[4b]">I2S0_IRQHandler</a> from startup_m480.o(.text) referenced from startup_m480.o(RESET)
 <LI><a href="#[b]">IRC_IRQHandler</a> from startup_m480.o(.text) referenced from startup_m480.o(RESET)
 <LI><a href="#[75]">MH_VCP_ClassRequest</a> from mchal_husb.o(i.MH_VCP_ClassRequest) referenced from mchal_husb.o(i.MH_VCP_Init)
 <LI><a href="#[3]">MemManage_Handler</a> from startup_m480.o(.text) referenced from startup_m480.o(RESET)
 <LI><a href="#[1]">NMI_Handler</a> from startup_m480.o(.text) referenced from startup_m480.o(RESET)
 <LI><a href="#[3f]">OHCI_IRQHandler</a> from startup_m480.o(.text) referenced from startup_m480.o(RESET)
 <LI><a href="#[4c]">OPA0_IRQHandler</a> from startup_m480.o(.text) referenced from startup_m480.o(RESET)
 <LI><a href="#[32]">PDMA_IRQHandler</a> from startup_m480.o(.text) referenced from startup_m480.o(RESET)
 <LI><a href="#[c]">PWRWU_IRQHandler</a> from startup_m480.o(.text) referenced from startup_m480.o(RESET)
 <LI><a href="#[8]">PendSV_Handler</a> from startup_m480.o(.text) referenced from startup_m480.o(RESET)
 <LI><a href="#[59]">QEI0_IRQHandler</a> from startup_m480.o(.text) referenced from startup_m480.o(RESET)
 <LI><a href="#[5a]">QEI1_IRQHandler</a> from startup_m480.o(.text) referenced from startup_m480.o(RESET)
 <LI><a href="#[20]">QSPI0_IRQHandler</a> from startup_m480.o(.text) referenced from startup_m480.o(RESET)
 <LI><a href="#[3b]">QSPI1_IRQHandler</a> from startup_m480.o(.text) referenced from startup_m480.o(RESET)
 <LI><a href="#[d]">RAMPE_IRQHandler</a> from startup_m480.o(.text) referenced from startup_m480.o(RESET)
 <LI><a href="#[10]">RTC_IRQHandler</a> from startup_m480.o(.text) referenced from startup_m480.o(RESET)
 <LI><a href="#[81]">Read0x10F8</a> from coeappl.o(i.Read0x10F8) referenced from coeappl.o(.data)
 <LI><a href="#[ae]">Reset_Handler</a> from startup_m480.o(.text) referenced from startup_m480.o(RESET)
 <LI><a href="#[43]">SC0_IRQHandler</a> from startup_m480.o(.text) referenced from startup_m480.o(RESET)
 <LI><a href="#[44]">SC1_IRQHandler</a> from startup_m480.o(.text) referenced from startup_m480.o(RESET)
 <LI><a href="#[45]">SC2_IRQHandler</a> from startup_m480.o(.text) referenced from startup_m480.o(RESET)
 <LI><a href="#[47]">SDH0_IRQHandler</a> from startup_m480.o(.text) referenced from startup_m480.o(RESET)
 <LI><a href="#[5f]">SDH1_IRQHandler</a> from startup_m480.o(.text) referenced from startup_m480.o(RESET)
 <LI><a href="#[21]">SPI0_IRQHandler</a> from startup_m480.o(.text) referenced from startup_m480.o(RESET)
 <LI><a href="#[3c]">SPI1_IRQHandler</a> from startup_m480.o(.text) referenced from startup_m480.o(RESET)
 <LI><a href="#[3d]">SPI2_IRQHandler</a> from startup_m480.o(.text) referenced from startup_m480.o(RESET)
 <LI><a href="#[46]">SPI3_IRQHandler</a> from startup_m480.o(.text) referenced from startup_m480.o(RESET)
 <LI><a href="#[56]">SPIM_IRQHandler</a> from startup_m480.o(.text) referenced from startup_m480.o(RESET)
 <LI><a href="#[6]">SVC_Handler</a> from startup_m480.o(.text) referenced from startup_m480.o(RESET)
 <LI><a href="#[9]">SysTick_Handler</a> from main.o(i.SysTick_Handler) referenced from startup_m480.o(RESET)
 <LI><a href="#[6c]">SystemInit</a> from system_m480.o(i.SystemInit) referenced from startup_m480.o(.text)
 <LI><a href="#[11]">TAMPER_IRQHandler</a> from startup_m480.o(.text) referenced from startup_m480.o(RESET)
 <LI><a href="#[2a]">TMR0_IRQHandler</a> from startup_m480.o(.text) referenced from startup_m480.o(RESET)
 <LI><a href="#[2b]">TMR1_IRQHandler</a> from mc_it.o(i.TMR1_IRQHandler) referenced from startup_m480.o(RESET)
 <LI><a href="#[2c]">TMR2_IRQHandler</a> from startup_m480.o(.text) referenced from startup_m480.o(RESET)
 <LI><a href="#[2d]">TMR3_IRQHandler</a> from ax58200_hw.o(i.TMR3_IRQHandler) referenced from startup_m480.o(RESET)
 <LI><a href="#[62]">TRNG_IRQHandler</a> from startup_m480.o(.text) referenced from startup_m480.o(RESET)
 <LI><a href="#[2e]">UART0_IRQHandler</a> from ax_uart.o(i.UART0_IRQHandler) referenced from startup_m480.o(RESET)
 <LI><a href="#[2f]">UART1_IRQHandler</a> from startup_m480.o(.text) referenced from startup_m480.o(RESET)
 <LI><a href="#[39]">UART2_IRQHandler</a> from startup_m480.o(.text) referenced from startup_m480.o(RESET)
 <LI><a href="#[3a]">UART3_IRQHandler</a> from startup_m480.o(.text) referenced from startup_m480.o(RESET)
 <LI><a href="#[50]">UART4_IRQHandler</a> from startup_m480.o(.text) referenced from startup_m480.o(RESET)
 <LI><a href="#[51]">UART5_IRQHandler</a> from startup_m480.o(.text) referenced from startup_m480.o(RESET)
 <LI><a href="#[63]">UART6_IRQHandler</a> from startup_m480.o(.text) referenced from startup_m480.o(RESET)
 <LI><a href="#[64]">UART7_IRQHandler</a> from startup_m480.o(.text) referenced from startup_m480.o(RESET)
 <LI><a href="#[48]">USBD20_IRQHandler</a> from mchal_husb.o(i.USBD20_IRQHandler) referenced from startup_m480.o(RESET)
 <LI><a href="#[3e]">USBD_IRQHandler</a> from startup_m480.o(.text) referenced from startup_m480.o(RESET)
 <LI><a href="#[61]">USBOTG20_IRQHandler</a> from startup_m480.o(.text) referenced from startup_m480.o(RESET)
 <LI><a href="#[40]">USBOTG_IRQHandler</a> from startup_m480.o(.text) referenced from startup_m480.o(RESET)
 <LI><a href="#[52]">USCI0_IRQHandler</a> from startup_m480.o(.text) referenced from startup_m480.o(RESET)
 <LI><a href="#[53]">USCI1_IRQHandler</a> from startup_m480.o(.text) referenced from startup_m480.o(RESET)
 <LI><a href="#[5]">UsageFault_Handler</a> from startup_m480.o(.text) referenced from startup_m480.o(RESET)
 <LI><a href="#[12]">WDT_IRQHandler</a> from startup_m480.o(.text) referenced from startup_m480.o(RESET)
 <LI><a href="#[13]">WWDT_IRQHandler</a> from startup_m480.o(.text) referenced from startup_m480.o(RESET)
 <LI><a href="#[6d]">__main</a> from entry.o(.ARM.Collect$$$$00000000) referenced from startup_m480.o(.text)
 <LI><a href="#[77]">_sputc</a> from printfa.o(i._sputc) referenced from printfa.o(i.__0vsprintf)
 <LI><a href="#[ac]">clicmd_CiA402</a> from clicmd.o(i.clicmd_CiA402) referenced from clicmd.o(.data)
 <LI><a href="#[ad]">clicmd_CiA402Help</a> from clicmd.o(i.clicmd_CiA402Help) referenced from clicmd.o(.data)
 <LI><a href="#[86]">clicmd_ClkRegister</a> from clicmd.o(i.clicmd_ClkRegister) referenced from clicmd.o(.data)
 <LI><a href="#[87]">clicmd_ClkRegisterHelp</a> from clicmd.o(i.clicmd_ClkRegisterHelp) referenced from clicmd.o(.data)
 <LI><a href="#[9a]">clicmd_ECAPxRegister</a> from clicmd.o(i.clicmd_ECAPxRegister) referenced from clicmd.o(.data)
 <LI><a href="#[9b]">clicmd_ECAPxRegisterHelp</a> from clicmd.o(i.clicmd_ECAPxRegisterHelp) referenced from clicmd.o(.data)
 <LI><a href="#[9c]">clicmd_EPWMxRegister</a> from clicmd.o(i.clicmd_EPWMxRegister) referenced from clicmd.o(.data)
 <LI><a href="#[9d]">clicmd_EPWMxRegisterHelp</a> from clicmd.o(i.clicmd_EPWMxRegisterHelp) referenced from clicmd.o(.data)
 <LI><a href="#[96]">clicmd_EadcRegister</a> from clicmd.o(i.clicmd_EadcRegister) referenced from clicmd.o(.data)
 <LI><a href="#[97]">clicmd_EadcRegisterHelp</a> from clicmd.o(i.clicmd_EadcRegisterHelp) referenced from clicmd.o(.data)
 <LI><a href="#[a4]">clicmd_EscRegister</a> from clicmd.o(i.clicmd_EscRegister) referenced from clicmd.o(.data)
 <LI><a href="#[a5]">clicmd_EscRegisterHelp</a> from clicmd.o(i.clicmd_EscRegisterHelp) referenced from clicmd.o(.data)
 <LI><a href="#[a8]">clicmd_EscStack</a> from clicmd.o(i.clicmd_EscStack) referenced from clicmd.o(.data)
 <LI><a href="#[a9]">clicmd_EscStackHelp</a> from clicmd.o(i.clicmd_EscStackHelp) referenced from clicmd.o(.data)
 <LI><a href="#[88]">clicmd_FmcRegister</a> from clicmd.o(i.clicmd_FmcRegister) referenced from clicmd.o(.data)
 <LI><a href="#[89]">clicmd_FmcRegisterHelp</a> from clicmd.o(i.clicmd_FmcRegisterHelp) referenced from clicmd.o(.data)
 <LI><a href="#[92]">clicmd_GPIOxRegister</a> from clicmd.o(i.clicmd_GPIOxRegister) referenced from clicmd.o(.data)
 <LI><a href="#[93]">clicmd_GPIOxRegisterHelp</a> from clicmd.o(i.clicmd_GPIOxRegisterHelp) referenced from clicmd.o(.data)
 <LI><a href="#[aa]">clicmd_McStack</a> from clicmd.o(i.clicmd_McStack) referenced from clicmd.o(.data)
 <LI><a href="#[ab]">clicmd_McStackHelp</a> from clicmd.o(i.clicmd_McStackHelp) referenced from clicmd.o(.data)
 <LI><a href="#[94]">clicmd_NvicRegister</a> from clicmd.o(i.clicmd_NvicRegister) referenced from clicmd.o(.data)
 <LI><a href="#[95]">clicmd_NvicRegisterHelp</a> from clicmd.o(i.clicmd_NvicRegisterHelp) referenced from clicmd.o(.data)
 <LI><a href="#[a2]">clicmd_PdiMemoryTest</a> from clicmd.o(i.clicmd_PdiMemoryTest) referenced from clicmd.o(.data)
 <LI><a href="#[a3]">clicmd_PdiMemoryTestHelp</a> from clicmd.o(i.clicmd_PdiMemoryTestHelp) referenced from clicmd.o(.data)
 <LI><a href="#[9e]">clicmd_PdiRead</a> from clicmd.o(i.clicmd_PdiRead) referenced from clicmd.o(.data)
 <LI><a href="#[9f]">clicmd_PdiReadHelp</a> from clicmd.o(i.clicmd_PdiReadHelp) referenced from clicmd.o(.data)
 <LI><a href="#[a6]">clicmd_PdiReset</a> from clicmd.o(i.clicmd_PdiReset) referenced from clicmd.o(.data)
 <LI><a href="#[a7]">clicmd_PdiResetHelp</a> from clicmd.o(i.clicmd_PdiResetHelp) referenced from clicmd.o(.data)
 <LI><a href="#[a0]">clicmd_PdiWrite</a> from clicmd.o(i.clicmd_PdiWrite) referenced from clicmd.o(.data)
 <LI><a href="#[a1]">clicmd_PdiWriteHelp</a> from clicmd.o(i.clicmd_PdiWriteHelp) referenced from clicmd.o(.data)
 <LI><a href="#[98]">clicmd_QEIxRegister</a> from clicmd.o(i.clicmd_QEIxRegister) referenced from clicmd.o(.data)
 <LI><a href="#[99]">clicmd_QEIxRegisterHelp</a> from clicmd.o(i.clicmd_QEIxRegisterHelp) referenced from clicmd.o(.data)
 <LI><a href="#[90]">clicmd_SPIxRegister</a> from clicmd.o(i.clicmd_SPIxRegister) referenced from clicmd.o(.data)
 <LI><a href="#[91]">clicmd_SPIxRegisterHelp</a> from clicmd.o(i.clicmd_SPIxRegisterHelp) referenced from clicmd.o(.data)
 <LI><a href="#[8a]">clicmd_SpimRegister</a> from clicmd.o(i.clicmd_SpimRegister) referenced from clicmd.o(.data)
 <LI><a href="#[8b]">clicmd_SpimRegisterHelp</a> from clicmd.o(i.clicmd_SpimRegisterHelp) referenced from clicmd.o(.data)
 <LI><a href="#[84]">clicmd_SysRegister</a> from clicmd.o(i.clicmd_SysRegister) referenced from clicmd.o(.data)
 <LI><a href="#[85]">clicmd_SysRegisterHelp</a> from clicmd.o(i.clicmd_SysRegisterHelp) referenced from clicmd.o(.data)
 <LI><a href="#[82]">clicmd_SystemReboot</a> from clicmd.o(i.clicmd_SystemReboot) referenced from clicmd.o(.data)
 <LI><a href="#[83]">clicmd_SystemRebootHelp</a> from clicmd.o(i.clicmd_SystemRebootHelp) referenced from clicmd.o(.data)
 <LI><a href="#[8e]">clicmd_TMRxRegister</a> from clicmd.o(i.clicmd_TMRxRegister) referenced from clicmd.o(.data)
 <LI><a href="#[8f]">clicmd_TMRxRegisterHelp</a> from clicmd.o(i.clicmd_TMRxRegisterHelp) referenced from clicmd.o(.data)
 <LI><a href="#[8c]">clicmd_UARTxRegister</a> from clicmd.o(i.clicmd_UARTxRegister) referenced from clicmd.o(.data)
 <LI><a href="#[8d]">clicmd_UARTxRegisterHelp</a> from clicmd.o(i.clicmd_UARTxRegisterHelp) referenced from clicmd.o(.data)
 <LI><a href="#[76]">fputc</a> from asix_retarget.o(i.fputc) referenced from printfa.o(i.__0printf)
 <LI><a href="#[6a]">main</a> from main.o(i.main) referenced from entry9a.o(.ARM.Collect$$$$0000000B)
</UL>
<P>
<H3>
Global Symbols
</H3>
<P><STRONG><a name="[6d]"></a>__main</STRONG> (Thumb, 0 bytes, Stack size unknown bytes, entry.o(.ARM.Collect$$$$00000000))
<BR>[Address Reference Count : 1]<UL><LI> startup_m480.o(.text)
</UL>
<P><STRONG><a name="[27f]"></a>_main_stk</STRONG> (Thumb, 0 bytes, Stack size unknown bytes, entry2.o(.ARM.Collect$$$$00000001))

<P><STRONG><a name="[af]"></a>_main_scatterload</STRONG> (Thumb, 0 bytes, Stack size unknown bytes, entry5.o(.ARM.Collect$$$$00000004))
<BR><BR>[Calls]<UL><LI><a href="#[b0]">&gt;&gt;</a>&nbsp;&nbsp;&nbsp;__scatterload
</UL>

<P><STRONG><a name="[c0]"></a>__main_after_scatterload</STRONG> (Thumb, 0 bytes, Stack size unknown bytes, entry5.o(.ARM.Collect$$$$00000004))
<BR><BR>[Called By]<UL><LI><a href="#[b0]">&gt;&gt;</a>&nbsp;&nbsp;&nbsp;__scatterload
</UL>

<P><STRONG><a name="[280]"></a>_main_clock</STRONG> (Thumb, 0 bytes, Stack size unknown bytes, entry7b.o(.ARM.Collect$$$$00000008))

<P><STRONG><a name="[281]"></a>_main_cpp_init</STRONG> (Thumb, 0 bytes, Stack size unknown bytes, entry8b.o(.ARM.Collect$$$$0000000A))

<P><STRONG><a name="[282]"></a>_main_init</STRONG> (Thumb, 0 bytes, Stack size unknown bytes, entry9a.o(.ARM.Collect$$$$0000000B))

<P><STRONG><a name="[283]"></a>__rt_final_cpp</STRONG> (Thumb, 0 bytes, Stack size unknown bytes, entry10a.o(.ARM.Collect$$$$0000000D))

<P><STRONG><a name="[284]"></a>__rt_final_exit</STRONG> (Thumb, 0 bytes, Stack size unknown bytes, entry11a.o(.ARM.Collect$$$$0000000F))

<P><STRONG><a name="[2]"></a>HardFault_Handler</STRONG> (Thumb, 24 bytes, Stack size 0 bytes, asix_retarget.o(.emb_text))
<BR>[Address Reference Count : 1]<UL><LI> startup_m480.o(RESET)
</UL>
<P><STRONG><a name="[ae]"></a>Reset_Handler</STRONG> (Thumb, 64 bytes, Stack size 0 bytes, startup_m480.o(.text))

<P><STRONG><a name="[1]"></a>NMI_Handler</STRONG> (Thumb, 2 bytes, Stack size 0 bytes, startup_m480.o(.text))
<BR><BR>[Calls]<UL><LI><a href="#[1]">&gt;&gt;</a>&nbsp;&nbsp;&nbsp;NMI_Handler
</UL>
<BR>[Called By]<UL><LI><a href="#[1]">&gt;&gt;</a>&nbsp;&nbsp;&nbsp;NMI_Handler
</UL>
<BR>[Address Reference Count : 1]<UL><LI> startup_m480.o(RESET)
</UL>
<P><STRONG><a name="[3]"></a>MemManage_Handler</STRONG> (Thumb, 2 bytes, Stack size 0 bytes, startup_m480.o(.text))
<BR><BR>[Calls]<UL><LI><a href="#[3]">&gt;&gt;</a>&nbsp;&nbsp;&nbsp;MemManage_Handler
</UL>
<BR>[Called By]<UL><LI><a href="#[3]">&gt;&gt;</a>&nbsp;&nbsp;&nbsp;MemManage_Handler
</UL>
<BR>[Address Reference Count : 1]<UL><LI> startup_m480.o(RESET)
</UL>
<P><STRONG><a name="[4]"></a>BusFault_Handler</STRONG> (Thumb, 2 bytes, Stack size 0 bytes, startup_m480.o(.text))
<BR><BR>[Calls]<UL><LI><a href="#[4]">&gt;&gt;</a>&nbsp;&nbsp;&nbsp;BusFault_Handler
</UL>
<BR>[Called By]<UL><LI><a href="#[4]">&gt;&gt;</a>&nbsp;&nbsp;&nbsp;BusFault_Handler
</UL>
<BR>[Address Reference Count : 1]<UL><LI> startup_m480.o(RESET)
</UL>
<P><STRONG><a name="[5]"></a>UsageFault_Handler</STRONG> (Thumb, 2 bytes, Stack size 0 bytes, startup_m480.o(.text))
<BR><BR>[Calls]<UL><LI><a href="#[5]">&gt;&gt;</a>&nbsp;&nbsp;&nbsp;UsageFault_Handler
</UL>
<BR>[Called By]<UL><LI><a href="#[5]">&gt;&gt;</a>&nbsp;&nbsp;&nbsp;UsageFault_Handler
</UL>
<BR>[Address Reference Count : 1]<UL><LI> startup_m480.o(RESET)
</UL>
<P><STRONG><a name="[6]"></a>SVC_Handler</STRONG> (Thumb, 2 bytes, Stack size 0 bytes, startup_m480.o(.text))
<BR><BR>[Calls]<UL><LI><a href="#[6]">&gt;&gt;</a>&nbsp;&nbsp;&nbsp;SVC_Handler
</UL>
<BR>[Called By]<UL><LI><a href="#[6]">&gt;&gt;</a>&nbsp;&nbsp;&nbsp;SVC_Handler
</UL>
<BR>[Address Reference Count : 1]<UL><LI> startup_m480.o(RESET)
</UL>
<P><STRONG><a name="[7]"></a>DebugMon_Handler</STRONG> (Thumb, 2 bytes, Stack size 0 bytes, startup_m480.o(.text))
<BR><BR>[Calls]<UL><LI><a href="#[7]">&gt;&gt;</a>&nbsp;&nbsp;&nbsp;DebugMon_Handler
</UL>
<BR>[Called By]<UL><LI><a href="#[7]">&gt;&gt;</a>&nbsp;&nbsp;&nbsp;DebugMon_Handler
</UL>
<BR>[Address Reference Count : 1]<UL><LI> startup_m480.o(RESET)
</UL>
<P><STRONG><a name="[8]"></a>PendSV_Handler</STRONG> (Thumb, 2 bytes, Stack size 0 bytes, startup_m480.o(.text))
<BR><BR>[Calls]<UL><LI><a href="#[8]">&gt;&gt;</a>&nbsp;&nbsp;&nbsp;PendSV_Handler
</UL>
<BR>[Called By]<UL><LI><a href="#[8]">&gt;&gt;</a>&nbsp;&nbsp;&nbsp;PendSV_Handler
</UL>
<BR>[Address Reference Count : 1]<UL><LI> startup_m480.o(RESET)
</UL>
<P><STRONG><a name="[36]"></a>ACMP01_IRQHandler</STRONG> (Thumb, 0 bytes, Stack size 0 bytes, startup_m480.o(.text))
<BR>[Address Reference Count : 1]<UL><LI> startup_m480.o(RESET)
</UL>
<P><STRONG><a name="[a]"></a>BOD_IRQHandler</STRONG> (Thumb, 0 bytes, Stack size 0 bytes, startup_m480.o(.text))
<BR>[Address Reference Count : 1]<UL><LI> startup_m480.o(RESET)
</UL>
<P><STRONG><a name="[54]"></a>BPWM0_IRQHandler</STRONG> (Thumb, 0 bytes, Stack size 0 bytes, startup_m480.o(.text))
<BR>[Address Reference Count : 1]<UL><LI> startup_m480.o(RESET)
</UL>
<P><STRONG><a name="[55]"></a>BPWM1_IRQHandler</STRONG> (Thumb, 0 bytes, Stack size 0 bytes, startup_m480.o(.text))
<BR>[Address Reference Count : 1]<UL><LI> startup_m480.o(RESET)
</UL>
<P><STRONG><a name="[22]"></a>BRAKE0_IRQHandler</STRONG> (Thumb, 0 bytes, Stack size 0 bytes, startup_m480.o(.text))
<BR>[Address Reference Count : 1]<UL><LI> startup_m480.o(RESET)
</UL>
<P><STRONG><a name="[26]"></a>BRAKE1_IRQHandler</STRONG> (Thumb, 0 bytes, Stack size 0 bytes, startup_m480.o(.text))
<BR>[Address Reference Count : 1]<UL><LI> startup_m480.o(RESET)
</UL>
<P><STRONG><a name="[41]"></a>CAN0_IRQHandler</STRONG> (Thumb, 0 bytes, Stack size 0 bytes, startup_m480.o(.text))
<BR>[Address Reference Count : 1]<UL><LI> startup_m480.o(RESET)
</UL>
<P><STRONG><a name="[42]"></a>CAN1_IRQHandler</STRONG> (Thumb, 0 bytes, Stack size 0 bytes, startup_m480.o(.text))
<BR>[Address Reference Count : 1]<UL><LI> startup_m480.o(RESET)
</UL>
<P><STRONG><a name="[69]"></a>CAN2_IRQHandler</STRONG> (Thumb, 0 bytes, Stack size 0 bytes, startup_m480.o(.text))
<BR>[Address Reference Count : 1]<UL><LI> startup_m480.o(RESET)
</UL>
<P><STRONG><a name="[57]"></a>CCAP_IRQHandler</STRONG> (Thumb, 0 bytes, Stack size 0 bytes, startup_m480.o(.text))
<BR>[Address Reference Count : 1]<UL><LI> startup_m480.o(RESET)
</UL>
<P><STRONG><a name="[e]"></a>CKFAIL_IRQHandler</STRONG> (Thumb, 0 bytes, Stack size 0 bytes, startup_m480.o(.text))
<BR>[Address Reference Count : 1]<UL><LI> startup_m480.o(RESET)
</UL>
<P><STRONG><a name="[4d]"></a>CRYPTO_IRQHandler</STRONG> (Thumb, 0 bytes, Stack size 0 bytes, startup_m480.o(.text))
<BR>[Address Reference Count : 1]<UL><LI> startup_m480.o(RESET)
</UL>
<P><STRONG><a name="[33]"></a>DAC_IRQHandler</STRONG> (Thumb, 0 bytes, Stack size 0 bytes, startup_m480.o(.text))
<BR>[Address Reference Count : 1]<UL><LI> startup_m480.o(RESET)
</UL>
<P><STRONG><a name="[34]"></a>EADC00_IRQHandler</STRONG> (Thumb, 0 bytes, Stack size 0 bytes, startup_m480.o(.text))
<BR>[Address Reference Count : 1]<UL><LI> startup_m480.o(RESET)
</UL>
<P><STRONG><a name="[35]"></a>EADC01_IRQHandler</STRONG> (Thumb, 0 bytes, Stack size 0 bytes, startup_m480.o(.text))
<BR>[Address Reference Count : 1]<UL><LI> startup_m480.o(RESET)
</UL>
<P><STRONG><a name="[37]"></a>EADC02_IRQHandler</STRONG> (Thumb, 0 bytes, Stack size 0 bytes, startup_m480.o(.text))
<BR>[Address Reference Count : 1]<UL><LI> startup_m480.o(RESET)
</UL>
<P><STRONG><a name="[38]"></a>EADC03_IRQHandler</STRONG> (Thumb, 0 bytes, Stack size 0 bytes, startup_m480.o(.text))
<BR>[Address Reference Count : 1]<UL><LI> startup_m480.o(RESET)
</UL>
<P><STRONG><a name="[65]"></a>EADC10_IRQHandler</STRONG> (Thumb, 0 bytes, Stack size 0 bytes, startup_m480.o(.text))
<BR>[Address Reference Count : 1]<UL><LI> startup_m480.o(RESET)
</UL>
<P><STRONG><a name="[66]"></a>EADC11_IRQHandler</STRONG> (Thumb, 0 bytes, Stack size 0 bytes, startup_m480.o(.text))
<BR>[Address Reference Count : 1]<UL><LI> startup_m480.o(RESET)
</UL>
<P><STRONG><a name="[67]"></a>EADC12_IRQHandler</STRONG> (Thumb, 0 bytes, Stack size 0 bytes, startup_m480.o(.text))
<BR>[Address Reference Count : 1]<UL><LI> startup_m480.o(RESET)
</UL>
<P><STRONG><a name="[68]"></a>EADC13_IRQHandler</STRONG> (Thumb, 0 bytes, Stack size 0 bytes, startup_m480.o(.text))
<BR>[Address Reference Count : 1]<UL><LI> startup_m480.o(RESET)
</UL>
<P><STRONG><a name="[5b]"></a>ECAP0_IRQHandler</STRONG> (Thumb, 0 bytes, Stack size 0 bytes, startup_m480.o(.text))
<BR>[Address Reference Count : 1]<UL><LI> startup_m480.o(RESET)
</UL>
<P><STRONG><a name="[5c]"></a>ECAP1_IRQHandler</STRONG> (Thumb, 0 bytes, Stack size 0 bytes, startup_m480.o(.text))
<BR>[Address Reference Count : 1]<UL><LI> startup_m480.o(RESET)
</UL>
<P><STRONG><a name="[60]"></a>EHCI_IRQHandler</STRONG> (Thumb, 0 bytes, Stack size 0 bytes, startup_m480.o(.text))
<BR>[Address Reference Count : 1]<UL><LI> startup_m480.o(RESET)
</UL>
<P><STRONG><a name="[14]"></a>EINT0_IRQHandler</STRONG> (Thumb, 0 bytes, Stack size 0 bytes, startup_m480.o(.text))
<BR>[Address Reference Count : 1]<UL><LI> startup_m480.o(RESET)
</UL>
<P><STRONG><a name="[15]"></a>EINT1_IRQHandler</STRONG> (Thumb, 0 bytes, Stack size 0 bytes, startup_m480.o(.text))
<BR>[Address Reference Count : 1]<UL><LI> startup_m480.o(RESET)
</UL>
<P><STRONG><a name="[16]"></a>EINT2_IRQHandler</STRONG> (Thumb, 0 bytes, Stack size 0 bytes, startup_m480.o(.text))
<BR>[Address Reference Count : 1]<UL><LI> startup_m480.o(RESET)
</UL>
<P><STRONG><a name="[17]"></a>EINT3_IRQHandler</STRONG> (Thumb, 0 bytes, Stack size 0 bytes, startup_m480.o(.text))
<BR>[Address Reference Count : 1]<UL><LI> startup_m480.o(RESET)
</UL>
<P><STRONG><a name="[18]"></a>EINT4_IRQHandler</STRONG> (Thumb, 0 bytes, Stack size 0 bytes, startup_m480.o(.text))
<BR>[Address Reference Count : 1]<UL><LI> startup_m480.o(RESET)
</UL>
<P><STRONG><a name="[19]"></a>EINT5_IRQHandler</STRONG> (Thumb, 0 bytes, Stack size 0 bytes, startup_m480.o(.text))
<BR>[Address Reference Count : 1]<UL><LI> startup_m480.o(RESET)
</UL>
<P><STRONG><a name="[4f]"></a>EINT6_IRQHandler</STRONG> (Thumb, 0 bytes, Stack size 0 bytes, startup_m480.o(.text))
<BR>[Address Reference Count : 1]<UL><LI> startup_m480.o(RESET)
</UL>
<P><STRONG><a name="[5e]"></a>EINT7_IRQHandler</STRONG> (Thumb, 0 bytes, Stack size 0 bytes, startup_m480.o(.text))
<BR>[Address Reference Count : 1]<UL><LI> startup_m480.o(RESET)
</UL>
<P><STRONG><a name="[4a]"></a>EMAC_RX_IRQHandler</STRONG> (Thumb, 0 bytes, Stack size 0 bytes, startup_m480.o(.text))
<BR>[Address Reference Count : 1]<UL><LI> startup_m480.o(RESET)
</UL>
<P><STRONG><a name="[49]"></a>EMAC_TX_IRQHandler</STRONG> (Thumb, 0 bytes, Stack size 0 bytes, startup_m480.o(.text))
<BR>[Address Reference Count : 1]<UL><LI> startup_m480.o(RESET)
</UL>
<P><STRONG><a name="[23]"></a>EPWM0P0_IRQHandler</STRONG> (Thumb, 0 bytes, Stack size 0 bytes, startup_m480.o(.text))
<BR>[Address Reference Count : 1]<UL><LI> startup_m480.o(RESET)
</UL>
<P><STRONG><a name="[24]"></a>EPWM0P1_IRQHandler</STRONG> (Thumb, 0 bytes, Stack size 0 bytes, startup_m480.o(.text))
<BR>[Address Reference Count : 1]<UL><LI> startup_m480.o(RESET)
</UL>
<P><STRONG><a name="[25]"></a>EPWM0P2_IRQHandler</STRONG> (Thumb, 0 bytes, Stack size 0 bytes, startup_m480.o(.text))
<BR>[Address Reference Count : 1]<UL><LI> startup_m480.o(RESET)
</UL>
<P><STRONG><a name="[28]"></a>EPWM1P1_IRQHandler</STRONG> (Thumb, 0 bytes, Stack size 0 bytes, startup_m480.o(.text))
<BR>[Address Reference Count : 1]<UL><LI> startup_m480.o(RESET)
</UL>
<P><STRONG><a name="[29]"></a>EPWM1P2_IRQHandler</STRONG> (Thumb, 0 bytes, Stack size 0 bytes, startup_m480.o(.text))
<BR>[Address Reference Count : 1]<UL><LI> startup_m480.o(RESET)
</UL>
<P><STRONG><a name="[1a]"></a>GPA_IRQHandler</STRONG> (Thumb, 0 bytes, Stack size 0 bytes, startup_m480.o(.text))
<BR>[Address Reference Count : 1]<UL><LI> startup_m480.o(RESET)
</UL>
<P><STRONG><a name="[1b]"></a>GPB_IRQHandler</STRONG> (Thumb, 0 bytes, Stack size 0 bytes, startup_m480.o(.text))
<BR>[Address Reference Count : 1]<UL><LI> startup_m480.o(RESET)
</UL>
<P><STRONG><a name="[1d]"></a>GPD_IRQHandler</STRONG> (Thumb, 0 bytes, Stack size 0 bytes, startup_m480.o(.text))
<BR>[Address Reference Count : 1]<UL><LI> startup_m480.o(RESET)
</UL>
<P><STRONG><a name="[1f]"></a>GPF_IRQHandler</STRONG> (Thumb, 0 bytes, Stack size 0 bytes, startup_m480.o(.text))
<BR>[Address Reference Count : 1]<UL><LI> startup_m480.o(RESET)
</UL>
<P><STRONG><a name="[4e]"></a>GPG_IRQHandler</STRONG> (Thumb, 0 bytes, Stack size 0 bytes, startup_m480.o(.text))
<BR>[Address Reference Count : 1]<UL><LI> startup_m480.o(RESET)
</UL>
<P><STRONG><a name="[5d]"></a>GPH_IRQHandler</STRONG> (Thumb, 0 bytes, Stack size 0 bytes, startup_m480.o(.text))
<BR>[Address Reference Count : 1]<UL><LI> startup_m480.o(RESET)
</UL>
<P><STRONG><a name="[30]"></a>I2C0_IRQHandler</STRONG> (Thumb, 0 bytes, Stack size 0 bytes, startup_m480.o(.text))
<BR>[Address Reference Count : 1]<UL><LI> startup_m480.o(RESET)
</UL>
<P><STRONG><a name="[31]"></a>I2C1_IRQHandler</STRONG> (Thumb, 0 bytes, Stack size 0 bytes, startup_m480.o(.text))
<BR>[Address Reference Count : 1]<UL><LI> startup_m480.o(RESET)
</UL>
<P><STRONG><a name="[58]"></a>I2C2_IRQHandler</STRONG> (Thumb, 0 bytes, Stack size 0 bytes, startup_m480.o(.text))
<BR>[Address Reference Count : 1]<UL><LI> startup_m480.o(RESET)
</UL>
<P><STRONG><a name="[4b]"></a>I2S0_IRQHandler</STRONG> (Thumb, 0 bytes, Stack size 0 bytes, startup_m480.o(.text))
<BR>[Address Reference Count : 1]<UL><LI> startup_m480.o(RESET)
</UL>
<P><STRONG><a name="[b]"></a>IRC_IRQHandler</STRONG> (Thumb, 0 bytes, Stack size 0 bytes, startup_m480.o(.text))
<BR>[Address Reference Count : 1]<UL><LI> startup_m480.o(RESET)
</UL>
<P><STRONG><a name="[3f]"></a>OHCI_IRQHandler</STRONG> (Thumb, 0 bytes, Stack size 0 bytes, startup_m480.o(.text))
<BR>[Address Reference Count : 1]<UL><LI> startup_m480.o(RESET)
</UL>
<P><STRONG><a name="[4c]"></a>OPA0_IRQHandler</STRONG> (Thumb, 0 bytes, Stack size 0 bytes, startup_m480.o(.text))
<BR>[Address Reference Count : 1]<UL><LI> startup_m480.o(RESET)
</UL>
<P><STRONG><a name="[32]"></a>PDMA_IRQHandler</STRONG> (Thumb, 0 bytes, Stack size 0 bytes, startup_m480.o(.text))
<BR>[Address Reference Count : 1]<UL><LI> startup_m480.o(RESET)
</UL>
<P><STRONG><a name="[c]"></a>PWRWU_IRQHandler</STRONG> (Thumb, 0 bytes, Stack size 0 bytes, startup_m480.o(.text))
<BR>[Address Reference Count : 1]<UL><LI> startup_m480.o(RESET)
</UL>
<P><STRONG><a name="[59]"></a>QEI0_IRQHandler</STRONG> (Thumb, 0 bytes, Stack size 0 bytes, startup_m480.o(.text))
<BR>[Address Reference Count : 1]<UL><LI> startup_m480.o(RESET)
</UL>
<P><STRONG><a name="[5a]"></a>QEI1_IRQHandler</STRONG> (Thumb, 0 bytes, Stack size 0 bytes, startup_m480.o(.text))
<BR>[Address Reference Count : 1]<UL><LI> startup_m480.o(RESET)
</UL>
<P><STRONG><a name="[20]"></a>QSPI0_IRQHandler</STRONG> (Thumb, 0 bytes, Stack size 0 bytes, startup_m480.o(.text))
<BR>[Address Reference Count : 1]<UL><LI> startup_m480.o(RESET)
</UL>
<P><STRONG><a name="[3b]"></a>QSPI1_IRQHandler</STRONG> (Thumb, 0 bytes, Stack size 0 bytes, startup_m480.o(.text))
<BR>[Address Reference Count : 1]<UL><LI> startup_m480.o(RESET)
</UL>
<P><STRONG><a name="[d]"></a>RAMPE_IRQHandler</STRONG> (Thumb, 0 bytes, Stack size 0 bytes, startup_m480.o(.text))
<BR>[Address Reference Count : 1]<UL><LI> startup_m480.o(RESET)
</UL>
<P><STRONG><a name="[10]"></a>RTC_IRQHandler</STRONG> (Thumb, 0 bytes, Stack size 0 bytes, startup_m480.o(.text))
<BR>[Address Reference Count : 1]<UL><LI> startup_m480.o(RESET)
</UL>
<P><STRONG><a name="[43]"></a>SC0_IRQHandler</STRONG> (Thumb, 0 bytes, Stack size 0 bytes, startup_m480.o(.text))
<BR>[Address Reference Count : 1]<UL><LI> startup_m480.o(RESET)
</UL>
<P><STRONG><a name="[44]"></a>SC1_IRQHandler</STRONG> (Thumb, 0 bytes, Stack size 0 bytes, startup_m480.o(.text))
<BR>[Address Reference Count : 1]<UL><LI> startup_m480.o(RESET)
</UL>
<P><STRONG><a name="[45]"></a>SC2_IRQHandler</STRONG> (Thumb, 0 bytes, Stack size 0 bytes, startup_m480.o(.text))
<BR>[Address Reference Count : 1]<UL><LI> startup_m480.o(RESET)
</UL>
<P><STRONG><a name="[47]"></a>SDH0_IRQHandler</STRONG> (Thumb, 0 bytes, Stack size 0 bytes, startup_m480.o(.text))
<BR>[Address Reference Count : 1]<UL><LI> startup_m480.o(RESET)
</UL>
<P><STRONG><a name="[5f]"></a>SDH1_IRQHandler</STRONG> (Thumb, 0 bytes, Stack size 0 bytes, startup_m480.o(.text))
<BR>[Address Reference Count : 1]<UL><LI> startup_m480.o(RESET)
</UL>
<P><STRONG><a name="[21]"></a>SPI0_IRQHandler</STRONG> (Thumb, 0 bytes, Stack size 0 bytes, startup_m480.o(.text))
<BR>[Address Reference Count : 1]<UL><LI> startup_m480.o(RESET)
</UL>
<P><STRONG><a name="[3c]"></a>SPI1_IRQHandler</STRONG> (Thumb, 0 bytes, Stack size 0 bytes, startup_m480.o(.text))
<BR>[Address Reference Count : 1]<UL><LI> startup_m480.o(RESET)
</UL>
<P><STRONG><a name="[3d]"></a>SPI2_IRQHandler</STRONG> (Thumb, 0 bytes, Stack size 0 bytes, startup_m480.o(.text))
<BR>[Address Reference Count : 1]<UL><LI> startup_m480.o(RESET)
</UL>
<P><STRONG><a name="[46]"></a>SPI3_IRQHandler</STRONG> (Thumb, 0 bytes, Stack size 0 bytes, startup_m480.o(.text))
<BR>[Address Reference Count : 1]<UL><LI> startup_m480.o(RESET)
</UL>
<P><STRONG><a name="[56]"></a>SPIM_IRQHandler</STRONG> (Thumb, 0 bytes, Stack size 0 bytes, startup_m480.o(.text))
<BR>[Address Reference Count : 1]<UL><LI> startup_m480.o(RESET)
</UL>
<P><STRONG><a name="[11]"></a>TAMPER_IRQHandler</STRONG> (Thumb, 0 bytes, Stack size 0 bytes, startup_m480.o(.text))
<BR>[Address Reference Count : 1]<UL><LI> startup_m480.o(RESET)
</UL>
<P><STRONG><a name="[2a]"></a>TMR0_IRQHandler</STRONG> (Thumb, 0 bytes, Stack size 0 bytes, startup_m480.o(.text))
<BR>[Address Reference Count : 1]<UL><LI> startup_m480.o(RESET)
</UL>
<P><STRONG><a name="[2c]"></a>TMR2_IRQHandler</STRONG> (Thumb, 0 bytes, Stack size 0 bytes, startup_m480.o(.text))
<BR>[Address Reference Count : 1]<UL><LI> startup_m480.o(RESET)
</UL>
<P><STRONG><a name="[62]"></a>TRNG_IRQHandler</STRONG> (Thumb, 0 bytes, Stack size 0 bytes, startup_m480.o(.text))
<BR>[Address Reference Count : 1]<UL><LI> startup_m480.o(RESET)
</UL>
<P><STRONG><a name="[2f]"></a>UART1_IRQHandler</STRONG> (Thumb, 0 bytes, Stack size 0 bytes, startup_m480.o(.text))
<BR>[Address Reference Count : 1]<UL><LI> startup_m480.o(RESET)
</UL>
<P><STRONG><a name="[39]"></a>UART2_IRQHandler</STRONG> (Thumb, 0 bytes, Stack size 0 bytes, startup_m480.o(.text))
<BR>[Address Reference Count : 1]<UL><LI> startup_m480.o(RESET)
</UL>
<P><STRONG><a name="[3a]"></a>UART3_IRQHandler</STRONG> (Thumb, 0 bytes, Stack size 0 bytes, startup_m480.o(.text))
<BR>[Address Reference Count : 1]<UL><LI> startup_m480.o(RESET)
</UL>
<P><STRONG><a name="[50]"></a>UART4_IRQHandler</STRONG> (Thumb, 0 bytes, Stack size 0 bytes, startup_m480.o(.text))
<BR>[Address Reference Count : 1]<UL><LI> startup_m480.o(RESET)
</UL>
<P><STRONG><a name="[51]"></a>UART5_IRQHandler</STRONG> (Thumb, 0 bytes, Stack size 0 bytes, startup_m480.o(.text))
<BR>[Address Reference Count : 1]<UL><LI> startup_m480.o(RESET)
</UL>
<P><STRONG><a name="[63]"></a>UART6_IRQHandler</STRONG> (Thumb, 0 bytes, Stack size 0 bytes, startup_m480.o(.text))
<BR>[Address Reference Count : 1]<UL><LI> startup_m480.o(RESET)
</UL>
<P><STRONG><a name="[64]"></a>UART7_IRQHandler</STRONG> (Thumb, 0 bytes, Stack size 0 bytes, startup_m480.o(.text))
<BR>[Address Reference Count : 1]<UL><LI> startup_m480.o(RESET)
</UL>
<P><STRONG><a name="[3e]"></a>USBD_IRQHandler</STRONG> (Thumb, 0 bytes, Stack size 0 bytes, startup_m480.o(.text))
<BR>[Address Reference Count : 1]<UL><LI> startup_m480.o(RESET)
</UL>
<P><STRONG><a name="[61]"></a>USBOTG20_IRQHandler</STRONG> (Thumb, 0 bytes, Stack size 0 bytes, startup_m480.o(.text))
<BR>[Address Reference Count : 1]<UL><LI> startup_m480.o(RESET)
</UL>
<P><STRONG><a name="[40]"></a>USBOTG_IRQHandler</STRONG> (Thumb, 0 bytes, Stack size 0 bytes, startup_m480.o(.text))
<BR>[Address Reference Count : 1]<UL><LI> startup_m480.o(RESET)
</UL>
<P><STRONG><a name="[52]"></a>USCI0_IRQHandler</STRONG> (Thumb, 0 bytes, Stack size 0 bytes, startup_m480.o(.text))
<BR>[Address Reference Count : 1]<UL><LI> startup_m480.o(RESET)
</UL>
<P><STRONG><a name="[53]"></a>USCI1_IRQHandler</STRONG> (Thumb, 0 bytes, Stack size 0 bytes, startup_m480.o(.text))
<BR>[Address Reference Count : 1]<UL><LI> startup_m480.o(RESET)
</UL>
<P><STRONG><a name="[12]"></a>WDT_IRQHandler</STRONG> (Thumb, 0 bytes, Stack size 0 bytes, startup_m480.o(.text))
<BR>[Address Reference Count : 1]<UL><LI> startup_m480.o(RESET)
</UL>
<P><STRONG><a name="[13]"></a>WWDT_IRQHandler</STRONG> (Thumb, 0 bytes, Stack size 0 bytes, startup_m480.o(.text))
<BR>[Address Reference Count : 1]<UL><LI> startup_m480.o(RESET)
</UL>
<P><STRONG><a name="[b1]"></a>__aeabi_uldivmod</STRONG> (Thumb, 98 bytes, Stack size 40 bytes, uldiv.o(.text), UNUSED)
<BR><BR>[Calls]<UL><LI><a href="#[b2]">&gt;&gt;</a>&nbsp;&nbsp;&nbsp;__aeabi_llsr
<LI><a href="#[b3]">&gt;&gt;</a>&nbsp;&nbsp;&nbsp;__aeabi_llsl
</UL>
<BR>[Called By]<UL><LI><a href="#[21f]">&gt;&gt;</a>&nbsp;&nbsp;&nbsp;_printf_core
<LI><a href="#[221]">&gt;&gt;</a>&nbsp;&nbsp;&nbsp;_fp_digits
</UL>

<P><STRONG><a name="[215]"></a>rand</STRONG> (Thumb, 20 bytes, Stack size 0 bytes, rand.o(.text))
<BR><BR>[Called By]<UL><LI><a href="#[213]">&gt;&gt;</a>&nbsp;&nbsp;&nbsp;TEST_PatternGenerator
<LI><a href="#[217]">&gt;&gt;</a>&nbsp;&nbsp;&nbsp;TEST_PdiMemoryTest
</UL>

<P><STRONG><a name="[214]"></a>srand</STRONG> (Thumb, 6 bytes, Stack size 0 bytes, rand.o(.text))
<BR><BR>[Called By]<UL><LI><a href="#[213]">&gt;&gt;</a>&nbsp;&nbsp;&nbsp;TEST_PatternGenerator
<LI><a href="#[217]">&gt;&gt;</a>&nbsp;&nbsp;&nbsp;TEST_PdiMemoryTest
</UL>

<P><STRONG><a name="[e5]"></a>__aeabi_memcpy</STRONG> (Thumb, 36 bytes, Stack size 0 bytes, memcpya.o(.text))
<BR><BR>[Called By]<UL><LI><a href="#[1ff]">&gt;&gt;</a>&nbsp;&nbsp;&nbsp;spim_write
<LI><a href="#[203]">&gt;&gt;</a>&nbsp;&nbsp;&nbsp;spim_read
<LI><a href="#[11a]">&gt;&gt;</a>&nbsp;&nbsp;&nbsp;SDOS_SdoRes
<LI><a href="#[81]">&gt;&gt;</a>&nbsp;&nbsp;&nbsp;Read0x10F8
<LI><a href="#[162]">&gt;&gt;</a>&nbsp;&nbsp;&nbsp;HW_SPI_Write
<LI><a href="#[e7]">&gt;&gt;</a>&nbsp;&nbsp;&nbsp;BL_Data
<LI><a href="#[72]">&gt;&gt;</a>&nbsp;&nbsp;&nbsp;AX58200_FoeWriteData
<LI><a href="#[71]">&gt;&gt;</a>&nbsp;&nbsp;&nbsp;AX58200_FoeWrite
<LI><a href="#[6f]">&gt;&gt;</a>&nbsp;&nbsp;&nbsp;AX58200_FoeReadData
<LI><a href="#[6e]">&gt;&gt;</a>&nbsp;&nbsp;&nbsp;AX58200_FoeRead
<LI><a href="#[1f9]">&gt;&gt;</a>&nbsp;&nbsp;&nbsp;SdoUploadSegmentInd
<LI><a href="#[1f8]">&gt;&gt;</a>&nbsp;&nbsp;&nbsp;SdoDownloadSegmentInd
<LI><a href="#[1f2]">&gt;&gt;</a>&nbsp;&nbsp;&nbsp;OBJ_Write
<LI><a href="#[1f0]">&gt;&gt;</a>&nbsp;&nbsp;&nbsp;OBJ_Read
<LI><a href="#[1e9]">&gt;&gt;</a>&nbsp;&nbsp;&nbsp;OBJ_GetDesc
<LI><a href="#[117]">&gt;&gt;</a>&nbsp;&nbsp;&nbsp;SDOS_SdoInfoInd
<LI><a href="#[11e]">&gt;&gt;</a>&nbsp;&nbsp;&nbsp;SDOS_SdoInd
<LI><a href="#[114]">&gt;&gt;</a>&nbsp;&nbsp;&nbsp;COE_ContinueInd
<LI><a href="#[1d8]">&gt;&gt;</a>&nbsp;&nbsp;&nbsp;MS_CalcCheckSum
<LI><a href="#[216]">&gt;&gt;</a>&nbsp;&nbsp;&nbsp;TEST_PatternInit
<LI><a href="#[213]">&gt;&gt;</a>&nbsp;&nbsp;&nbsp;TEST_PatternGenerator
</UL>

<P><STRONG><a name="[1e2]"></a>__aeabi_memcpy4</STRONG> (Thumb, 0 bytes, Stack size 0 bytes, memcpya.o(.text))
<BR><BR>[Called By]<UL><LI><a href="#[21a]">&gt;&gt;</a>&nbsp;&nbsp;&nbsp;TIMER_GetModuleClock
<LI><a href="#[117]">&gt;&gt;</a>&nbsp;&nbsp;&nbsp;SDOS_SdoInfoInd
<LI><a href="#[1d3]">&gt;&gt;</a>&nbsp;&nbsp;&nbsp;MS_GetSignedCurr_d
<LI><a href="#[144]">&gt;&gt;</a>&nbsp;&nbsp;&nbsp;MS_GetCurr_d
</UL>

<P><STRONG><a name="[285]"></a>__aeabi_memcpy8</STRONG> (Thumb, 0 bytes, Stack size 0 bytes, memcpya.o(.text), UNUSED)

<P><STRONG><a name="[b5]"></a>__aeabi_memset</STRONG> (Thumb, 14 bytes, Stack size 0 bytes, memseta.o(.text))
<BR><BR>[Called By]<UL><LI><a href="#[b6]">&gt;&gt;</a>&nbsp;&nbsp;&nbsp;_memset$wrapper
<LI><a href="#[b4]">&gt;&gt;</a>&nbsp;&nbsp;&nbsp;__aeabi_memclr
<LI><a href="#[264]">&gt;&gt;</a>&nbsp;&nbsp;&nbsp;console_ClearLine
</UL>

<P><STRONG><a name="[286]"></a>__aeabi_memset4</STRONG> (Thumb, 0 bytes, Stack size 0 bytes, memseta.o(.text), UNUSED)

<P><STRONG><a name="[287]"></a>__aeabi_memset8</STRONG> (Thumb, 0 bytes, Stack size 0 bytes, memseta.o(.text), UNUSED)

<P><STRONG><a name="[b4]"></a>__aeabi_memclr</STRONG> (Thumb, 4 bytes, Stack size 0 bytes, memseta.o(.text))
<BR><BR>[Calls]<UL><LI><a href="#[b5]">&gt;&gt;</a>&nbsp;&nbsp;&nbsp;__aeabi_memset
</UL>
<BR>[Called By]<UL><LI><a href="#[161]">&gt;&gt;</a>&nbsp;&nbsp;&nbsp;HW_SPI_Read
<LI><a href="#[70]">&gt;&gt;</a>&nbsp;&nbsp;&nbsp;AX58200_FoeError
</UL>

<P><STRONG><a name="[e9]"></a>__aeabi_memclr4</STRONG> (Thumb, 0 bytes, Stack size 0 bytes, memseta.o(.text))
<BR><BR>[Called By]<UL><LI><a href="#[18e]">&gt;&gt;</a>&nbsp;&nbsp;&nbsp;MC_Init
<LI><a href="#[166]">&gt;&gt;</a>&nbsp;&nbsp;&nbsp;HW_Init
<LI><a href="#[130]">&gt;&gt;</a>&nbsp;&nbsp;&nbsp;CiA402_Init
<LI><a href="#[128]">&gt;&gt;</a>&nbsp;&nbsp;&nbsp;CONSOLE_Task
<LI><a href="#[120]">&gt;&gt;</a>&nbsp;&nbsp;&nbsp;CONSOLE_Init
<LI><a href="#[18f]">&gt;&gt;</a>&nbsp;&nbsp;&nbsp;STPM_Init
<LI><a href="#[19d]">&gt;&gt;</a>&nbsp;&nbsp;&nbsp;MH_VCP_Init
<LI><a href="#[9e]">&gt;&gt;</a>&nbsp;&nbsp;&nbsp;clicmd_PdiRead
<LI><a href="#[a2]">&gt;&gt;</a>&nbsp;&nbsp;&nbsp;clicmd_PdiMemoryTest
<LI><a href="#[aa]">&gt;&gt;</a>&nbsp;&nbsp;&nbsp;clicmd_McStack
<LI><a href="#[ac]">&gt;&gt;</a>&nbsp;&nbsp;&nbsp;clicmd_CiA402
<LI><a href="#[e8]">&gt;&gt;</a>&nbsp;&nbsp;&nbsp;AX_UART_Init
<LI><a href="#[217]">&gt;&gt;</a>&nbsp;&nbsp;&nbsp;TEST_PdiMemoryTest
</UL>

<P><STRONG><a name="[288]"></a>__aeabi_memclr8</STRONG> (Thumb, 0 bytes, Stack size 0 bytes, memseta.o(.text), UNUSED)

<P><STRONG><a name="[b6]"></a>_memset$wrapper</STRONG> (Thumb, 18 bytes, Stack size 8 bytes, memseta.o(.text), UNUSED)
<BR><BR>[Calls]<UL><LI><a href="#[b5]">&gt;&gt;</a>&nbsp;&nbsp;&nbsp;__aeabi_memset
</UL>

<P><STRONG><a name="[1c6]"></a>strlen</STRONG> (Thumb, 14 bytes, Stack size 0 bytes, strlen.o(.text))
<BR><BR>[Called By]<UL><LI><a href="#[1e9]">&gt;&gt;</a>&nbsp;&nbsp;&nbsp;OBJ_GetDesc
<LI><a href="#[27d]">&gt;&gt;</a>&nbsp;&nbsp;&nbsp;putS
<LI><a href="#[90]">&gt;&gt;</a>&nbsp;&nbsp;&nbsp;clicmd_SPIxRegister
<LI><a href="#[98]">&gt;&gt;</a>&nbsp;&nbsp;&nbsp;clicmd_QEIxRegister
<LI><a href="#[a0]">&gt;&gt;</a>&nbsp;&nbsp;&nbsp;clicmd_PdiWrite
<LI><a href="#[9e]">&gt;&gt;</a>&nbsp;&nbsp;&nbsp;clicmd_PdiRead
<LI><a href="#[a2]">&gt;&gt;</a>&nbsp;&nbsp;&nbsp;clicmd_PdiMemoryTest
<LI><a href="#[94]">&gt;&gt;</a>&nbsp;&nbsp;&nbsp;clicmd_NvicRegister
<LI><a href="#[aa]">&gt;&gt;</a>&nbsp;&nbsp;&nbsp;clicmd_McStack
<LI><a href="#[92]">&gt;&gt;</a>&nbsp;&nbsp;&nbsp;clicmd_GPIOxRegister
<LI><a href="#[88]">&gt;&gt;</a>&nbsp;&nbsp;&nbsp;clicmd_FmcRegister
<LI><a href="#[a4]">&gt;&gt;</a>&nbsp;&nbsp;&nbsp;clicmd_EscRegister
<LI><a href="#[96]">&gt;&gt;</a>&nbsp;&nbsp;&nbsp;clicmd_EadcRegister
<LI><a href="#[9c]">&gt;&gt;</a>&nbsp;&nbsp;&nbsp;clicmd_EPWMxRegister
<LI><a href="#[9a]">&gt;&gt;</a>&nbsp;&nbsp;&nbsp;clicmd_ECAPxRegister
<LI><a href="#[86]">&gt;&gt;</a>&nbsp;&nbsp;&nbsp;clicmd_ClkRegister
<LI><a href="#[ac]">&gt;&gt;</a>&nbsp;&nbsp;&nbsp;clicmd_CiA402
<LI><a href="#[1c5]">&gt;&gt;</a>&nbsp;&nbsp;&nbsp;MH_VCP_PutStr
<LI><a href="#[26a]">&gt;&gt;</a>&nbsp;&nbsp;&nbsp;console_GetCommandHistory
<LI><a href="#[12c]">&gt;&gt;</a>&nbsp;&nbsp;&nbsp;console_ChangePasswd
<LI><a href="#[12a]">&gt;&gt;</a>&nbsp;&nbsp;&nbsp;console_Authenticate
<LI><a href="#[8c]">&gt;&gt;</a>&nbsp;&nbsp;&nbsp;clicmd_UARTxRegister
<LI><a href="#[8e]">&gt;&gt;</a>&nbsp;&nbsp;&nbsp;clicmd_TMRxRegister
<LI><a href="#[84]">&gt;&gt;</a>&nbsp;&nbsp;&nbsp;clicmd_SysRegister
<LI><a href="#[8a]">&gt;&gt;</a>&nbsp;&nbsp;&nbsp;clicmd_SpimRegister
</UL>

<P><STRONG><a name="[229]"></a>strcmp</STRONG> (Thumb, 28 bytes, Stack size 8 bytes, strcmp.o(.text))
<BR><BR>[Stack]<UL><LI>Max Depth = 8<LI>Call Chain = strcmp
</UL>
<BR>[Called By]<UL><LI><a href="#[273]">&gt;&gt;</a>&nbsp;&nbsp;&nbsp;getTable
<LI><a href="#[1cb]">&gt;&gt;</a>&nbsp;&nbsp;&nbsp;esc_doCommand
<LI><a href="#[a2]">&gt;&gt;</a>&nbsp;&nbsp;&nbsp;clicmd_PdiMemoryTest
<LI><a href="#[aa]">&gt;&gt;</a>&nbsp;&nbsp;&nbsp;clicmd_McStack
<LI><a href="#[a4]">&gt;&gt;</a>&nbsp;&nbsp;&nbsp;clicmd_EscRegister
<LI><a href="#[ac]">&gt;&gt;</a>&nbsp;&nbsp;&nbsp;clicmd_CiA402
<LI><a href="#[265]">&gt;&gt;</a>&nbsp;&nbsp;&nbsp;console_CmdExecute
<LI><a href="#[263]">&gt;&gt;</a>&nbsp;&nbsp;&nbsp;console_AddCommandHistory
<LI><a href="#[8a]">&gt;&gt;</a>&nbsp;&nbsp;&nbsp;clicmd_SpimRegister
</UL>

<P><STRONG><a name="[219]"></a>memcmp</STRONG> (Thumb, 26 bytes, Stack size 12 bytes, memcmp.o(.text))
<BR><BR>[Stack]<UL><LI>Max Depth = 12<LI>Call Chain = memcmp
</UL>
<BR>[Called By]<UL><LI><a href="#[12c]">&gt;&gt;</a>&nbsp;&nbsp;&nbsp;console_ChangePasswd
<LI><a href="#[12a]">&gt;&gt;</a>&nbsp;&nbsp;&nbsp;console_Authenticate
<LI><a href="#[217]">&gt;&gt;</a>&nbsp;&nbsp;&nbsp;TEST_PdiMemoryTest
</UL>

<P><STRONG><a name="[121]"></a>strcpy</STRONG> (Thumb, 18 bytes, Stack size 0 bytes, strcpy.o(.text))
<BR><BR>[Called By]<UL><LI><a href="#[120]">&gt;&gt;</a>&nbsp;&nbsp;&nbsp;CONSOLE_Init
<LI><a href="#[122]">&gt;&gt;</a>&nbsp;&nbsp;&nbsp;console_LoadUserAccount
<LI><a href="#[26a]">&gt;&gt;</a>&nbsp;&nbsp;&nbsp;console_GetCommandHistory
<LI><a href="#[12c]">&gt;&gt;</a>&nbsp;&nbsp;&nbsp;console_ChangePasswd
<LI><a href="#[263]">&gt;&gt;</a>&nbsp;&nbsp;&nbsp;console_AddCommandHistory
</UL>

<P><STRONG><a name="[267]"></a>strncmp</STRONG> (Thumb, 30 bytes, Stack size 12 bytes, strncmp.o(.text))
<BR><BR>[Stack]<UL><LI>Max Depth = 12<LI>Call Chain = strncmp
</UL>
<BR>[Called By]<UL><LI><a href="#[12b]">&gt;&gt;</a>&nbsp;&nbsp;&nbsp;console_CommandProcess
</UL>

<P><STRONG><a name="[289]"></a>__aeabi_uidiv</STRONG> (Thumb, 0 bytes, Stack size 12 bytes, uidiv.o(.text), UNUSED)

<P><STRONG><a name="[225]"></a>__aeabi_uidivmod</STRONG> (Thumb, 44 bytes, Stack size 12 bytes, uidiv.o(.text), UNUSED)
<BR><BR>[Called By]<UL><LI><a href="#[21f]">&gt;&gt;</a>&nbsp;&nbsp;&nbsp;_printf_core
</UL>

<P><STRONG><a name="[b3]"></a>__aeabi_llsl</STRONG> (Thumb, 30 bytes, Stack size 0 bytes, llshl.o(.text), UNUSED)
<BR><BR>[Called By]<UL><LI><a href="#[b1]">&gt;&gt;</a>&nbsp;&nbsp;&nbsp;__aeabi_uldivmod
<LI><a href="#[b9]">&gt;&gt;</a>&nbsp;&nbsp;&nbsp;_double_epilogue
<LI><a href="#[b7]">&gt;&gt;</a>&nbsp;&nbsp;&nbsp;__aeabi_dadd
<LI><a href="#[bf]">&gt;&gt;</a>&nbsp;&nbsp;&nbsp;__aeabi_d2ulz
</UL>

<P><STRONG><a name="[28a]"></a>_ll_shift_l</STRONG> (Thumb, 0 bytes, Stack size 0 bytes, llshl.o(.text), UNUSED)

<P><STRONG><a name="[b2]"></a>__aeabi_llsr</STRONG> (Thumb, 32 bytes, Stack size 0 bytes, llushr.o(.text), UNUSED)
<BR><BR>[Called By]<UL><LI><a href="#[b1]">&gt;&gt;</a>&nbsp;&nbsp;&nbsp;__aeabi_uldivmod
<LI><a href="#[b9]">&gt;&gt;</a>&nbsp;&nbsp;&nbsp;_double_epilogue
<LI><a href="#[bf]">&gt;&gt;</a>&nbsp;&nbsp;&nbsp;__aeabi_d2ulz
</UL>

<P><STRONG><a name="[28b]"></a>_ll_ushift_r</STRONG> (Thumb, 0 bytes, Stack size 0 bytes, llushr.o(.text), UNUSED)

<P><STRONG><a name="[28c]"></a>__I$use$fp</STRONG> (Thumb, 0 bytes, Stack size 48 bytes, iusefp.o(.text), UNUSED)

<P><STRONG><a name="[b7]"></a>__aeabi_dadd</STRONG> (Thumb, 322 bytes, Stack size 48 bytes, dadd.o(.text), UNUSED)
<BR><BR>[Calls]<UL><LI><a href="#[b8]">&gt;&gt;</a>&nbsp;&nbsp;&nbsp;__aeabi_lasr
<LI><a href="#[ba]">&gt;&gt;</a>&nbsp;&nbsp;&nbsp;_double_round
<LI><a href="#[b9]">&gt;&gt;</a>&nbsp;&nbsp;&nbsp;_double_epilogue
<LI><a href="#[b3]">&gt;&gt;</a>&nbsp;&nbsp;&nbsp;__aeabi_llsl
</UL>
<BR>[Called By]<UL><LI><a href="#[bc]">&gt;&gt;</a>&nbsp;&nbsp;&nbsp;__aeabi_drsub
<LI><a href="#[bb]">&gt;&gt;</a>&nbsp;&nbsp;&nbsp;__aeabi_dsub
<LI><a href="#[221]">&gt;&gt;</a>&nbsp;&nbsp;&nbsp;_fp_digits
</UL>

<P><STRONG><a name="[bb]"></a>__aeabi_dsub</STRONG> (Thumb, 6 bytes, Stack size 0 bytes, dadd.o(.text), UNUSED)
<BR><BR>[Calls]<UL><LI><a href="#[b7]">&gt;&gt;</a>&nbsp;&nbsp;&nbsp;__aeabi_dadd
</UL>

<P><STRONG><a name="[bc]"></a>__aeabi_drsub</STRONG> (Thumb, 6 bytes, Stack size 0 bytes, dadd.o(.text), UNUSED)
<BR><BR>[Calls]<UL><LI><a href="#[b7]">&gt;&gt;</a>&nbsp;&nbsp;&nbsp;__aeabi_dadd
</UL>

<P><STRONG><a name="[bd]"></a>__aeabi_dmul</STRONG> (Thumb, 228 bytes, Stack size 48 bytes, dmul.o(.text), UNUSED)
<BR><BR>[Calls]<UL><LI><a href="#[b9]">&gt;&gt;</a>&nbsp;&nbsp;&nbsp;_double_epilogue
</UL>
<BR>[Called By]<UL><LI><a href="#[221]">&gt;&gt;</a>&nbsp;&nbsp;&nbsp;_fp_digits
</UL>

<P><STRONG><a name="[be]"></a>__aeabi_ddiv</STRONG> (Thumb, 222 bytes, Stack size 32 bytes, ddiv.o(.text), UNUSED)
<BR><BR>[Calls]<UL><LI><a href="#[ba]">&gt;&gt;</a>&nbsp;&nbsp;&nbsp;_double_round
</UL>
<BR>[Called By]<UL><LI><a href="#[221]">&gt;&gt;</a>&nbsp;&nbsp;&nbsp;_fp_digits
</UL>

<P><STRONG><a name="[bf]"></a>__aeabi_d2ulz</STRONG> (Thumb, 48 bytes, Stack size 0 bytes, dfixul.o(.text), UNUSED)
<BR><BR>[Calls]<UL><LI><a href="#[b2]">&gt;&gt;</a>&nbsp;&nbsp;&nbsp;__aeabi_llsr
<LI><a href="#[b3]">&gt;&gt;</a>&nbsp;&nbsp;&nbsp;__aeabi_llsl
</UL>
<BR>[Called By]<UL><LI><a href="#[221]">&gt;&gt;</a>&nbsp;&nbsp;&nbsp;_fp_digits
</UL>

<P><STRONG><a name="[222]"></a>__aeabi_cdrcmple</STRONG> (Thumb, 48 bytes, Stack size 0 bytes, cdrcmple.o(.text), UNUSED)
<BR><BR>[Called By]<UL><LI><a href="#[221]">&gt;&gt;</a>&nbsp;&nbsp;&nbsp;_fp_digits
</UL>

<P><STRONG><a name="[b0]"></a>__scatterload</STRONG> (Thumb, 28 bytes, Stack size 0 bytes, init.o(.text))
<BR><BR>[Calls]<UL><LI><a href="#[c0]">&gt;&gt;</a>&nbsp;&nbsp;&nbsp;__main_after_scatterload
</UL>
<BR>[Called By]<UL><LI><a href="#[af]">&gt;&gt;</a>&nbsp;&nbsp;&nbsp;_main_scatterload
</UL>

<P><STRONG><a name="[28d]"></a>__scatterload_rt2</STRONG> (Thumb, 0 bytes, Stack size 0 bytes, init.o(.text), UNUSED)

<P><STRONG><a name="[b8]"></a>__aeabi_lasr</STRONG> (Thumb, 36 bytes, Stack size 0 bytes, llsshr.o(.text), UNUSED)
<BR><BR>[Called By]<UL><LI><a href="#[b7]">&gt;&gt;</a>&nbsp;&nbsp;&nbsp;__aeabi_dadd
</UL>

<P><STRONG><a name="[28e]"></a>_ll_sshift_r</STRONG> (Thumb, 0 bytes, Stack size 0 bytes, llsshr.o(.text), UNUSED)

<P><STRONG><a name="[ba]"></a>_double_round</STRONG> (Thumb, 30 bytes, Stack size 8 bytes, depilogue.o(.text), UNUSED)
<BR><BR>[Called By]<UL><LI><a href="#[b9]">&gt;&gt;</a>&nbsp;&nbsp;&nbsp;_double_epilogue
<LI><a href="#[be]">&gt;&gt;</a>&nbsp;&nbsp;&nbsp;__aeabi_ddiv
<LI><a href="#[b7]">&gt;&gt;</a>&nbsp;&nbsp;&nbsp;__aeabi_dadd
</UL>

<P><STRONG><a name="[b9]"></a>_double_epilogue</STRONG> (Thumb, 156 bytes, Stack size 32 bytes, depilogue.o(.text), UNUSED)
<BR><BR>[Calls]<UL><LI><a href="#[ba]">&gt;&gt;</a>&nbsp;&nbsp;&nbsp;_double_round
<LI><a href="#[b2]">&gt;&gt;</a>&nbsp;&nbsp;&nbsp;__aeabi_llsr
<LI><a href="#[b3]">&gt;&gt;</a>&nbsp;&nbsp;&nbsp;__aeabi_llsl
</UL>
<BR>[Called By]<UL><LI><a href="#[bd]">&gt;&gt;</a>&nbsp;&nbsp;&nbsp;__aeabi_dmul
<LI><a href="#[b7]">&gt;&gt;</a>&nbsp;&nbsp;&nbsp;__aeabi_dadd
</UL>

<P><STRONG><a name="[c1]"></a>AL_ControlInd</STRONG> (Thumb, 1252 bytes, Stack size 24 bytes, ecatslv.o(i.AL_ControlInd))
<BR><BR>[Stack]<UL><LI>Max Depth = 328<LI>Call Chain = AL_ControlInd &rArr; StartInputHandler &rArr; PDO_InputMapping &rArr; HW_GetALEventRegister_Isr &rArr; ISR_GetInterruptRegister &rArr; HW_EscReadIsr &rArr; HW_SPI_Read &rArr; HW_SPI_TransmitReceive &rArr; HW_SPI_WaitFlagStateUntilTimeout &rArr; printd &rArr; vsprintf
</UL>
<BR>[Calls]<UL><LI><a href="#[ca]">&gt;&gt;</a>&nbsp;&nbsp;&nbsp;BL_Stop
<LI><a href="#[c9]">&gt;&gt;</a>&nbsp;&nbsp;&nbsp;BL_Start
<LI><a href="#[d4]">&gt;&gt;</a>&nbsp;&nbsp;&nbsp;APPL_StopOutputHandler
<LI><a href="#[c7]">&gt;&gt;</a>&nbsp;&nbsp;&nbsp;APPL_StopMailboxHandler
<LI><a href="#[d0]">&gt;&gt;</a>&nbsp;&nbsp;&nbsp;APPL_StopInputHandler
<LI><a href="#[d3]">&gt;&gt;</a>&nbsp;&nbsp;&nbsp;APPL_StartOutputHandler
<LI><a href="#[c6]">&gt;&gt;</a>&nbsp;&nbsp;&nbsp;APPL_StartMailboxHandler
<LI><a href="#[ce]">&gt;&gt;</a>&nbsp;&nbsp;&nbsp;APPL_StartInputHandler
<LI><a href="#[c3]">&gt;&gt;</a>&nbsp;&nbsp;&nbsp;APPL_GenerateMapping
<LI><a href="#[d6]">&gt;&gt;</a>&nbsp;&nbsp;&nbsp;APPL_AckErrorInd
<LI><a href="#[c8]">&gt;&gt;</a>&nbsp;&nbsp;&nbsp;MBX_StopMailboxHandler
<LI><a href="#[c5]">&gt;&gt;</a>&nbsp;&nbsp;&nbsp;MBX_StartMailboxHandler
<LI><a href="#[cc]">&gt;&gt;</a>&nbsp;&nbsp;&nbsp;UpdateEEPROMLoadedState
<LI><a href="#[d5]">&gt;&gt;</a>&nbsp;&nbsp;&nbsp;StopOutputHandler
<LI><a href="#[d1]">&gt;&gt;</a>&nbsp;&nbsp;&nbsp;StopInputHandler
<LI><a href="#[d2]">&gt;&gt;</a>&nbsp;&nbsp;&nbsp;StartOutputHandler
<LI><a href="#[cd]">&gt;&gt;</a>&nbsp;&nbsp;&nbsp;StartInputHandler
<LI><a href="#[d9]">&gt;&gt;</a>&nbsp;&nbsp;&nbsp;SetALStatus
<LI><a href="#[cf]">&gt;&gt;</a>&nbsp;&nbsp;&nbsp;SetALEventMask
<LI><a href="#[c4]">&gt;&gt;</a>&nbsp;&nbsp;&nbsp;ResetALEventMask
<LI><a href="#[d7]">&gt;&gt;</a>&nbsp;&nbsp;&nbsp;EnableSyncManChannel
<LI><a href="#[d8]">&gt;&gt;</a>&nbsp;&nbsp;&nbsp;DisableSyncManChannel
<LI><a href="#[c2]">&gt;&gt;</a>&nbsp;&nbsp;&nbsp;CheckSmSettings
<LI><a href="#[cb]">&gt;&gt;</a>&nbsp;&nbsp;&nbsp;BackToInitTransition
</UL>
<BR>[Called By]<UL><LI><a href="#[13d]">&gt;&gt;</a>&nbsp;&nbsp;&nbsp;ECAT_Main
<LI><a href="#[12d]">&gt;&gt;</a>&nbsp;&nbsp;&nbsp;CheckIfEcatError
</UL>

<P><STRONG><a name="[da]"></a>AL_ControlRes</STRONG> (Thumb, 456 bytes, Stack size 16 bytes, ecatslv.o(i.AL_ControlRes))
<BR><BR>[Stack]<UL><LI>Max Depth = 264<LI>Call Chain = AL_ControlRes &rArr; MBX_StopMailboxHandler &rArr; DisableSyncManChannel &rArr; HW_EscRead &rArr; HW_SPI_Read &rArr; HW_SPI_TransmitReceive &rArr; HW_SPI_WaitFlagStateUntilTimeout &rArr; printd &rArr; vsprintf
</UL>
<BR>[Calls]<UL><LI><a href="#[d4]">&gt;&gt;</a>&nbsp;&nbsp;&nbsp;APPL_StopOutputHandler
<LI><a href="#[c7]">&gt;&gt;</a>&nbsp;&nbsp;&nbsp;APPL_StopMailboxHandler
<LI><a href="#[d0]">&gt;&gt;</a>&nbsp;&nbsp;&nbsp;APPL_StopInputHandler
<LI><a href="#[d3]">&gt;&gt;</a>&nbsp;&nbsp;&nbsp;APPL_StartOutputHandler
<LI><a href="#[c6]">&gt;&gt;</a>&nbsp;&nbsp;&nbsp;APPL_StartMailboxHandler
<LI><a href="#[ce]">&gt;&gt;</a>&nbsp;&nbsp;&nbsp;APPL_StartInputHandler
<LI><a href="#[c8]">&gt;&gt;</a>&nbsp;&nbsp;&nbsp;MBX_StopMailboxHandler
<LI><a href="#[d5]">&gt;&gt;</a>&nbsp;&nbsp;&nbsp;StopOutputHandler
<LI><a href="#[d1]">&gt;&gt;</a>&nbsp;&nbsp;&nbsp;StopInputHandler
<LI><a href="#[d9]">&gt;&gt;</a>&nbsp;&nbsp;&nbsp;SetALStatus
</UL>
<BR>[Called By]<UL><LI><a href="#[13d]">&gt;&gt;</a>&nbsp;&nbsp;&nbsp;ECAT_Main
</UL>

<P><STRONG><a name="[d6]"></a>APPL_AckErrorInd</STRONG> (Thumb, 2 bytes, Stack size 0 bytes, ax58200_motorcontrol.o(i.APPL_AckErrorInd))
<BR><BR>[Called By]<UL><LI><a href="#[c1]">&gt;&gt;</a>&nbsp;&nbsp;&nbsp;AL_ControlInd
</UL>

<P><STRONG><a name="[db]"></a>APPL_Application</STRONG> (Thumb, 28 bytes, Stack size 8 bytes, ax58200_motorcontrol.o(i.APPL_Application))
<BR><BR>[Stack]<UL><LI>Max Depth = 104<LI>Call Chain = APPL_Application &rArr; CiA402_StateMachine &rArr; CiA402_MotionControl &rArr; printd &rArr; vsprintf
</UL>
<BR>[Calls]<UL><LI><a href="#[dc]">&gt;&gt;</a>&nbsp;&nbsp;&nbsp;CiA402_StateMachine
<LI><a href="#[dd]">&gt;&gt;</a>&nbsp;&nbsp;&nbsp;CiA402_Application
</UL>
<BR>[Called By]<UL><LI><a href="#[136]">&gt;&gt;</a>&nbsp;&nbsp;&nbsp;ECAT_Application
</UL>

<P><STRONG><a name="[c3]"></a>APPL_GenerateMapping</STRONG> (Thumb, 476 bytes, Stack size 32 bytes, ax58200_motorcontrol.o(i.APPL_GenerateMapping))
<BR><BR>[Stack]<UL><LI>Max Depth = 32<LI>Call Chain = APPL_GenerateMapping
</UL>
<BR>[Called By]<UL><LI><a href="#[c1]">&gt;&gt;</a>&nbsp;&nbsp;&nbsp;AL_ControlInd
</UL>

<P><STRONG><a name="[1f5]"></a>APPL_InputMapping</STRONG> (Thumb, 168 bytes, Stack size 16 bytes, ax58200_motorcontrol.o(i.APPL_InputMapping))
<BR><BR>[Stack]<UL><LI>Max Depth = 16<LI>Call Chain = APPL_InputMapping
</UL>
<BR>[Called By]<UL><LI><a href="#[1e8]">&gt;&gt;</a>&nbsp;&nbsp;&nbsp;PDO_InputMapping
</UL>

<P><STRONG><a name="[1f6]"></a>APPL_OutputMapping</STRONG> (Thumb, 168 bytes, Stack size 20 bytes, ax58200_motorcontrol.o(i.APPL_OutputMapping))
<BR><BR>[Stack]<UL><LI>Max Depth = 20<LI>Call Chain = APPL_OutputMapping
</UL>
<BR>[Called By]<UL><LI><a href="#[1e7]">&gt;&gt;</a>&nbsp;&nbsp;&nbsp;PDO_OutputMapping
</UL>

<P><STRONG><a name="[ce]"></a>APPL_StartInputHandler</STRONG> (Thumb, 58 bytes, Stack size 16 bytes, ax58200_motorcontrol.o(i.APPL_StartInputHandler))
<BR><BR>[Stack]<UL><LI>Max Depth = 232<LI>Call Chain = APPL_StartInputHandler &rArr; HW_EscRead &rArr; HW_SPI_Read &rArr; HW_SPI_TransmitReceive &rArr; HW_SPI_WaitFlagStateUntilTimeout &rArr; printd &rArr; vsprintf
</UL>
<BR>[Calls]<UL><LI><a href="#[de]">&gt;&gt;</a>&nbsp;&nbsp;&nbsp;HW_EscRead
</UL>
<BR>[Called By]<UL><LI><a href="#[da]">&gt;&gt;</a>&nbsp;&nbsp;&nbsp;AL_ControlRes
<LI><a href="#[c1]">&gt;&gt;</a>&nbsp;&nbsp;&nbsp;AL_ControlInd
</UL>

<P><STRONG><a name="[c6]"></a>APPL_StartMailboxHandler</STRONG> (Thumb, 4 bytes, Stack size 0 bytes, ax58200_motorcontrol.o(i.APPL_StartMailboxHandler))
<BR><BR>[Called By]<UL><LI><a href="#[da]">&gt;&gt;</a>&nbsp;&nbsp;&nbsp;AL_ControlRes
<LI><a href="#[c1]">&gt;&gt;</a>&nbsp;&nbsp;&nbsp;AL_ControlInd
</UL>

<P><STRONG><a name="[d3]"></a>APPL_StartOutputHandler</STRONG> (Thumb, 48 bytes, Stack size 16 bytes, ax58200_motorcontrol.o(i.APPL_StartOutputHandler))
<BR><BR>[Stack]<UL><LI>Max Depth = 72<LI>Call Chain = APPL_StartOutputHandler &rArr; printd &rArr; vsprintf
</UL>
<BR>[Calls]<UL><LI><a href="#[e1]">&gt;&gt;</a>&nbsp;&nbsp;&nbsp;printd
<LI><a href="#[df]">&gt;&gt;</a>&nbsp;&nbsp;&nbsp;MC_GetFaultStatus
<LI><a href="#[e0]">&gt;&gt;</a>&nbsp;&nbsp;&nbsp;MC_FaultReset
</UL>
<BR>[Called By]<UL><LI><a href="#[da]">&gt;&gt;</a>&nbsp;&nbsp;&nbsp;AL_ControlRes
<LI><a href="#[c1]">&gt;&gt;</a>&nbsp;&nbsp;&nbsp;AL_ControlInd
</UL>

<P><STRONG><a name="[d0]"></a>APPL_StopInputHandler</STRONG> (Thumb, 4 bytes, Stack size 0 bytes, ax58200_motorcontrol.o(i.APPL_StopInputHandler))
<BR><BR>[Called By]<UL><LI><a href="#[da]">&gt;&gt;</a>&nbsp;&nbsp;&nbsp;AL_ControlRes
<LI><a href="#[c1]">&gt;&gt;</a>&nbsp;&nbsp;&nbsp;AL_ControlInd
</UL>

<P><STRONG><a name="[c7]"></a>APPL_StopMailboxHandler</STRONG> (Thumb, 4 bytes, Stack size 0 bytes, ax58200_motorcontrol.o(i.APPL_StopMailboxHandler))
<BR><BR>[Called By]<UL><LI><a href="#[da]">&gt;&gt;</a>&nbsp;&nbsp;&nbsp;AL_ControlRes
<LI><a href="#[c1]">&gt;&gt;</a>&nbsp;&nbsp;&nbsp;AL_ControlInd
</UL>

<P><STRONG><a name="[d4]"></a>APPL_StopOutputHandler</STRONG> (Thumb, 38 bytes, Stack size 8 bytes, ax58200_motorcontrol.o(i.APPL_StopOutputHandler))
<BR><BR>[Stack]<UL><LI>Max Depth = 64<LI>Call Chain = APPL_StopOutputHandler &rArr; printd &rArr; vsprintf
</UL>
<BR>[Calls]<UL><LI><a href="#[e1]">&gt;&gt;</a>&nbsp;&nbsp;&nbsp;printd
<LI><a href="#[e4]">&gt;&gt;</a>&nbsp;&nbsp;&nbsp;CiA402_LocalError
<LI><a href="#[e3]">&gt;&gt;</a>&nbsp;&nbsp;&nbsp;MC_StopMotor
<LI><a href="#[e2]">&gt;&gt;</a>&nbsp;&nbsp;&nbsp;MC_GetState
</UL>
<BR>[Called By]<UL><LI><a href="#[da]">&gt;&gt;</a>&nbsp;&nbsp;&nbsp;AL_ControlRes
<LI><a href="#[c1]">&gt;&gt;</a>&nbsp;&nbsp;&nbsp;AL_ControlInd
</UL>

<P><STRONG><a name="[70]"></a>AX58200_FoeError</STRONG> (Thumb, 30 bytes, Stack size 8 bytes, ax58200_foeappl.o(i.AX58200_FoeError))
<BR><BR>[Stack]<UL><LI>Max Depth = 8<LI>Call Chain = AX58200_FoeError
</UL>
<BR>[Calls]<UL><LI><a href="#[b4]">&gt;&gt;</a>&nbsp;&nbsp;&nbsp;__aeabi_memclr
</UL>
<BR>[Address Reference Count : 1]<UL><LI> ax58200_foeappl.o(i.AX58200_FoeInit)
</UL>
<P><STRONG><a name="[277]"></a>AX58200_FoeInit</STRONG> (Thumb, 32 bytes, Stack size 0 bytes, ax58200_foeappl.o(i.AX58200_FoeInit))
<BR><BR>[Called By]<UL><LI><a href="#[6a]">&gt;&gt;</a>&nbsp;&nbsp;&nbsp;main
</UL>

<P><STRONG><a name="[6e]"></a>AX58200_FoeRead</STRONG> (Thumb, 126 bytes, Stack size 48 bytes, ax58200_foeappl.o(i.AX58200_FoeRead))
<BR><BR>[Stack]<UL><LI>Max Depth = 48<LI>Call Chain = AX58200_FoeRead
</UL>
<BR>[Calls]<UL><LI><a href="#[e5]">&gt;&gt;</a>&nbsp;&nbsp;&nbsp;__aeabi_memcpy
</UL>
<BR>[Address Reference Count : 1]<UL><LI> ax58200_foeappl.o(i.AX58200_FoeInit)
</UL>
<P><STRONG><a name="[6f]"></a>AX58200_FoeReadData</STRONG> (Thumb, 86 bytes, Stack size 24 bytes, ax58200_foeappl.o(i.AX58200_FoeReadData))
<BR><BR>[Stack]<UL><LI>Max Depth = 24<LI>Call Chain = AX58200_FoeReadData
</UL>
<BR>[Calls]<UL><LI><a href="#[e5]">&gt;&gt;</a>&nbsp;&nbsp;&nbsp;__aeabi_memcpy
</UL>
<BR>[Address Reference Count : 1]<UL><LI> ax58200_foeappl.o(i.AX58200_FoeInit)
</UL>
<P><STRONG><a name="[71]"></a>AX58200_FoeWrite</STRONG> (Thumb, 126 bytes, Stack size 16 bytes, ax58200_foeappl.o(i.AX58200_FoeWrite))
<BR><BR>[Stack]<UL><LI>Max Depth = 48<LI>Call Chain = AX58200_FoeWrite &rArr; BL_StartDownload &rArr; __2printf
</UL>
<BR>[Calls]<UL><LI><a href="#[e6]">&gt;&gt;</a>&nbsp;&nbsp;&nbsp;BL_StartDownload
<LI><a href="#[e5]">&gt;&gt;</a>&nbsp;&nbsp;&nbsp;__aeabi_memcpy
</UL>
<BR>[Address Reference Count : 1]<UL><LI> ax58200_foeappl.o(i.AX58200_FoeInit)
</UL>
<P><STRONG><a name="[72]"></a>AX58200_FoeWriteData</STRONG> (Thumb, 110 bytes, Stack size 16 bytes, ax58200_foeappl.o(i.AX58200_FoeWriteData))
<BR><BR>[Stack]<UL><LI>Max Depth = 120<LI>Call Chain = AX58200_FoeWriteData &rArr; BL_Data &rArr; ReadFlashHeader
</UL>
<BR>[Calls]<UL><LI><a href="#[e7]">&gt;&gt;</a>&nbsp;&nbsp;&nbsp;BL_Data
<LI><a href="#[e5]">&gt;&gt;</a>&nbsp;&nbsp;&nbsp;__aeabi_memcpy
</UL>
<BR>[Address Reference Count : 1]<UL><LI> ax58200_foeappl.o(i.AX58200_FoeInit)
</UL>
<P><STRONG><a name="[73]"></a>AX_UART_GetChar</STRONG> (Thumb, 106 bytes, Stack size 0 bytes, ax_uart.o(i.AX_UART_GetChar))
<BR>[Address Reference Count : 1]<UL><LI> console.o(i.CONSOLE_Init)
</UL>
<P><STRONG><a name="[e8]"></a>AX_UART_Init</STRONG> (Thumb, 254 bytes, Stack size 32 bytes, ax_uart.o(i.AX_UART_Init))
<BR><BR>[Stack]<UL><LI>Max Depth = 136<LI>Call Chain = AX_UART_Init &rArr; HW_MultiFuncPins &rArr; printd &rArr; vsprintf
</UL>
<BR>[Calls]<UL><LI><a href="#[ee]">&gt;&gt;</a>&nbsp;&nbsp;&nbsp;UART_Open
<LI><a href="#[ec]">&gt;&gt;</a>&nbsp;&nbsp;&nbsp;UART_Read
<LI><a href="#[ed]">&gt;&gt;</a>&nbsp;&nbsp;&nbsp;UART_EnableInt
<LI><a href="#[ea]">&gt;&gt;</a>&nbsp;&nbsp;&nbsp;HW_UART_ClkSource
<LI><a href="#[eb]">&gt;&gt;</a>&nbsp;&nbsp;&nbsp;HW_MultiFuncPins
<LI><a href="#[e9]">&gt;&gt;</a>&nbsp;&nbsp;&nbsp;__aeabi_memclr4
</UL>
<BR>[Called By]<UL><LI><a href="#[120]">&gt;&gt;</a>&nbsp;&nbsp;&nbsp;CONSOLE_Init
</UL>

<P><STRONG><a name="[74]"></a>AX_UART_PutChar</STRONG> (Thumb, 102 bytes, Stack size 0 bytes, ax_uart.o(i.AX_UART_PutChar))
<BR><BR>[Called By]<UL><LI><a href="#[278]">&gt;&gt;</a>&nbsp;&nbsp;&nbsp;printd_PutString
</UL>
<BR>[Address Reference Count : 1]<UL><LI> console.o(i.CONSOLE_Init)
</UL>
<P><STRONG><a name="[ef]"></a>AddObjectsToObjDictionary</STRONG> (Thumb, 40 bytes, Stack size 16 bytes, coeappl.o(i.AddObjectsToObjDictionary))
<BR><BR>[Stack]<UL><LI>Max Depth = 16<LI>Call Chain = AddObjectsToObjDictionary
</UL>
<BR>[Calls]<UL><LI><a href="#[f0]">&gt;&gt;</a>&nbsp;&nbsp;&nbsp;COE_AddObjectToDic
</UL>
<BR>[Called By]<UL><LI><a href="#[11b]">&gt;&gt;</a>&nbsp;&nbsp;&nbsp;COE_ObjDictionaryInit
</UL>

<P><STRONG><a name="[e7]"></a>BL_Data</STRONG> (Thumb, 1594 bytes, Stack size 72 bytes, bootmode.o(i.BL_Data))
<BR><BR>[Stack]<UL><LI>Max Depth = 104<LI>Call Chain = BL_Data &rArr; ReadFlashHeader
</UL>
<BR>[Calls]<UL><LI><a href="#[f7]">&gt;&gt;</a>&nbsp;&nbsp;&nbsp;FMC_Write
<LI><a href="#[f8]">&gt;&gt;</a>&nbsp;&nbsp;&nbsp;FMC_Read
<LI><a href="#[fa]">&gt;&gt;</a>&nbsp;&nbsp;&nbsp;FMC_Open
<LI><a href="#[f4]">&gt;&gt;</a>&nbsp;&nbsp;&nbsp;FMC_Erase
<LI><a href="#[f2]">&gt;&gt;</a>&nbsp;&nbsp;&nbsp;FMC_Close
<LI><a href="#[f1]">&gt;&gt;</a>&nbsp;&nbsp;&nbsp;SYS_UnlockReg
<LI><a href="#[f3]">&gt;&gt;</a>&nbsp;&nbsp;&nbsp;SYS_LockReg
<LI><a href="#[f5]">&gt;&gt;</a>&nbsp;&nbsp;&nbsp;ReadFlashHeader
<LI><a href="#[f6]">&gt;&gt;</a>&nbsp;&nbsp;&nbsp;FirmwareChecksum32
<LI><a href="#[e5]">&gt;&gt;</a>&nbsp;&nbsp;&nbsp;__aeabi_memcpy
<LI><a href="#[f9]">&gt;&gt;</a>&nbsp;&nbsp;&nbsp;__2printf
</UL>
<BR>[Called By]<UL><LI><a href="#[72]">&gt;&gt;</a>&nbsp;&nbsp;&nbsp;AX58200_FoeWriteData
</UL>

<P><STRONG><a name="[fb]"></a>BL_JumpToLdrom</STRONG> (Thumb, 166 bytes, Stack size 8 bytes, bootmode.o(i.BL_JumpToLdrom))
<BR><BR>[Stack]<UL><LI>Max Depth = 8<LI>Call Chain = BL_JumpToLdrom
</UL>
<BR>[Calls]<UL><LI><a href="#[fc]">&gt;&gt;</a>&nbsp;&nbsp;&nbsp;FMC_SetBootSource
<LI><a href="#[fa]">&gt;&gt;</a>&nbsp;&nbsp;&nbsp;FMC_Open
<LI><a href="#[f2]">&gt;&gt;</a>&nbsp;&nbsp;&nbsp;FMC_Close
<LI><a href="#[f1]">&gt;&gt;</a>&nbsp;&nbsp;&nbsp;SYS_UnlockReg
<LI><a href="#[f3]">&gt;&gt;</a>&nbsp;&nbsp;&nbsp;SYS_LockReg
<LI><a href="#[fd]">&gt;&gt;</a>&nbsp;&nbsp;&nbsp;NVIC_SystemReset
</UL>
<BR>[Called By]<UL><LI><a href="#[6a]">&gt;&gt;</a>&nbsp;&nbsp;&nbsp;main
</UL>

<P><STRONG><a name="[c9]"></a>BL_Start</STRONG> (Thumb, 20 bytes, Stack size 0 bytes, bootmode.o(i.BL_Start))
<BR><BR>[Called By]<UL><LI><a href="#[c1]">&gt;&gt;</a>&nbsp;&nbsp;&nbsp;AL_ControlInd
</UL>

<P><STRONG><a name="[e6]"></a>BL_StartDownload</STRONG> (Thumb, 56 bytes, Stack size 8 bytes, bootmode.o(i.BL_StartDownload))
<BR><BR>[Stack]<UL><LI>Max Depth = 32<LI>Call Chain = BL_StartDownload &rArr; __2printf
</UL>
<BR>[Calls]<UL><LI><a href="#[fa]">&gt;&gt;</a>&nbsp;&nbsp;&nbsp;FMC_Open
<LI><a href="#[f1]">&gt;&gt;</a>&nbsp;&nbsp;&nbsp;SYS_UnlockReg
<LI><a href="#[f3]">&gt;&gt;</a>&nbsp;&nbsp;&nbsp;SYS_LockReg
<LI><a href="#[f9]">&gt;&gt;</a>&nbsp;&nbsp;&nbsp;__2printf
</UL>
<BR>[Called By]<UL><LI><a href="#[71]">&gt;&gt;</a>&nbsp;&nbsp;&nbsp;AX58200_FoeWrite
</UL>

<P><STRONG><a name="[ca]"></a>BL_Stop</STRONG> (Thumb, 8 bytes, Stack size 0 bytes, bootmode.o(i.BL_Stop))
<BR><BR>[Called By]<UL><LI><a href="#[c1]">&gt;&gt;</a>&nbsp;&nbsp;&nbsp;AL_ControlInd
</UL>

<P><STRONG><a name="[fe]"></a>BSP_PDI_EscRead</STRONG> (Thumb, 22 bytes, Stack size 16 bytes, test.o(i.BSP_PDI_EscRead))
<BR><BR>[Stack]<UL><LI>Max Depth = 232<LI>Call Chain = BSP_PDI_EscRead &rArr; HW_EscRead &rArr; HW_SPI_Read &rArr; HW_SPI_TransmitReceive &rArr; HW_SPI_WaitFlagStateUntilTimeout &rArr; printd &rArr; vsprintf
</UL>
<BR>[Calls]<UL><LI><a href="#[de]">&gt;&gt;</a>&nbsp;&nbsp;&nbsp;HW_EscRead
</UL>
<BR>[Called By]<UL><LI><a href="#[217]">&gt;&gt;</a>&nbsp;&nbsp;&nbsp;TEST_PdiMemoryTest
</UL>

<P><STRONG><a name="[ff]"></a>BSP_PDI_EscWrite</STRONG> (Thumb, 22 bytes, Stack size 16 bytes, test.o(i.BSP_PDI_EscWrite))
<BR><BR>[Stack]<UL><LI>Max Depth = 216<LI>Call Chain = BSP_PDI_EscWrite &rArr; HW_EscWrite &rArr; HW_SPI_Write &rArr; HW_SPI_TransmitReceive &rArr; HW_SPI_WaitFlagStateUntilTimeout &rArr; printd &rArr; vsprintf
</UL>
<BR>[Calls]<UL><LI><a href="#[100]">&gt;&gt;</a>&nbsp;&nbsp;&nbsp;HW_EscWrite
</UL>
<BR>[Called By]<UL><LI><a href="#[217]">&gt;&gt;</a>&nbsp;&nbsp;&nbsp;TEST_PdiMemoryTest
</UL>

<P><STRONG><a name="[cb]"></a>BackToInitTransition</STRONG> (Thumb, 8 bytes, Stack size 0 bytes, ecatslv.o(i.BackToInitTransition))
<BR><BR>[Called By]<UL><LI><a href="#[c1]">&gt;&gt;</a>&nbsp;&nbsp;&nbsp;AL_ControlInd
</UL>

<P><STRONG><a name="[79]"></a>CIA402CSP_DeInit</STRONG> (Thumb, 6 bytes, Stack size 0 bytes, cia402csp.o(i.CIA402CSP_DeInit))
<BR>[Address Reference Count : 1]<UL><LI> cia402csp.o(.data)
</UL>
<P><STRONG><a name="[78]"></a>CIA402CSP_Init</STRONG> (Thumb, 16 bytes, Stack size 0 bytes, cia402csp.o(i.CIA402CSP_Init))
<BR>[Address Reference Count : 1]<UL><LI> cia402csp.o(.data)
</UL>
<P><STRONG><a name="[7a]"></a>CIA402CSP_Run</STRONG> (Thumb, 24 bytes, Stack size 16 bytes, cia402csp.o(i.CIA402CSP_Run))
<BR><BR>[Stack]<UL><LI>Max Depth = 16<LI>Call Chain = CIA402CSP_Run
</UL>
<BR>[Calls]<UL><LI><a href="#[101]">&gt;&gt;</a>&nbsp;&nbsp;&nbsp;MC_SetTargetPosition
</UL>
<BR>[Address Reference Count : 1]<UL><LI> cia402csp.o(.data)
</UL>
<P><STRONG><a name="[7c]"></a>CIA402HM_DeInit</STRONG> (Thumb, 6 bytes, Stack size 0 bytes, cia402hm.o(i.CIA402HM_DeInit))
<BR>[Address Reference Count : 1]<UL><LI> cia402hm.o(.data)
</UL>
<P><STRONG><a name="[7b]"></a>CIA402HM_Init</STRONG> (Thumb, 16 bytes, Stack size 0 bytes, cia402hm.o(i.CIA402HM_Init))
<BR>[Address Reference Count : 1]<UL><LI> cia402hm.o(.data)
</UL>
<P><STRONG><a name="[7d]"></a>CIA402HM_Run</STRONG> (Thumb, 538 bytes, Stack size 32 bytes, cia402hm.o(i.CIA402HM_Run))
<BR><BR>[Stack]<UL><LI>Max Depth = 104<LI>Call Chain = CIA402HM_Run &rArr; MC_ClearActualPosition &rArr; MI_CalcEncAngle &rArr; MI_GetEncAngle_AbzMode &rArr; __2printf
</UL>
<BR>[Calls]<UL><LI><a href="#[e1]">&gt;&gt;</a>&nbsp;&nbsp;&nbsp;printd
<LI><a href="#[103]">&gt;&gt;</a>&nbsp;&nbsp;&nbsp;MC_StartHoming
<LI><a href="#[105]">&gt;&gt;</a>&nbsp;&nbsp;&nbsp;MC_ClearActualPosition
<LI><a href="#[106]">&gt;&gt;</a>&nbsp;&nbsp;&nbsp;MC_CheckHomingDone
<LI><a href="#[104]">&gt;&gt;</a>&nbsp;&nbsp;&nbsp;HW_CheckTimeout
<LI><a href="#[e4]">&gt;&gt;</a>&nbsp;&nbsp;&nbsp;CiA402_LocalError
<LI><a href="#[101]">&gt;&gt;</a>&nbsp;&nbsp;&nbsp;MC_SetTargetPosition
<LI><a href="#[102]">&gt;&gt;</a>&nbsp;&nbsp;&nbsp;CIA402_CheckEmulationEnable
</UL>
<BR>[Address Reference Count : 1]<UL><LI> cia402hm.o(.data)
</UL>
<P><STRONG><a name="[7f]"></a>CIA402PP_DeInit</STRONG> (Thumb, 6 bytes, Stack size 0 bytes, cia402pp.o(i.CIA402PP_DeInit))
<BR>[Address Reference Count : 1]<UL><LI> cia402pp.o(.data)
</UL>
<P><STRONG><a name="[7e]"></a>CIA402PP_Init</STRONG> (Thumb, 16 bytes, Stack size 0 bytes, cia402pp.o(i.CIA402PP_Init))
<BR>[Address Reference Count : 1]<UL><LI> cia402pp.o(.data)
</UL>
<P><STRONG><a name="[80]"></a>CIA402PP_Run</STRONG> (Thumb, 26 bytes, Stack size 16 bytes, cia402pp.o(i.CIA402PP_Run))
<BR><BR>[Stack]<UL><LI>Max Depth = 16<LI>Call Chain = CIA402PP_Run
</UL>
<BR>[Calls]<UL><LI><a href="#[101]">&gt;&gt;</a>&nbsp;&nbsp;&nbsp;MC_SetTargetPosition
</UL>
<BR>[Address Reference Count : 1]<UL><LI> cia402pp.o(.data)
</UL>
<P><STRONG><a name="[102]"></a>CIA402_CheckEmulationEnable</STRONG> (Thumb, 6 bytes, Stack size 0 bytes, cia402.o(i.CIA402_CheckEmulationEnable))
<BR><BR>[Called By]<UL><LI><a href="#[7d]">&gt;&gt;</a>&nbsp;&nbsp;&nbsp;CIA402HM_Run
</UL>

<P><STRONG><a name="[22d]"></a>CIA402_EmulationControl</STRONG> (Thumb, 18 bytes, Stack size 0 bytes, cia402.o(i.CIA402_EmulationControl))
<BR><BR>[Called By]<UL><LI><a href="#[ac]">&gt;&gt;</a>&nbsp;&nbsp;&nbsp;clicmd_CiA402
</UL>

<P><STRONG><a name="[123]"></a>CLICMD_GetCmdTable</STRONG> (Thumb, 4 bytes, Stack size 0 bytes, clicmd.o(i.CLICMD_GetCmdTable))
<BR><BR>[Called By]<UL><LI><a href="#[120]">&gt;&gt;</a>&nbsp;&nbsp;&nbsp;CONSOLE_Init
</UL>

<P><STRONG><a name="[124]"></a>CLICMD_GetCmdTableSize</STRONG> (Thumb, 4 bytes, Stack size 0 bytes, clicmd.o(i.CLICMD_GetCmdTableSize))
<BR><BR>[Called By]<UL><LI><a href="#[120]">&gt;&gt;</a>&nbsp;&nbsp;&nbsp;CONSOLE_Init
</UL>

<P><STRONG><a name="[17c]"></a>CLK_DisableModuleClock</STRONG> (Thumb, 36 bytes, Stack size 8 bytes, clk.o(i.CLK_DisableModuleClock))
<BR><BR>[Stack]<UL><LI>Max Depth = 8<LI>Call Chain = CLK_DisableModuleClock
</UL>
<BR>[Called By]<UL><LI><a href="#[ea]">&gt;&gt;</a>&nbsp;&nbsp;&nbsp;HW_UART_ClkSource
<LI><a href="#[16b]">&gt;&gt;</a>&nbsp;&nbsp;&nbsp;HW_TMR_ClkSource
<LI><a href="#[179]">&gt;&gt;</a>&nbsp;&nbsp;&nbsp;HW_SPI_ClkSource
<LI><a href="#[1c0]">&gt;&gt;</a>&nbsp;&nbsp;&nbsp;MH_TmrClkSource
<LI><a href="#[1be]">&gt;&gt;</a>&nbsp;&nbsp;&nbsp;MH_QeiClkSource
<LI><a href="#[1b4]">&gt;&gt;</a>&nbsp;&nbsp;&nbsp;MH_EpwmClkSource
<LI><a href="#[1ad]">&gt;&gt;</a>&nbsp;&nbsp;&nbsp;MH_EadcClkSource
</UL>

<P><STRONG><a name="[108]"></a>CLK_DisablePLL</STRONG> (Thumb, 18 bytes, Stack size 0 bytes, clk.o(i.CLK_DisablePLL))
<BR><BR>[Called By]<UL><LI><a href="#[107]">&gt;&gt;</a>&nbsp;&nbsp;&nbsp;CLK_EnablePLL
</UL>

<P><STRONG><a name="[17a]"></a>CLK_EnableModuleClock</STRONG> (Thumb, 36 bytes, Stack size 8 bytes, clk.o(i.CLK_EnableModuleClock))
<BR><BR>[Stack]<UL><LI>Max Depth = 8<LI>Call Chain = CLK_EnableModuleClock
</UL>
<BR>[Called By]<UL><LI><a href="#[20a]">&gt;&gt;</a>&nbsp;&nbsp;&nbsp;SysInit
<LI><a href="#[ea]">&gt;&gt;</a>&nbsp;&nbsp;&nbsp;HW_UART_ClkSource
<LI><a href="#[16b]">&gt;&gt;</a>&nbsp;&nbsp;&nbsp;HW_TMR_ClkSource
<LI><a href="#[179]">&gt;&gt;</a>&nbsp;&nbsp;&nbsp;HW_SPI_ClkSource
<LI><a href="#[19d]">&gt;&gt;</a>&nbsp;&nbsp;&nbsp;MH_VCP_Init
<LI><a href="#[1c0]">&gt;&gt;</a>&nbsp;&nbsp;&nbsp;MH_TmrClkSource
<LI><a href="#[1be]">&gt;&gt;</a>&nbsp;&nbsp;&nbsp;MH_QeiClkSource
<LI><a href="#[1b4]">&gt;&gt;</a>&nbsp;&nbsp;&nbsp;MH_EpwmClkSource
<LI><a href="#[1ad]">&gt;&gt;</a>&nbsp;&nbsp;&nbsp;MH_EadcClkSource
</UL>

<P><STRONG><a name="[107]"></a>CLK_EnablePLL</STRONG> (Thumb, 374 bytes, Stack size 72 bytes, clk.o(i.CLK_EnablePLL))
<BR><BR>[Stack]<UL><LI>Max Depth = 96<LI>Call Chain = CLK_EnablePLL &rArr; CLK_GetPLLClockFreq
</UL>
<BR>[Calls]<UL><LI><a href="#[109]">&gt;&gt;</a>&nbsp;&nbsp;&nbsp;CLK_WaitClockReady
<LI><a href="#[10a]">&gt;&gt;</a>&nbsp;&nbsp;&nbsp;CLK_GetPLLClockFreq
<LI><a href="#[108]">&gt;&gt;</a>&nbsp;&nbsp;&nbsp;CLK_DisablePLL
</UL>
<BR>[Called By]<UL><LI><a href="#[110]">&gt;&gt;</a>&nbsp;&nbsp;&nbsp;CLK_SetCoreClock
</UL>

<P><STRONG><a name="[20d]"></a>CLK_EnableSysTick</STRONG> (Thumb, 68 bytes, Stack size 0 bytes, clk.o(i.CLK_EnableSysTick))
<BR><BR>[Called By]<UL><LI><a href="#[20a]">&gt;&gt;</a>&nbsp;&nbsp;&nbsp;SysInit
</UL>

<P><STRONG><a name="[20b]"></a>CLK_EnableXtalRC</STRONG> (Thumb, 16 bytes, Stack size 0 bytes, clk.o(i.CLK_EnableXtalRC))
<BR><BR>[Called By]<UL><LI><a href="#[20a]">&gt;&gt;</a>&nbsp;&nbsp;&nbsp;SysInit
</UL>

<P><STRONG><a name="[10b]"></a>CLK_GetCPUFreq</STRONG> (Thumb, 12 bytes, Stack size 8 bytes, clk.o(i.CLK_GetCPUFreq))
<BR><BR>[Stack]<UL><LI>Max Depth = 48<LI>Call Chain = CLK_GetCPUFreq &rArr; SystemCoreClockUpdate &rArr; CLK_GetPLLClockFreq
</UL>
[...]
</UL>

<P><STRONG><a name="[8a]"></a>clicmd_SpimRegister</STRONG> (Thumb, 494 bytes, Stack size 64 bytes, clicmd.o(i.clicmd_SpimRegister))
<BR><BR>[Stack]<UL><LI>Max Depth = 288<LI>Call Chain = clicmd_SpimRegister &rArr; SPIM_IO_Write &rArr; SPIM_WriteInPageDataByIo &rArr; spim_wait_write_done &rArr; spim_is_write_done &rArr; SPIM_ReadStatusRegister &rArr; spim_write
</UL>
<BR>[Calls]<UL><LI><a href="#[204]">&gt;&gt;</a>&nbsp;&nbsp;&nbsp;SPIM_IO_Write
<LI><a href="#[201]">&gt;&gt;</a>&nbsp;&nbsp;&nbsp;SPIM_IO_Read
<LI><a href="#[1fc]">&gt;&gt;</a>&nbsp;&nbsp;&nbsp;SPIM_EraseBlock
<LI><a href="#[22a]">&gt;&gt;</a>&nbsp;&nbsp;&nbsp;clicmd_HexText2Long
<LI><a href="#[235]">&gt;&gt;</a>&nbsp;&nbsp;&nbsp;clicmd_HexText2Char
<LI><a href="#[229]">&gt;&gt;</a>&nbsp;&nbsp;&nbsp;strcmp
<LI><a href="#[1c6]">&gt;&gt;</a>&nbsp;&nbsp;&nbsp;strlen
<LI><a href="#[125]">&gt;&gt;</a>&nbsp;&nbsp;&nbsp;CONSOLE_PutMessage
<LI><a href="#[25b]">&gt;&gt;</a>&nbsp;&nbsp;&nbsp;clicmd_SpimRegisterUsage
<LI><a href="#[25c]">&gt;&gt;</a>&nbsp;&nbsp;&nbsp;clicmd_SpimRegisterDisplay
<LI><a href="#[254]">&gt;&gt;</a>&nbsp;&nbsp;&nbsp;clicmd_ShowMemoryInHex8b
</UL>
<BR>[Address Reference Count : 1]<UL><LI> clicmd.o(.data)
</UL>
<P><STRONG><a name="[25c]"></a>clicmd_SpimRegisterDisplay</STRONG> (Thumb, 302 bytes, Stack size 16 bytes, clicmd.o(i.clicmd_SpimRegisterDisplay))
<BR><BR>[Stack]<UL><LI>Max Depth = 72<LI>Call Chain = clicmd_SpimRegisterDisplay &rArr; CONSOLE_PutMessage &rArr; console_PutString
</UL>
<BR>[Calls]<UL><LI><a href="#[125]">&gt;&gt;</a>&nbsp;&nbsp;&nbsp;CONSOLE_PutMessage
</UL>
<BR>[Called By]<UL><LI><a href="#[8a]">&gt;&gt;</a>&nbsp;&nbsp;&nbsp;clicmd_SpimRegister
</UL>

<P><STRONG><a name="[8b]"></a>clicmd_SpimRegisterHelp</STRONG> (Thumb, 16 bytes, Stack size 8 bytes, clicmd.o(i.clicmd_SpimRegisterHelp))
<BR><BR>[Stack]<UL><LI>Max Depth = 64<LI>Call Chain = clicmd_SpimRegisterHelp &rArr; CONSOLE_PutMessage &rArr; console_PutString
</UL>
<BR>[Calls]<UL><LI><a href="#[125]">&gt;&gt;</a>&nbsp;&nbsp;&nbsp;CONSOLE_PutMessage
</UL>
<BR>[Called By]<UL><LI><a href="#[25b]">&gt;&gt;</a>&nbsp;&nbsp;&nbsp;clicmd_SpimRegisterUsage
</UL>
<BR>[Address Reference Count : 1]<UL><LI> clicmd.o(.data)
</UL>
<P><STRONG><a name="[25b]"></a>clicmd_SpimRegisterUsage</STRONG> (Thumb, 38 bytes, Stack size 8 bytes, clicmd.o(i.clicmd_SpimRegisterUsage))
<BR><BR>[Stack]<UL><LI>Max Depth = 72<LI>Call Chain = clicmd_SpimRegisterUsage &rArr; clicmd_SpimRegisterHelp &rArr; CONSOLE_PutMessage &rArr; console_PutString
</UL>
<BR>[Calls]<UL><LI><a href="#[125]">&gt;&gt;</a>&nbsp;&nbsp;&nbsp;CONSOLE_PutMessage
<LI><a href="#[8b]">&gt;&gt;</a>&nbsp;&nbsp;&nbsp;clicmd_SpimRegisterHelp
</UL>
<BR>[Called By]<UL><LI><a href="#[8a]">&gt;&gt;</a>&nbsp;&nbsp;&nbsp;clicmd_SpimRegister
</UL>

<P><STRONG><a name="[84]"></a>clicmd_SysRegister</STRONG> (Thumb, 120 bytes, Stack size 32 bytes, clicmd.o(i.clicmd_SysRegister))
<BR><BR>[Stack]<UL><LI>Max Depth = 104<LI>Call Chain = clicmd_SysRegister &rArr; clicmd_SysRegisterUsage &rArr; clicmd_SysRegisterHelp &rArr; CONSOLE_PutMessage &rArr; console_PutString
</UL>
<BR>[Calls]<UL><LI><a href="#[22a]">&gt;&gt;</a>&nbsp;&nbsp;&nbsp;clicmd_HexText2Long
<LI><a href="#[1c6]">&gt;&gt;</a>&nbsp;&nbsp;&nbsp;strlen
<LI><a href="#[125]">&gt;&gt;</a>&nbsp;&nbsp;&nbsp;CONSOLE_PutMessage
<LI><a href="#[25d]">&gt;&gt;</a>&nbsp;&nbsp;&nbsp;clicmd_SysRegisterUsage
<LI><a href="#[25e]">&gt;&gt;</a>&nbsp;&nbsp;&nbsp;clicmd_SysRegisterDisplay
</UL>
<BR>[Address Reference Count : 1]<UL><LI> clicmd.o(.data)
</UL>
<P><STRONG><a name="[25e]"></a>clicmd_SysRegisterDisplay</STRONG> (Thumb, 1906 bytes, Stack size 16 bytes, clicmd.o(i.clicmd_SysRegisterDisplay))
<BR><BR>[Stack]<UL><LI>Max Depth = 72<LI>Call Chain = clicmd_SysRegisterDisplay &rArr; CONSOLE_PutMessage &rArr; console_PutString
</UL>
<BR>[Calls]<UL><LI><a href="#[125]">&gt;&gt;</a>&nbsp;&nbsp;&nbsp;CONSOLE_PutMessage
</UL>
<BR>[Called By]<UL><LI><a href="#[84]">&gt;&gt;</a>&nbsp;&nbsp;&nbsp;clicmd_SysRegister
</UL>

<P><STRONG><a name="[85]"></a>clicmd_SysRegisterHelp</STRONG> (Thumb, 16 bytes, Stack size 8 bytes, clicmd.o(i.clicmd_SysRegisterHelp))
<BR><BR>[Stack]<UL><LI>Max Depth = 64<LI>Call Chain = clicmd_SysRegisterHelp &rArr; CONSOLE_PutMessage &rArr; console_PutString
</UL>
<BR>[Calls]<UL><LI><a href="#[125]">&gt;&gt;</a>&nbsp;&nbsp;&nbsp;CONSOLE_PutMessage
</UL>
<BR>[Called By]<UL><LI><a href="#[25d]">&gt;&gt;</a>&nbsp;&nbsp;&nbsp;clicmd_SysRegisterUsage
</UL>
<BR>[Address Reference Count : 1]<UL><LI> clicmd.o(.data)
</UL>
<P><STRONG><a name="[25d]"></a>clicmd_SysRegisterUsage</STRONG> (Thumb, 22 bytes, Stack size 8 bytes, clicmd.o(i.clicmd_SysRegisterUsage))
<BR><BR>[Stack]<UL><LI>Max Depth = 72<LI>Call Chain = clicmd_SysRegisterUsage &rArr; clicmd_SysRegisterHelp &rArr; CONSOLE_PutMessage &rArr; console_PutString
</UL>
<BR>[Calls]<UL><LI><a href="#[125]">&gt;&gt;</a>&nbsp;&nbsp;&nbsp;CONSOLE_PutMessage
<LI><a href="#[85]">&gt;&gt;</a>&nbsp;&nbsp;&nbsp;clicmd_SysRegisterHelp
</UL>
<BR>[Called By]<UL><LI><a href="#[84]">&gt;&gt;</a>&nbsp;&nbsp;&nbsp;clicmd_SysRegister
</UL>

<P><STRONG><a name="[82]"></a>clicmd_SystemReboot</STRONG> (Thumb, 60 bytes, Stack size 0 bytes, clicmd.o(i.clicmd_SystemReboot))
<BR>[Address Reference Count : 1]<UL><LI> clicmd.o(.data)
</UL>
<P><STRONG><a name="[83]"></a>clicmd_SystemRebootHelp</STRONG> (Thumb, 16 bytes, Stack size 8 bytes, clicmd.o(i.clicmd_SystemRebootHelp))
<BR><BR>[Stack]<UL><LI>Max Depth = 64<LI>Call Chain = clicmd_SystemRebootHelp &rArr; CONSOLE_PutMessage &rArr; console_PutString
</UL>
<BR>[Calls]<UL><LI><a href="#[125]">&gt;&gt;</a>&nbsp;&nbsp;&nbsp;CONSOLE_PutMessage
</UL>
<BR>[Address Reference Count : 1]<UL><LI> clicmd.o(.data)
</UL>
<P><STRONG><a name="[8e]"></a>clicmd_TMRxRegister</STRONG> (Thumb, 208 bytes, Stack size 40 bytes, clicmd.o(i.clicmd_TMRxRegister))
<BR><BR>[Stack]<UL><LI>Max Depth = 160<LI>Call Chain = clicmd_TMRxRegister &rArr; clicmd_TMRxRegisterDisplay &rArr; TIMER_GetModuleClock &rArr; CLK_GetPCLK1Freq &rArr; SystemCoreClockUpdate &rArr; CLK_GetPLLClockFreq
</UL>
<BR>[Calls]<UL><LI><a href="#[22a]">&gt;&gt;</a>&nbsp;&nbsp;&nbsp;clicmd_HexText2Long
<LI><a href="#[235]">&gt;&gt;</a>&nbsp;&nbsp;&nbsp;clicmd_HexText2Char
<LI><a href="#[1c6]">&gt;&gt;</a>&nbsp;&nbsp;&nbsp;strlen
<LI><a href="#[125]">&gt;&gt;</a>&nbsp;&nbsp;&nbsp;CONSOLE_PutMessage
<LI><a href="#[25f]">&gt;&gt;</a>&nbsp;&nbsp;&nbsp;clicmd_TMRxRegisterUsage
<LI><a href="#[260]">&gt;&gt;</a>&nbsp;&nbsp;&nbsp;clicmd_TMRxRegisterDisplay
</UL>
<BR>[Address Reference Count : 1]<UL><LI> clicmd.o(.data)
</UL>
<P><STRONG><a name="[260]"></a>clicmd_TMRxRegisterDisplay</STRONG> (Thumb, 160 bytes, Stack size 24 bytes, clicmd.o(i.clicmd_TMRxRegisterDisplay))
<BR><BR>[Stack]<UL><LI>Max Depth = 120<LI>Call Chain = clicmd_TMRxRegisterDisplay &rArr; TIMER_GetModuleClock &rArr; CLK_GetPCLK1Freq &rArr; SystemCoreClockUpdate &rArr; CLK_GetPLLClockFreq
</UL>
<BR>[Calls]<UL><LI><a href="#[21a]">&gt;&gt;</a>&nbsp;&nbsp;&nbsp;TIMER_GetModuleClock
<LI><a href="#[125]">&gt;&gt;</a>&nbsp;&nbsp;&nbsp;CONSOLE_PutMessage
</UL>
<BR>[Called By]<UL><LI><a href="#[8e]">&gt;&gt;</a>&nbsp;&nbsp;&nbsp;clicmd_TMRxRegister
</UL>

<P><STRONG><a name="[8f]"></a>clicmd_TMRxRegisterHelp</STRONG> (Thumb, 16 bytes, Stack size 8 bytes, clicmd.o(i.clicmd_TMRxRegisterHelp))
<BR><BR>[Stack]<UL><LI>Max Depth = 64<LI>Call Chain = clicmd_TMRxRegisterHelp &rArr; CONSOLE_PutMessage &rArr; console_PutString
</UL>
<BR>[Calls]<UL><LI><a href="#[125]">&gt;&gt;</a>&nbsp;&nbsp;&nbsp;CONSOLE_PutMessage
</UL>
<BR>[Called By]<UL><LI><a href="#[25f]">&gt;&gt;</a>&nbsp;&nbsp;&nbsp;clicmd_TMRxRegisterUsage
</UL>
<BR>[Address Reference Count : 1]<UL><LI> clicmd.o(.data)
</UL>
<P><STRONG><a name="[25f]"></a>clicmd_TMRxRegisterUsage</STRONG> (Thumb, 22 bytes, Stack size 8 bytes, clicmd.o(i.clicmd_TMRxRegisterUsage))
<BR><BR>[Stack]<UL><LI>Max Depth = 72<LI>Call Chain = clicmd_TMRxRegisterUsage &rArr; clicmd_TMRxRegisterHelp &rArr; CONSOLE_PutMessage &rArr; console_PutString
</UL>
<BR>[Calls]<UL><LI><a href="#[125]">&gt;&gt;</a>&nbsp;&nbsp;&nbsp;CONSOLE_PutMessage
<LI><a href="#[8f]">&gt;&gt;</a>&nbsp;&nbsp;&nbsp;clicmd_TMRxRegisterHelp
</UL>
<BR>[Called By]<UL><LI><a href="#[8e]">&gt;&gt;</a>&nbsp;&nbsp;&nbsp;clicmd_TMRxRegister
</UL>

<P><STRONG><a name="[8c]"></a>clicmd_UARTxRegister</STRONG> (Thumb, 214 bytes, Stack size 40 bytes, clicmd.o(i.clicmd_UARTxRegister))
<BR><BR>[Stack]<UL><LI>Max Depth = 120<LI>Call Chain = clicmd_UARTxRegister &rArr; clicmd_UARTxRegisterDisplay &rArr; CONSOLE_PutMessage &rArr; console_PutString
</UL>
<BR>[Calls]<UL><LI><a href="#[22a]">&gt;&gt;</a>&nbsp;&nbsp;&nbsp;clicmd_HexText2Long
<LI><a href="#[235]">&gt;&gt;</a>&nbsp;&nbsp;&nbsp;clicmd_HexText2Char
<LI><a href="#[1c6]">&gt;&gt;</a>&nbsp;&nbsp;&nbsp;strlen
<LI><a href="#[125]">&gt;&gt;</a>&nbsp;&nbsp;&nbsp;CONSOLE_PutMessage
<LI><a href="#[261]">&gt;&gt;</a>&nbsp;&nbsp;&nbsp;clicmd_UARTxRegisterUsage
<LI><a href="#[262]">&gt;&gt;</a>&nbsp;&nbsp;&nbsp;clicmd_UARTxRegisterDisplay
</UL>
<BR>[Address Reference Count : 1]<UL><LI> clicmd.o(.data)
</UL>
<P><STRONG><a name="[262]"></a>clicmd_UARTxRegisterDisplay</STRONG> (Thumb, 290 bytes, Stack size 24 bytes, clicmd.o(i.clicmd_UARTxRegisterDisplay))
<BR><BR>[Stack]<UL><LI>Max Depth = 80<LI>Call Chain = clicmd_UARTxRegisterDisplay &rArr; CONSOLE_PutMessage &rArr; console_PutString
</UL>
<BR>[Calls]<UL><LI><a href="#[125]">&gt;&gt;</a>&nbsp;&nbsp;&nbsp;CONSOLE_PutMessage
</UL>
<BR>[Called By]<UL><LI><a href="#[8c]">&gt;&gt;</a>&nbsp;&nbsp;&nbsp;clicmd_UARTxRegister
</UL>

<P><STRONG><a name="[8d]"></a>clicmd_UARTxRegisterHelp</STRONG> (Thumb, 16 bytes, Stack size 8 bytes, clicmd.o(i.clicmd_UARTxRegisterHelp))
<BR><BR>[Stack]<UL><LI>Max Depth = 64<LI>Call Chain = clicmd_UARTxRegisterHelp &rArr; CONSOLE_PutMessage &rArr; console_PutString
</UL>
<BR>[Calls]<UL><LI><a href="#[125]">&gt;&gt;</a>&nbsp;&nbsp;&nbsp;CONSOLE_PutMessage
</UL>
<BR>[Called By]<UL><LI><a href="#[261]">&gt;&gt;</a>&nbsp;&nbsp;&nbsp;clicmd_UARTxRegisterUsage
</UL>
<BR>[Address Reference Count : 1]<UL><LI> clicmd.o(.data)
</UL>
<P><STRONG><a name="[261]"></a>clicmd_UARTxRegisterUsage</STRONG> (Thumb, 22 bytes, Stack size 8 bytes, clicmd.o(i.clicmd_UARTxRegisterUsage))
<BR><BR>[Stack]<UL><LI>Max Depth = 72<LI>Call Chain = clicmd_UARTxRegisterUsage &rArr; clicmd_UARTxRegisterHelp &rArr; CONSOLE_PutMessage &rArr; console_PutString
</UL>
<BR>[Calls]<UL><LI><a href="#[125]">&gt;&gt;</a>&nbsp;&nbsp;&nbsp;CONSOLE_PutMessage
<LI><a href="#[8d]">&gt;&gt;</a>&nbsp;&nbsp;&nbsp;clicmd_UARTxRegisterHelp
</UL>
<BR>[Called By]<UL><LI><a href="#[8c]">&gt;&gt;</a>&nbsp;&nbsp;&nbsp;clicmd_UARTxRegister
</UL>

<P><STRONG><a name="[263]"></a>console_AddCommandHistory</STRONG> (Thumb, 140 bytes, Stack size 24 bytes, console.o(i.console_AddCommandHistory))
<BR><BR>[Stack]<UL><LI>Max Depth = 32<LI>Call Chain = console_AddCommandHistory &rArr; strcmp
</UL>
<BR>[Calls]<UL><LI><a href="#[121]">&gt;&gt;</a>&nbsp;&nbsp;&nbsp;strcpy
<LI><a href="#[229]">&gt;&gt;</a>&nbsp;&nbsp;&nbsp;strcmp
</UL>
<BR>[Called By]<UL><LI><a href="#[129]">&gt;&gt;</a>&nbsp;&nbsp;&nbsp;console_CollectCommand
</UL>

<P><STRONG><a name="[12a]"></a>console_Authenticate</STRONG> (Thumb, 120 bytes, Stack size 24 bytes, console.o(i.console_Authenticate))
<BR><BR>[Stack]<UL><LI>Max Depth = 36<LI>Call Chain = console_Authenticate &rArr; memcmp
</UL>
<BR>[Calls]<UL><LI><a href="#[219]">&gt;&gt;</a>&nbsp;&nbsp;&nbsp;memcmp
<LI><a href="#[1c6]">&gt;&gt;</a>&nbsp;&nbsp;&nbsp;strlen
</UL>
<BR>[Called By]<UL><LI><a href="#[128]">&gt;&gt;</a>&nbsp;&nbsp;&nbsp;CONSOLE_Task
</UL>

<P><STRONG><a name="[12c]"></a>console_ChangePasswd</STRONG> (Thumb, 172 bytes, Stack size 24 bytes, console.o(i.console_ChangePasswd))
<BR><BR>[Stack]<UL><LI>Max Depth = 36<LI>Call Chain = console_ChangePasswd &rArr; memcmp
</UL>
<BR>[Calls]<UL><LI><a href="#[121]">&gt;&gt;</a>&nbsp;&nbsp;&nbsp;strcpy
<LI><a href="#[219]">&gt;&gt;</a>&nbsp;&nbsp;&nbsp;memcmp
<LI><a href="#[1c6]">&gt;&gt;</a>&nbsp;&nbsp;&nbsp;strlen
</UL>
<BR>[Called By]<UL><LI><a href="#[128]">&gt;&gt;</a>&nbsp;&nbsp;&nbsp;CONSOLE_Task
</UL>

<P><STRONG><a name="[264]"></a>console_ClearLine</STRONG> (Thumb, 40 bytes, Stack size 8 bytes, console.o(i.console_ClearLine))
<BR><BR>[Stack]<UL><LI>Max Depth = 32<LI>Call Chain = console_ClearLine &rArr; console_PutString
</UL>
<BR>[Calls]<UL><LI><a href="#[b5]">&gt;&gt;</a>&nbsp;&nbsp;&nbsp;__aeabi_memset
<LI><a href="#[127]">&gt;&gt;</a>&nbsp;&nbsp;&nbsp;console_PutString
</UL>
<BR>[Called By]<UL><LI><a href="#[129]">&gt;&gt;</a>&nbsp;&nbsp;&nbsp;console_CollectCommand
</UL>

<P><STRONG><a name="[265]"></a>console_CmdExecute</STRONG> (Thumb, 138 bytes, Stack size 32 bytes, console.o(i.console_CmdExecute))
<BR><BR>[Stack]<UL><LI>Max Depth = 88<LI>Call Chain = console_CmdExecute &rArr; CONSOLE_PutMessage &rArr; console_PutString
</UL>
<BR>[Calls]<UL><LI><a href="#[229]">&gt;&gt;</a>&nbsp;&nbsp;&nbsp;strcmp
<LI><a href="#[125]">&gt;&gt;</a>&nbsp;&nbsp;&nbsp;CONSOLE_PutMessage
</UL>
<BR>[Called By]<UL><LI><a href="#[12b]">&gt;&gt;</a>&nbsp;&nbsp;&nbsp;console_CommandProcess
</UL>

<P><STRONG><a name="[129]"></a>console_CollectCommand</STRONG> (Thumb, 300 bytes, Stack size 32 bytes, console.o(i.console_CollectCommand))
<BR><BR>[Stack]<UL><LI>Max Depth = 80<LI>Call Chain = console_CollectCommand &rArr; console_EscapeSequenceProcess &rArr; console_PutString
</UL>
<BR>[Calls]<UL><LI><a href="#[127]">&gt;&gt;</a>&nbsp;&nbsp;&nbsp;console_PutString
<LI><a href="#[266]">&gt;&gt;</a>&nbsp;&nbsp;&nbsp;console_EscapeSequenceProcess
<LI><a href="#[264]">&gt;&gt;</a>&nbsp;&nbsp;&nbsp;console_ClearLine
<LI><a href="#[263]">&gt;&gt;</a>&nbsp;&nbsp;&nbsp;console_AddCommandHistory
</UL>
<BR>[Called By]<UL><LI><a href="#[128]">&gt;&gt;</a>&nbsp;&nbsp;&nbsp;CONSOLE_Task
</UL>

<P><STRONG><a name="[12b]"></a>console_CommandProcess</STRONG> (Thumb, 66 bytes, Stack size 144 bytes, console.o(i.console_CommandProcess))
<BR><BR>[Stack]<UL><LI>Max Depth = 232<LI>Call Chain = console_CommandProcess &rArr; console_CmdExecute &rArr; CONSOLE_PutMessage &rArr; console_PutString
</UL>
<BR>[Calls]<UL><LI><a href="#[267]">&gt;&gt;</a>&nbsp;&nbsp;&nbsp;strncmp
<LI><a href="#[269]">&gt;&gt;</a>&nbsp;&nbsp;&nbsp;console_ParseLine
<LI><a href="#[268]">&gt;&gt;</a>&nbsp;&nbsp;&nbsp;console_HelpMessage
<LI><a href="#[265]">&gt;&gt;</a>&nbsp;&nbsp;&nbsp;console_CmdExecute
</UL>
<BR>[Called By]<UL><LI><a href="#[128]">&gt;&gt;</a>&nbsp;&nbsp;&nbsp;CONSOLE_Task
</UL>

<P><STRONG><a name="[266]"></a>console_EscapeSequenceProcess</STRONG> (Thumb, 314 bytes, Stack size 24 bytes, console.o(i.console_EscapeSequenceProcess))
<BR><BR>[Stack]<UL><LI>Max Depth = 48<LI>Call Chain = console_EscapeSequenceProcess &rArr; console_PutString
</UL>
<BR>[Calls]<UL><LI><a href="#[127]">&gt;&gt;</a>&nbsp;&nbsp;&nbsp;console_PutString
<LI><a href="#[26a]">&gt;&gt;</a>&nbsp;&nbsp;&nbsp;console_GetCommandHistory
</UL>
<BR>[Called By]<UL><LI><a href="#[129]">&gt;&gt;</a>&nbsp;&nbsp;&nbsp;console_CollectCommand
</UL>

<P><STRONG><a name="[26a]"></a>console_GetCommandHistory</STRONG> (Thumb, 120 bytes, Stack size 24 bytes, console.o(i.console_GetCommandHistory))
<BR><BR>[Stack]<UL><LI>Max Depth = 24<LI>Call Chain = console_GetCommandHistory
</UL>
<BR>[Calls]<UL><LI><a href="#[121]">&gt;&gt;</a>&nbsp;&nbsp;&nbsp;strcpy
<LI><a href="#[1c6]">&gt;&gt;</a>&nbsp;&nbsp;&nbsp;strlen
</UL>
<BR>[Called By]<UL><LI><a href="#[266]">&gt;&gt;</a>&nbsp;&nbsp;&nbsp;console_EscapeSequenceProcess
</UL>

<P><STRONG><a name="[268]"></a>console_HelpMessage</STRONG> (Thumb, 72 bytes, Stack size 24 bytes, console.o(i.console_HelpMessage))
<BR><BR>[Stack]<UL><LI>Max Depth = 80<LI>Call Chain = console_HelpMessage &rArr; CONSOLE_PutMessage &rArr; console_PutString
</UL>
<BR>[Calls]<UL><LI><a href="#[125]">&gt;&gt;</a>&nbsp;&nbsp;&nbsp;CONSOLE_PutMessage
</UL>
<BR>[Called By]<UL><LI><a href="#[12b]">&gt;&gt;</a>&nbsp;&nbsp;&nbsp;console_CommandProcess
</UL>

<P><STRONG><a name="[122]"></a>console_LoadUserAccount</STRONG> (Thumb, 30 bytes, Stack size 8 bytes, console.o(i.console_LoadUserAccount))
<BR><BR>[Stack]<UL><LI>Max Depth = 8<LI>Call Chain = console_LoadUserAccount
</UL>
<BR>[Calls]<UL><LI><a href="#[121]">&gt;&gt;</a>&nbsp;&nbsp;&nbsp;strcpy
</UL>
<BR>[Called By]<UL><LI><a href="#[120]">&gt;&gt;</a>&nbsp;&nbsp;&nbsp;CONSOLE_Init
</UL>

<P><STRONG><a name="[269]"></a>console_ParseLine</STRONG> (Thumb, 94 bytes, Stack size 12 bytes, console.o(i.console_ParseLine))
<BR><BR>[Stack]<UL><LI>Max Depth = 12<LI>Call Chain = console_ParseLine
</UL>
<BR>[Called By]<UL><LI><a href="#[12b]">&gt;&gt;</a>&nbsp;&nbsp;&nbsp;console_CommandProcess
</UL>

<P><STRONG><a name="[127]"></a>console_PutString</STRONG> (Thumb, 46 bytes, Stack size 24 bytes, console.o(i.console_PutString))
<BR><BR>[Stack]<UL><LI>Max Depth = 24<LI>Call Chain = console_PutString
</UL>
<BR>[Called By]<UL><LI><a href="#[266]">&gt;&gt;</a>&nbsp;&nbsp;&nbsp;console_EscapeSequenceProcess
<LI><a href="#[129]">&gt;&gt;</a>&nbsp;&nbsp;&nbsp;console_CollectCommand
<LI><a href="#[264]">&gt;&gt;</a>&nbsp;&nbsp;&nbsp;console_ClearLine
<LI><a href="#[125]">&gt;&gt;</a>&nbsp;&nbsp;&nbsp;CONSOLE_PutMessage
</UL>

<P><STRONG><a name="[278]"></a>printd_PutString</STRONG> (Thumb, 40 bytes, Stack size 16 bytes, printd.o(i.printd_PutString))
<BR><BR>[Stack]<UL><LI>Max Depth = 16<LI>Call Chain = printd_PutString
</UL>
<BR>[Calls]<UL><LI><a href="#[74]">&gt;&gt;</a>&nbsp;&nbsp;&nbsp;AX_UART_PutChar
</UL>
<BR>[Called By]<UL><LI><a href="#[e1]">&gt;&gt;</a>&nbsp;&nbsp;&nbsp;printd
</UL>

<P><STRONG><a name="[221]"></a>_fp_digits</STRONG> (Thumb, 366 bytes, Stack size 64 bytes, printfa.o(i._fp_digits), UNUSED)
<BR><BR>[Calls]<UL><LI><a href="#[b1]">&gt;&gt;</a>&nbsp;&nbsp;&nbsp;__aeabi_uldivmod
<LI><a href="#[bd]">&gt;&gt;</a>&nbsp;&nbsp;&nbsp;__aeabi_dmul
<LI><a href="#[be]">&gt;&gt;</a>&nbsp;&nbsp;&nbsp;__aeabi_ddiv
<LI><a href="#[b7]">&gt;&gt;</a>&nbsp;&nbsp;&nbsp;__aeabi_dadd
<LI><a href="#[bf]">&gt;&gt;</a>&nbsp;&nbsp;&nbsp;__aeabi_d2ulz
<LI><a href="#[222]">&gt;&gt;</a>&nbsp;&nbsp;&nbsp;__aeabi_cdrcmple
</UL>
<BR>[Called By]<UL><LI><a href="#[21f]">&gt;&gt;</a>&nbsp;&nbsp;&nbsp;_printf_core
</UL>

<P><STRONG><a name="[21f]"></a>_printf_core</STRONG> (Thumb, 1744 bytes, Stack size 136 bytes, printfa.o(i._printf_core), UNUSED)
<BR><BR>[Calls]<UL><LI><a href="#[b1]">&gt;&gt;</a>&nbsp;&nbsp;&nbsp;__aeabi_uldivmod
<LI><a href="#[225]">&gt;&gt;</a>&nbsp;&nbsp;&nbsp;__aeabi_uidivmod
<LI><a href="#[223]">&gt;&gt;</a>&nbsp;&nbsp;&nbsp;_printf_pre_padding
<LI><a href="#[224]">&gt;&gt;</a>&nbsp;&nbsp;&nbsp;_printf_post_padding
<LI><a href="#[221]">&gt;&gt;</a>&nbsp;&nbsp;&nbsp;_fp_digits
</UL>
<BR>[Called By]<UL><LI><a href="#[220]">&gt;&gt;</a>&nbsp;&nbsp;&nbsp;__0vsprintf
<LI><a href="#[21e]">&gt;&gt;</a>&nbsp;&nbsp;&nbsp;__0printf
</UL>

<P><STRONG><a name="[224]"></a>_printf_post_padding</STRONG> (Thumb, 36 bytes, Stack size 24 bytes, printfa.o(i._printf_post_padding), UNUSED)
<BR><BR>[Called By]<UL><LI><a href="#[21f]">&gt;&gt;</a>&nbsp;&nbsp;&nbsp;_printf_core
</UL>

<P><STRONG><a name="[223]"></a>_printf_pre_padding</STRONG> (Thumb, 46 bytes, Stack size 24 bytes, printfa.o(i._printf_pre_padding), UNUSED)
<BR><BR>[Called By]<UL><LI><a href="#[21f]">&gt;&gt;</a>&nbsp;&nbsp;&nbsp;_printf_core
</UL>

<P><STRONG><a name="[77]"></a>_sputc</STRONG> (Thumb, 10 bytes, Stack size 0 bytes, printfa.o(i._sputc))
<BR><BR>[Called By]<UL><LI><a href="#[220]">&gt;&gt;</a>&nbsp;&nbsp;&nbsp;__0vsprintf
</UL>
<BR>[Address Reference Count : 1]<UL><LI> printfa.o(i.__0vsprintf)
</UL><P>
<H3>
Undefined Global Symbols
</H3><HR></body></html>
