<html>
<body>
<pre>
<h1>µVision Build Log</h1>
<h2>Tool Versions:</h2>
IDE-Version: £gVision V5.25.2.0
Copyright (C) 2018 ARM Ltd and ARM Germany GmbH. All rights reserved.
License Information: Hugo Peng, SANWA, LIC=EXJFW-QSFHB-KBSER-KNDXY-4QU6L-BF0CG
 
Tool Versions:
Toolchain:       MDK-ARM Plus  Version: 5.25.2.0
Toolchain Path:  C:\Keil_v5\ARM\ARMCC\Bin
C Compiler:      Armcc.exe V5.06 update 6 (build 750)
Assembler:       Armasm.exe V5.06 update 6 (build 750)
Linker/Locator:  ArmLink.exe V5.06 update 6 (build 750)
Library Manager: ArmAr.exe V5.06 update 6 (build 750)
Hex Converter:   FromElf.exe V5.06 update 6 (build 750)
CPU DLL:         SARMCM3.DLL V5.25.2.0
Dialog DLL:      DCM.DLL V1.17.1.0
Target DLL:      Nu_Link.dll V3.08
Dialog DLL:      TCM.DLL V1.35.1.0
 
<h2>Project:</h2>
D:\Firmware\AXIS\AXIS\Ethercat_MotorControl_Reference_Design\Keil\MotorControl.uvprojx
Project File Date:  05/31/2022

<h2>Output:</h2>
*** Using Compiler 'V5.06 update 6 (build 750)', folder: 'C:\Keil_v5\ARM\ARMCC\Bin'
Build target 'Project'
creating preprocessor file for system_M480.c...
creating preprocessor file for main.c...
creating preprocessor file for acmp.c...
creating preprocessor file for asix_retarget.c...
creating preprocessor file for bpwm.c...
creating preprocessor file for can.c...
creating preprocessor file for ccap.c...
creating preprocessor file for clk.c...
creating preprocessor file for crc.c...
creating preprocessor file for crypto.c...
creating preprocessor file for dac.c...
creating preprocessor file for eadc.c...
creating preprocessor file for ebi.c...
creating preprocessor file for ecap.c...
creating preprocessor file for epwm.c...
creating preprocessor file for fmc.c...
creating preprocessor file for gpio.c...
creating preprocessor file for hsusbd.c...
creating preprocessor file for i2c.c...
creating preprocessor file for i2s.c...
creating preprocessor file for pdma.c...
creating preprocessor file for qei.c...
creating preprocessor file for qspi.c...
creating preprocessor file for rtc.c...
creating preprocessor file for sc.c...
creating preprocessor file for scuart.c...
creating preprocessor file for sdh.c...
creating preprocessor file for spi.c...
creating preprocessor file for spim.c...
creating preprocessor file for sys.c...
creating preprocessor file for timer.c...
creating preprocessor file for timer_pwm.c...
creating preprocessor file for trng.c...
creating preprocessor file for uart.c...
creating preprocessor file for usbd.c...
creating preprocessor file for usci_i2c.c...
creating preprocessor file for usci_spi.c...
creating preprocessor file for usci_uart.c...
creating preprocessor file for wdt.c...
creating preprocessor file for wwdt.c...
creating preprocessor file for cia402.c...
creating preprocessor file for cia402csp.c...
creating preprocessor file for cia402hm.c...
creating preprocessor file for cia402pp.c...
creating preprocessor file for AX58200_FoeAppl.c...
creating preprocessor file for AX58200_MotorControl.c...
creating preprocessor file for AX58200_Hw.c...
creating preprocessor file for bootmode.c...
creating preprocessor file for coeappl.c...
creating preprocessor file for ecatappl.c...
creating preprocessor file for ecatcoe.c...
creating preprocessor file for ecatfoe.c...
creating preprocessor file for ecatslv.c...
creating preprocessor file for foeappl.c...
creating preprocessor file for mailbox.c...
creating preprocessor file for objdef.c...
creating preprocessor file for sdoserv.c...
creating preprocessor file for mc.c...
creating preprocessor file for mc_it.c...
creating preprocessor file for mc_math.c...
creating preprocessor file for bus_vol_sensor.c...
creating preprocessor file for curr_fdbk.c...
creating preprocessor file for das.c...
creating preprocessor file for flash.c...
creating preprocessor file for incremental_fdbk.c...
creating preprocessor file for loop_control.c...
creating preprocessor file for pid.c...
creating preprocessor file for servo_commu.c...
creating preprocessor file for stepper_mode.c...
creating preprocessor file for svpwm.c...
creating preprocessor file for sw_protection.c...
creating preprocessor file for temp_sensor.c...
creating preprocessor file for trajectory_ctrl.c...
creating preprocessor file for McHal_eadc.c...
creating preprocessor file for McHal_epwm.c...
creating preprocessor file for McHal_gpio.c...
creating preprocessor file for McHal_husb.c...
creating preprocessor file for McHal_qei.c...
creating preprocessor file for McHal_tim.c...
creating preprocessor file for McHal_misc.c...
creating preprocessor file for McHal_vcp_desc.c...
creating preprocessor file for ax_uart.c...
creating preprocessor file for clicmd.c...
creating preprocessor file for console.c...
creating preprocessor file for printd.c...
creating preprocessor file for test.c...
linking...
Program Size: Code=115192 RO-data=6480 RW-data=6672 ZI-data=86656  
After Build - User command #1: fromelf --bin ".\Objects\AX58200_MotorControl.axf" --output ".\Objects\AX58200_MotorControl.bin"
After Build - User command #2: .\genImages.bat
Generated file ..\For_TwinCAT\Upgrade\AX58200_MotorControl.efw, length 128376
Generated file ..\For_TwinCAT\Upgrade\AX58200_BL60M24D8E00430080_MTMBL60.efw, length 1570
".\Objects\AX58200_MotorControl.axf" - 0 Error(s), 0 Warning(s).

<h2>Software Packages used:</h2>

Package Vendor: ARM
                http://www.keil.com/pack/ARM.CMSIS.5.6.0.pack
                ARM.CMSIS.5.6.0
                CMSIS (Cortex Microcontroller Software Interface Standard)
   * Component: CORE Version: 5.3.0

Package Vendor: Nuvoton
                https://github.com/OpenNuvoton/cmsis-packs/raw/master/Nuvoton.NuMicro_DFP.1.3.13.pack
                Nuvoton.NuMicro_DFP.1.3.13
                Nuvoton ARM Cortex-M NuMicro Family Device Support

<h2>Collection of Component include folders:</h2>
  .\RTE\_Project
  C:\Keil_v5\ARM\PACK\ARM\CMSIS\5.6.0\CMSIS\Core\Include
  C:\Keil_v5\ARM\PACK\Nuvoton\NuMicro_DFP\1.3.13\Device\M480\Include

<h2>Collection of Component Files used:</h2>

   * Component: ARM::CMSIS:CORE:5.3.0
Build Time Elapsed:  00:00:43
</pre>
</body>
</html>
