<html>
<body>
<pre>
<h1>µVision Build Log</h1>
<h2>Tool Versions:</h2>
IDE-Version: £gVision V5.25.2.0
Copyright (C) 2018 ARM Ltd and ARM Germany GmbH. All rights reserved.
License Information: Hugo Peng, SANWA, LIC=EXJFW-QSFHB-KBSER-KNDXY-4QU6L-BF0CG
 
Tool Versions:
Toolchain:       MDK-ARM Plus  Version: 5.25.2.0
Toolchain Path:  C:\Keil_v5\ARM\ARMCC\Bin
C Compiler:      Armcc.exe V5.06 update 6 (build 750)
Assembler:       Armasm.exe V5.06 update 6 (build 750)
Linker/Locator:  ArmLink.exe V5.06 update 6 (build 750)
Library Manager: ArmAr.exe V5.06 update 6 (build 750)
Hex Converter:   FromElf.exe V5.06 update 6 (build 750)
CPU DLL:         SARMCM3.DLL V5.25.2.0
Dialog DLL:      DCM.DLL V1.17.1.0
Target DLL:      Nu_Link.dll V3.08
Dialog DLL:      TCM.DLL V1.35.1.0
 
<h2>Project:</h2>
D:\Firmware\AXIS\AXIS\Ethercat_MotorControl_Reference_Design\Keil\MotorControl.uvprojx
Project File Date:  05/31/2022

<h2>Output:</h2>
*** Using Compiler 'V5.06 update 6 (build 750)', folder: 'C:\Keil_v5\ARM\ARMCC\Bin'
Rebuild target 'Project'
assembling startup_M480.s...
creating preprocessor file for system_M480.c...
creating preprocessor file for main.c...
creating preprocessor file for acmp.c...
creating preprocessor file for asix_retarget.c...
creating preprocessor file for bpwm.c...
creating preprocessor file for can.c...
creating preprocessor file for ccap.c...
creating preprocessor file for clk.c...
compiling system_M480.c...
creating preprocessor file for crc.c...
compiling acmp.c...
compiling bpwm.c...
compiling can.c...
creating preprocessor file for crypto.c...
compiling asix_retarget.c...
creating preprocessor file for dac.c...
compiling main.c...
creating preprocessor file for eadc.c...
compiling ccap.c...
creating preprocessor file for ebi.c...
creating preprocessor file for ecap.c...
compiling clk.c...
creating preprocessor file for epwm.c...
compiling crc.c...
creating preprocessor file for fmc.c...
creating preprocessor file for gpio.c...
compiling crypto.c...
compiling dac.c...
compiling eadc.c...
creating preprocessor file for hsusbd.c...
compiling ebi.c...
creating preprocessor file for i2c.c...
compiling ecap.c...
creating preprocessor file for i2s.c...
compiling epwm.c...
creating preprocessor file for pdma.c...
creating preprocessor file for qei.c...
compiling fmc.c...
creating preprocessor file for qspi.c...
compiling gpio.c...
compiling hsusbd.c...
creating preprocessor file for rtc.c...
compiling i2c.c...
creating preprocessor file for sc.c...
compiling i2s.c...
creating preprocessor file for scuart.c...
creating preprocessor file for sdh.c...
compiling pdma.c...
compiling qei.c...
creating preprocessor file for spi.c...
creating preprocessor file for spim.c...
compiling qspi.c...
compiling rtc.c...
creating preprocessor file for sys.c...
creating preprocessor file for timer.c...
creating preprocessor file for timer_pwm.c...
compiling sc.c...
compiling scuart.c...
creating preprocessor file for trng.c...
compiling spi.c...
creating preprocessor file for uart.c...
compiling sdh.c...
creating preprocessor file for usbd.c...
compiling spim.c...
creating preprocessor file for usci_i2c.c...
creating preprocessor file for usci_spi.c...
compiling sys.c...
compiling timer.c...
creating preprocessor file for usci_uart.c...
compiling timer_pwm.c...
creating preprocessor file for wdt.c...
compiling uart.c...
compiling trng.c...
creating preprocessor file for wwdt.c...
compiling usci_i2c.c...
compiling usbd.c...
creating preprocessor file for cia402.c...
compiling usci_spi.c...
creating preprocessor file for cia402csp.c...
creating preprocessor file for cia402hm.c...
creating preprocessor file for cia402pp.c...
compiling usci_uart.c...
creating preprocessor file for AX58200_FoeAppl.c...
compiling wdt.c...
compiling wwdt.c...
creating preprocessor file for AX58200_MotorControl.c...
creating preprocessor file for AX58200_Hw.c...
creating preprocessor file for bootmode.c...
compiling cia402.c...
creating preprocessor file for coeappl.c...
compiling cia402csp.c...
compiling cia402hm.c...
compiling cia402pp.c...
creating preprocessor file for ecatappl.c...
creating preprocessor file for ecatcoe.c...
compiling ecatcoe.c...
compiling AX58200_Hw.c...
creating preprocessor file for ecatfoe.c...
compiling AX58200_FoeAppl.c...
compiling AX58200_MotorControl.c...
creating preprocessor file for ecatslv.c...
creating preprocessor file for foeappl.c...
compiling bootmode.c...
creating preprocessor file for mailbox.c...
creating preprocessor file for objdef.c...
creating preprocessor file for sdoserv.c...
compiling coeappl.c...
compiling ecatfoe.c...
compiling ecatappl.c...
creating preprocessor file for mc.c...
compiling foeappl.c...
creating preprocessor file for mc_it.c...
compiling ecatslv.c...
compiling mailbox.c...
creating preprocessor file for mc_math.c...
creating preprocessor file for bus_vol_sensor.c...
creating preprocessor file for curr_fdbk.c...
compiling objdef.c...
creating preprocessor file for das.c...
compiling sdoserv.c...
creating preprocessor file for flash.c...
compiling mc.c...
creating preprocessor file for incremental_fdbk.c...
compiling mc_it.c...
creating preprocessor file for loop_control.c...
creating preprocessor file for pid.c...
compiling mc_math.c...
..\Source\McInterface\mc_math.c(246): warning:  #870-D: invalid multibyte character sequence
  	printf("motor mechanical angleï¼?%d(unit: pulse)\n", delta_ang);
..\Source\McInterface\mc_math.c(258): warning:  #870-D: invalid multibyte character sequence
  	printf("angREL(Encoder pulse)ï¼?%d(unit: pulse)\n", angREL);
..\Source\McInterface\mc_math.c(259): warning:  #870-D: invalid multibyte character sequence
  	printf("iopIDX(Z phase -> Encoder pulse)ï¼?%d(unit: pulse)\n", iopIDX);
..\Source\McInterface\mc_math.c(270): warning:  #870-D: invalid multibyte character sequence
  	printf("motor mechanical angleï¼?%d(unit: degree)\n", delta_ang);
..\Source\McInterface\mc_math.c(272): warning:  #870-D: invalid multibyte character sequence
  	printf("motor electrical angleï¼?%d(unit: degree)\n", delta_ang);
..\Source\McInterface\mc_math.c(288): warning:  #870-D: invalid multibyte character sequence
  	printf("uvwDEGï¼?%d\n", uvwDEG);
..\Source\McInterface\mc_math.c(366): warning:  #870-D: invalid multibyte character sequence
  	printf("iopANG(cur_ang - pre_ang)ï¼?%d(unit: pulse)\n", iopANG);
..\Source\McInterface\mc_math.c(412): warning:  #870-D: invalid multibyte character sequence
      printf("iopRELï¼?%d(unit: pulse)\n", iopREL);
..\Source\McInterface\mc_math.c(416): warning:  #870-D: invalid multibyte character sequence
  	printf("cur_angï¼?%d(iopANG * gain)\n", cur_ang);
..\Source\McInterface\mc_math.c(418): warning:  #870-D: invalid multibyte character sequence
  	printf("delta_angï¼?%d(cur_ang - pre_ang)\n", delta_ang);
..\Source\McInterface\mc_math.c(424): warning:  #870-D: invalid multibyte character sequence
  	printf("spd_sumï¼?%d\n", spd_sum);
..\Source\McInterface\mc_math.c(428): warning:  #870-D: invalid multibyte character sequence
  	printf("iopSPDï¼?%d(unit: pulse)\n", iopSPD);
..\Source\McInterface\mc_math.c: 12 warnings, 0 errors
compiling das.c...
creating preprocessor file for servo_commu.c...
compiling bus_vol_sensor.c...
compiling curr_fdbk.c...
creating preprocessor file for stepper_mode.c...
creating preprocessor file for svpwm.c...
compiling incremental_fdbk.c...
..\Source\McStack\incremental_fdbk.c(95): warning:  #870-D: invalid multibyte character sequence
          printf("iopIDX(Z Phase)ï¼?%d(unit: pulse)\n", iopIDX);
..\Source\McStack\incremental_fdbk.c: 1 warning, 0 errors
compiling flash.c...
creating preprocessor file for sw_protection.c...
compiling loop_control.c...
creating preprocessor file for temp_sensor.c...
compiling pid.c...
creating preprocessor file for trajectory_ctrl.c...
creating preprocessor file for McHal_eadc.c...
creating preprocessor file for McHal_epwm.c...
compiling servo_commu.c...
..\Source\McStack\servo_commu.c(326): warning:  #186-D: pointless comparison of unsigned integer with zero
  			if (c<0 || c>15) 
..\Source\McStack\servo_commu.c(351): warning:  #186-D: pointless comparison of unsigned integer with zero
  			if (c<0 || c>9)  
..\Source\McStack\servo_commu.c: 2 warnings, 0 errors
creating preprocessor file for McHal_gpio.c...
compiling stepper_mode.c...
compiling svpwm.c...
creating preprocessor file for McHal_husb.c...
compiling temp_sensor.c...
creating preprocessor file for McHal_qei.c...
compiling sw_protection.c...
compiling trajectory_ctrl.c...
creating preprocessor file for McHal_tim.c...
compiling McHal_epwm.c...
..\Source\typedef.h(59): warning:  #47-D: incompatible redefinition of macro "TRUE"  (declared at line 607 of "..\Library\Device\Nuvoton\M480\Include\M480.h")
  #define TRUE 1
..\Source\typedef.h(60): warning:  #47-D: incompatible redefinition of macro "FALSE"  (declared at line 611 of "..\Library\Device\Nuvoton\M480\Include\M480.h")
  #define FALSE 0
..\Source\Mchal\McHal_epwm.c: 2 warnings, 0 errors
creating preprocessor file for McHal_misc.c...
compiling McHal_eadc.c...
creating preprocessor file for McHal_vcp_desc.c...
creating preprocessor file for ax_uart.c...
compiling McHal_gpio.c...
creating preprocessor file for clicmd.c...
compiling McHal_husb.c...
..\Source\Mchal\McHal_husb.c(591): warning:  #186-D: pointless comparison of unsigned integer with zero
  			if (c<0 || c>15) 
..\Source\Mchal\McHal_husb.c(617): warning:  #186-D: pointless comparison of unsigned integer with zero
  			if (c<0 || c>9)
..\Source\Mchal\McHal_husb.c: 2 warnings, 0 errors
creating preprocessor file for console.c...
compiling McHal_qei.c...
compiling McHal_tim.c...
creating preprocessor file for printd.c...
creating preprocessor file for test.c...
compiling McHal_misc.c...
compiling McHal_vcp_desc.c...
compiling ax_uart.c...
compiling console.c...
..\Source\Debug\console.c(109): warning:  #550-D: variable "plen"  was set but never used
      unsigned char ulen, plen, i;
..\Source\Debug\console.c: 1 warning, 0 errors
compiling printd.c...
compiling test.c...
compiling clicmd.c...
..\Source\Debug\clicmd.c(3909): warning:  #177-D: variable "pMC"  was declared but never referenced
  	MC_T *pMC = &MotorCtrl;
..\Source\Debug\clicmd.c(3999): warning:  #177-D: variable "tmp8"  was declared but never referenced
  	uint8_t lineNum, dashBoardEnable=0, tmp8;
..\Source\Debug\clicmd.c(4003): warning:  #177-D: variable "pMC"  was declared but never referenced
  	MC_T *pMC = &MotorCtrl;
..\Source\Debug\clicmd.c(293): warning:  #177-D: function "clicmd_DecText2Short"  was declared but never referenced
  static uint8_t clicmd_DecText2Short(uint8_t *pbuf, unsigned short *pValue, uint8_t len)
..\Source\Debug\clicmd.c(328): warning:  #177-D: function "clicmd_HexText2Short"  was declared but never referenced
  static uint8_t clicmd_HexText2Short(uint8_t *pbuf, uint16_t *pValue, uint8_t len)
..\Source\Debug\clicmd.c(492): warning:  #177-D: function "clicmd_ShowMemoryInHex16b"  was declared but never referenced
  static void clicmd_ShowMemoryInHex16b(CONSOLE_Inst *inst, uint16_t *pbuf, uint32_t WordLen)
..\Source\Debug\clicmd.c(1276): warning:  #177-D: function "clicmd_SystemRebootUsage"  was declared but never referenced
  static int clicmd_SystemRebootUsage(CONSOLE_Inst *inst)
..\Source\Debug\clicmd.c(3886): warning:  #177-D: function "clicmd_ShowMcStack"  was declared but never referenced
  static int clicmd_ShowMcStack(CONSOLE_Inst *inst)
..\Source\Debug\clicmd.c: 8 warnings, 0 errors
linking...
Program Size: Code=115792 RO-data=6480 RW-data=6672 ZI-data=86656  
After Build - User command #1: fromelf --bin ".\Objects\AX58200_MotorControl.axf" --output ".\Objects\AX58200_MotorControl.bin"
After Build - User command #2: .\genImages.bat
Generated file ..\For_TwinCAT\Upgrade\AX58200_MotorControl.efw, length 128976
Generated file ..\For_TwinCAT\Upgrade\AX58200_BL60M24D8E00430080_MTMBL60.efw, length 1570
".\Objects\AX58200_MotorControl.axf" - 0 Error(s), 28 Warning(s).

<h2>Software Packages used:</h2>

Package Vendor: ARM
                http://www.keil.com/pack/ARM.CMSIS.5.6.0.pack
                ARM.CMSIS.5.6.0
                CMSIS (Cortex Microcontroller Software Interface Standard)
   * Component: CORE Version: 5.3.0

Package Vendor: Nuvoton
                https://github.com/OpenNuvoton/cmsis-packs/raw/master/Nuvoton.NuMicro_DFP.1.3.13.pack
                Nuvoton.NuMicro_DFP.1.3.13
                Nuvoton ARM Cortex-M NuMicro Family Device Support

<h2>Collection of Component include folders:</h2>
  .\RTE\_Project
  C:\Keil_v5\ARM\PACK\ARM\CMSIS\5.6.0\CMSIS\Core\Include
  C:\Keil_v5\ARM\PACK\Nuvoton\NuMicro_DFP\1.3.13\Device\M480\Include

<h2>Collection of Component Files used:</h2>

   * Component: ARM::CMSIS:CORE:5.3.0
Build Time Elapsed:  00:01:49
</pre>
</body>
</html>
